[0.015s] Invoking command in '/home/kango/musia_ws/build/ldlidar_stl_ros2': CMAKE_PREFIX_PATH=${CMAKE_PREFIX_PATH}:/home/kango/musia_ws/install/musia_tour_manager:/home/kango/musia_ws/install/musia_navigation:/home/kango/musia_ws/install/musia_arduino_bridge:/opt/ros/jazzy /usr/bin/cmake --build /home/kango/musia_ws/build/ldlidar_stl_ros2 -- -j4 -l4
[0.135s] [ 12%] [32mBuilding CXX object CMakeFiles/ldlidar_stl_ros2_node.dir/ldlidar_driver/src/logger/log_module.cpp.o[0m
[0.568s] [ 25%] [32m[1mLinking CXX executable ldlidar_stl_ros2_node[0m
[1.082s] [100%] Built target ldlidar_stl_ros2_node
[1.104s] Invoked command in '/home/kango/musia_ws/build/ldlidar_stl_ros2' returned '0': CMAKE_PREFIX_PATH=${CMAKE_PREFIX_PATH}:/home/kango/musia_ws/install/musia_tour_manager:/home/kango/musia_ws/install/musia_navigation:/home/kango/musia_ws/install/musia_arduino_bridge:/opt/ros/jazzy /usr/bin/cmake --build /home/kango/musia_ws/build/ldlidar_stl_ros2 -- -j4 -l4
[1.124s] Invoking command in '/home/kango/musia_ws/build/ldlidar_stl_ros2': CMAKE_PREFIX_PATH=${CMAKE_PREFIX_PATH}:/home/kango/musia_ws/install/musia_tour_manager:/home/kango/musia_ws/install/musia_navigation:/home/kango/musia_ws/install/musia_arduino_bridge:/opt/ros/jazzy /usr/bin/cmake --install /home/kango/musia_ws/build/ldlidar_stl_ros2
[1.140s] -- Install configuration: ""
[1.140s] -- Installing: /home/kango/musia_ws/install/ldlidar_stl_ros2/lib/ldlidar_stl_ros2/ldlidar_stl_ros2_node
[1.142s] -- Set non-toolchain portion of runtime path of "/home/kango/musia_ws/install/ldlidar_stl_ros2/lib/ldlidar_stl_ros2/ldlidar_stl_ros2_node" to ""
[1.143s] -- Installing: /home/kango/musia_ws/install/ldlidar_stl_ros2/share/ldlidar_stl_ros2//launch
[1.143s] -- Installing: /home/kango/musia_ws/install/ldlidar_stl_ros2/share/ldlidar_stl_ros2//launch/ld06.launch.py
[1.143s] -- Installing: /home/kango/musia_ws/install/ldlidar_stl_ros2/share/ldlidar_stl_ros2//launch/ld19.launch.py
[1.143s] -- Installing: /home/kango/musia_ws/install/ldlidar_stl_ros2/share/ldlidar_stl_ros2//launch/viewer_ld06.launch.py
[1.144s] -- Installing: /home/kango/musia_ws/install/ldlidar_stl_ros2/share/ldlidar_stl_ros2//launch/viewer_stl27l.launch.py
[1.144s] -- Installing: /home/kango/musia_ws/install/ldlidar_stl_ros2/share/ldlidar_stl_ros2//launch/stl27l.launch.py
[1.144s] -- Installing: /home/kango/musia_ws/install/ldlidar_stl_ros2/share/ldlidar_stl_ros2//launch/viewer_ld19.launch.py
[1.144s] -- Installing: /home/kango/musia_ws/install/ldlidar_stl_ros2/share/ldlidar_stl_ros2//rviz2
[1.144s] -- Installing: /home/kango/musia_ws/install/ldlidar_stl_ros2/share/ldlidar_stl_ros2//rviz2/ldlidar.rviz
[1.144s] -- Installing: /home/kango/musia_ws/install/ldlidar_stl_ros2/share/ament_index/resource_index/package_run_dependencies/ldlidar_stl_ros2
[1.145s] -- Installing: /home/kango/musia_ws/install/ldlidar_stl_ros2/share/ament_index/resource_index/parent_prefix_path/ldlidar_stl_ros2
[1.145s] -- Installing: /home/kango/musia_ws/install/ldlidar_stl_ros2/share/ldlidar_stl_ros2/environment/ament_prefix_path.sh
[1.145s] -- Installing: /home/kango/musia_ws/install/ldlidar_stl_ros2/share/ldlidar_stl_ros2/environment/ament_prefix_path.dsv
[1.145s] -- Installing: /home/kango/musia_ws/install/ldlidar_stl_ros2/share/ldlidar_stl_ros2/environment/path.sh
[1.145s] -- Installing: /home/kango/musia_ws/install/ldlidar_stl_ros2/share/ldlidar_stl_ros2/environment/path.dsv
[1.146s] -- Installing: /home/kango/musia_ws/install/ldlidar_stl_ros2/share/ldlidar_stl_ros2/local_setup.bash
[1.146s] -- Installing: /home/kango/musia_ws/install/ldlidar_stl_ros2/share/ldlidar_stl_ros2/local_setup.sh
[1.146s] -- Installing: /home/kango/musia_ws/install/ldlidar_stl_ros2/share/ldlidar_stl_ros2/local_setup.zsh
[1.146s] -- Installing: /home/kango/musia_ws/install/ldlidar_stl_ros2/share/ldlidar_stl_ros2/local_setup.dsv
[1.146s] -- Installing: /home/kango/musia_ws/install/ldlidar_stl_ros2/share/ldlidar_stl_ros2/package.dsv
[1.146s] -- Installing: /home/kango/musia_ws/install/ldlidar_stl_ros2/share/ament_index/resource_index/packages/ldlidar_stl_ros2
[1.147s] -- Installing: /home/kango/musia_ws/install/ldlidar_stl_ros2/share/ldlidar_stl_ros2/cmake/ldlidar_stl_ros2Config.cmake
[1.147s] -- Installing: /home/kango/musia_ws/install/ldlidar_stl_ros2/share/ldlidar_stl_ros2/cmake/ldlidar_stl_ros2Config-version.cmake
[1.147s] -- Installing: /home/kango/musia_ws/install/ldlidar_stl_ros2/share/ldlidar_stl_ros2/package.xml
[1.150s] Invoked command in '/home/kango/musia_ws/build/ldlidar_stl_ros2' returned '0': CMAKE_PREFIX_PATH=${CMAKE_PREFIX_PATH}:/home/kango/musia_ws/install/musia_tour_manager:/home/kango/musia_ws/install/musia_navigation:/home/kango/musia_ws/install/musia_arduino_bridge:/opt/ros/jazzy /usr/bin/cmake --install /home/kango/musia_ws/build/ldlidar_stl_ros2
