[1.080s] Invoking command in '/home/kango/musia_ws/src/musia_tour_manager': PYTHONPATH=/home/kango/musia_ws/build/musia_tour_manager/prefix_override:/usr/lib/python3/dist-packages/colcon_core/task/python/colcon_distutils_commands:/home/kango/musia_ws/install/musia_tour_manager/lib/python3.12/site-packages:/home/kango/musia_ws/install/musia_msgs/lib/python3.12/site-packages:/home/kango/musia_ws/install/musia_tour_manager/lib/python3.12/site-packages:/home/kango/musia_ws/install/musia_bringup/lib/python3.12/site-packages:/opt/ros/jazzy/lib/python3.12/site-packages /usr/bin/python3 -W ignore:setup.py install is deprecated -W ignore:easy_install command is deprecated setup.py egg_info --egg-base ../../build/musia_tour_manager build --build-base /home/kango/musia_ws/build/musia_tour_manager/build install --record /home/kango/musia_ws/build/musia_tour_manager/install.log --single-version-externally-managed install_data
[1.399s] running egg_info
[1.420s] writing ../../build/musia_tour_manager/musia_tour_manager.egg-info/PKG-INFO
[1.421s] writing dependency_links to ../../build/musia_tour_manager/musia_tour_manager.egg-info/dependency_links.txt
[1.421s] writing entry points to ../../build/musia_tour_manager/musia_tour_manager.egg-info/entry_points.txt
[1.422s] writing requirements to ../../build/musia_tour_manager/musia_tour_manager.egg-info/requires.txt
[1.423s] writing top-level names to ../../build/musia_tour_manager/musia_tour_manager.egg-info/top_level.txt
[1.468s] reading manifest file '../../build/musia_tour_manager/musia_tour_manager.egg-info/SOURCES.txt'
[1.469s] writing manifest file '../../build/musia_tour_manager/musia_tour_manager.egg-info/SOURCES.txt'
[1.469s] running build
[1.469s] running build_py
[1.469s] copying musia_tour_manager/states.py -> /home/kango/musia_ws/build/musia_tour_manager/build/lib/musia_tour_manager
[1.470s] copying musia_tour_manager/__init__.py -> /home/kango/musia_ws/build/musia_tour_manager/build/lib/musia_tour_manager
[1.470s] copying musia_tour_manager/test_states.py -> /home/kango/musia_ws/build/musia_tour_manager/build/lib/musia_tour_manager
[1.470s] copying musia_tour_manager/tour_manager_node.py -> /home/kango/musia_ws/build/musia_tour_manager/build/lib/musia_tour_manager
[1.470s] running install
[1.479s] running install_lib
[1.501s] copying /home/kango/musia_ws/build/musia_tour_manager/build/lib/musia_tour_manager/states.py -> /home/kango/musia_ws/install/musia_tour_manager/lib/python3.12/site-packages/musia_tour_manager
[1.501s] copying /home/kango/musia_ws/build/musia_tour_manager/build/lib/musia_tour_manager/__init__.py -> /home/kango/musia_ws/install/musia_tour_manager/lib/python3.12/site-packages/musia_tour_manager
[1.502s] copying /home/kango/musia_ws/build/musia_tour_manager/build/lib/musia_tour_manager/test_states.py -> /home/kango/musia_ws/install/musia_tour_manager/lib/python3.12/site-packages/musia_tour_manager
[1.502s] copying /home/kango/musia_ws/build/musia_tour_manager/build/lib/musia_tour_manager/tour_manager_node.py -> /home/kango/musia_ws/install/musia_tour_manager/lib/python3.12/site-packages/musia_tour_manager
[1.503s] byte-compiling /home/kango/musia_ws/install/musia_tour_manager/lib/python3.12/site-packages/musia_tour_manager/states.py to states.cpython-312.pyc
[1.503s] byte-compiling /home/kango/musia_ws/install/musia_tour_manager/lib/python3.12/site-packages/musia_tour_manager/__init__.py to __init__.cpython-312.pyc
[1.504s] byte-compiling /home/kango/musia_ws/install/musia_tour_manager/lib/python3.12/site-packages/musia_tour_manager/test_states.py to test_states.cpython-312.pyc
[1.506s] byte-compiling /home/kango/musia_ws/install/musia_tour_manager/lib/python3.12/site-packages/musia_tour_manager/tour_manager_node.py to tour_manager_node.cpython-312.pyc
[1.511s] running install_data
[1.511s] copying package.xml -> /home/kango/musia_ws/install/musia_tour_manager/share/musia_tour_manager
[1.511s] running install_egg_info
[1.535s] removing '/home/kango/musia_ws/install/musia_tour_manager/lib/python3.12/site-packages/musia_tour_manager-0.1.0-py3.12.egg-info' (and everything under it)
[1.535s] Copying ../../build/musia_tour_manager/musia_tour_manager.egg-info to /home/kango/musia_ws/install/musia_tour_manager/lib/python3.12/site-packages/musia_tour_manager-0.1.0-py3.12.egg-info
[1.536s] running install_scripts
[1.690s] Installing tour_manager_node script to /home/kango/musia_ws/install/musia_tour_manager/bin
[1.691s] writing list of installed files to '/home/kango/musia_ws/build/musia_tour_manager/install.log'
[1.767s] Invoked command in '/home/kango/musia_ws/src/musia_tour_manager' returned '0': PYTHONPATH=/home/kango/musia_ws/build/musia_tour_manager/prefix_override:/usr/lib/python3/dist-packages/colcon_core/task/python/colcon_distutils_commands:/home/kango/musia_ws/install/musia_tour_manager/lib/python3.12/site-packages:/home/kango/musia_ws/install/musia_msgs/lib/python3.12/site-packages:/home/kango/musia_ws/install/musia_tour_manager/lib/python3.12/site-packages:/home/kango/musia_ws/install/musia_bringup/lib/python3.12/site-packages:/opt/ros/jazzy/lib/python3.12/site-packages /usr/bin/python3 -W ignore:setup.py install is deprecated -W ignore:easy_install command is deprecated setup.py egg_info --egg-base ../../build/musia_tour_manager build --build-base /home/kango/musia_ws/build/musia_tour_manager/build install --record /home/kango/musia_ws/build/musia_tour_manager/install.log --single-version-externally-managed install_data
