[0.014s] Invoking command in '/home/kango/musia_ws/build/sllidar_ros2': CMAKE_PREFIX_PATH=${CMAKE_PREFIX_PATH}:/home/kango/musia_ws/install/musia_navigation:/home/kango/musia_ws/src/musia_navigation/install/musia_navigation:/home/kango/musia_ws/install/musia_tour_manager:/home/kango/musia_ws/install/musia_arduino_bridge:/opt/ros/jazzy /usr/bin/cmake /home/kango/musia_ws/src/sllidar_ros2 -DCMAKE_INSTALL_PREFIX=/home/kango/musia_ws/install/sllidar_ros2
[0.115s] -- The C compiler identification is GNU 13.3.0
[0.213s] -- The CXX compiler identification is GNU 13.3.0
[0.241s] -- Detecting C compiler ABI info
[0.406s] -- Detecting C compiler ABI info - done
[0.421s] -- Check for working C compiler: /usr/bin/cc - skipped
[0.421s] -- Detecting C compile features
[0.422s] -- Detecting C compile features - done
[0.436s] -- Detecting CXX compiler ABI info
[0.611s] -- Detecting CXX compiler ABI info - done
[0.626s] -- Check for working CXX compiler: /usr/bin/c++ - skipped
[0.627s] -- Detecting CXX compile features
[0.627s] -- Detecting CXX compile features - done
[0.635s] -- Found ament_cmake: 2.5.6 (/opt/ros/jazzy/share/ament_cmake/cmake)
[0.882s] -- Found Python3: /usr/bin/python3 (found version "3.12.3") found components: Interpreter 
[1.093s] -- Found rclcpp: 28.1.18 (/opt/ros/jazzy/share/rclcpp/cmake)
[1.178s] -- Found rosidl_generator_c: 4.6.7 (/opt/ros/jazzy/share/rosidl_generator_c/cmake)
[1.208s] -- Found rosidl_generator_cpp: 4.6.7 (/opt/ros/jazzy/share/rosidl_generator_cpp/cmake)
[1.241s] -- Using all available rosidl_typesupport_c: rosidl_typesupport_fastrtps_c;rosidl_typesupport_introspection_c
[1.276s] -- Using all available rosidl_typesupport_cpp: rosidl_typesupport_fastrtps_cpp;rosidl_typesupport_introspection_cpp
[1.435s] -- Found rmw_implementation_cmake: 7.3.3 (/opt/ros/jazzy/share/rmw_implementation_cmake/cmake)
[1.445s] -- Found rmw_fastrtps_cpp: 8.4.3 (/opt/ros/jazzy/share/rmw_fastrtps_cpp/cmake)
[1.635s] -- Found OpenSSL: /usr/lib/aarch64-linux-gnu/libcrypto.so (found version "3.0.13")  
[1.666s] -- Found FastRTPS: /opt/ros/jazzy/include (Required is at least version "2.13") 
[1.702s] -- Using RMW implementation 'rmw_fastrtps_cpp' as default
[1.857s] -- Found sensor_msgs: 5.3.7 (/opt/ros/jazzy/share/sensor_msgs/cmake)
[1.953s] -- Found std_srvs: 5.3.7 (/opt/ros/jazzy/share/std_srvs/cmake)
[2.139s] -- Configuring done (2.1s)
[2.166s] -- Generating done (0.0s)
[2.174s] -- Build files have been written to: /home/kango/musia_ws/build/sllidar_ros2
[2.193s] Invoked command in '/home/kango/musia_ws/build/sllidar_ros2' returned '0': CMAKE_PREFIX_PATH=${CMAKE_PREFIX_PATH}:/home/kango/musia_ws/install/musia_navigation:/home/kango/musia_ws/src/musia_navigation/install/musia_navigation:/home/kango/musia_ws/install/musia_tour_manager:/home/kango/musia_ws/install/musia_arduino_bridge:/opt/ros/jazzy /usr/bin/cmake /home/kango/musia_ws/src/sllidar_ros2 -DCMAKE_INSTALL_PREFIX=/home/kango/musia_ws/install/sllidar_ros2
[2.195s] Invoking command in '/home/kango/musia_ws/build/sllidar_ros2': CMAKE_PREFIX_PATH=${CMAKE_PREFIX_PATH}:/home/kango/musia_ws/install/musia_navigation:/home/kango/musia_ws/src/musia_navigation/install/musia_navigation:/home/kango/musia_ws/install/musia_tour_manager:/home/kango/musia_ws/install/musia_arduino_bridge:/opt/ros/jazzy /usr/bin/cmake --build /home/kango/musia_ws/build/sllidar_ros2 -- -j4 -l4
[2.295s] [ 15%] [32mBuilding CXX object CMakeFiles/sllidar_node.dir/sdk/src/arch/linux/net_serial.cpp.o[0m
[2.295s] [ 15%] [32mBuilding CXX object CMakeFiles/sllidar_node.dir/src/sllidar_node.cpp.o[0m
[2.295s] [ 15%] [32mBuilding CXX object CMakeFiles/sllidar_node.dir/sdk/src/arch/linux/net_socket.cpp.o[0m
[2.295s] [ 20%] [32mBuilding CXX object CMakeFiles/sllidar_client.dir/src/sllidar_client.cpp.o[0m
[3.056s] [01m[K/home/kango/musia_ws/src/sllidar_ros2/sdk/src/arch/linux/net_serial.cpp:[m[K In member function ‘[01m[Kbool rp::arch::net::raw_serial::[01;32m[Kopen[m[K(const char*, uint32_t, uint32_t)[m[K’:
[3.057s] [01m[K/home/kango/musia_ws/src/sllidar_ros2/sdk/src/arch/linux/net_serial.cpp:97:74:[m[K [01;35m[Kwarning: [m[Kunused parameter ‘[01m[Kflags[m[K’ [[01;35m[K-Wunused-parameter[m[K]
[3.057s]    97 | bool raw_serial::open(const char * portname, uint32_t baudrate, [01;35m[Kuint32_t flags[m[K)
[3.057s]       |                                                                 [01;35m[K~~~~~~~~~^~~~~[m[K
[3.059s] [01m[K/home/kango/musia_ws/src/sllidar_ros2/sdk/src/arch/linux/net_serial.cpp:[m[K In member function ‘[01m[Kvirtual void rp::arch::net::raw_serial::[01;32m[Kflush[m[K(_u32)[m[K’:
[3.059s] [01m[K/home/kango/musia_ws/src/sllidar_ros2/sdk/src/arch/linux/net_serial.cpp:281:30:[m[K [01;35m[Kwarning: [m[Kunused parameter ‘[01m[Kflags[m[K’ [[01;35m[K-Wunused-parameter[m[K]
[3.059s]   281 | void raw_serial::flush( [01;35m[K_u32 flags[m[K)
[3.059s]       |                         [01;35m[K~~~~~^~~~~[m[K
[3.059s] [01m[K/home/kango/musia_ws/src/sllidar_ros2/sdk/src/arch/linux/net_serial.cpp:[m[K In member function ‘[01m[Kvirtual int rp::arch::net::raw_serial::[01;32m[Kwaitforsent[m[K(_u32, size_t*)[m[K’:
[3.060s] [01m[K/home/kango/musia_ws/src/sllidar_ros2/sdk/src/arch/linux/net_serial.cpp:286:34:[m[K [01;35m[Kwarning: [m[Kunused parameter ‘[01m[Ktimeout[m[K’ [[01;35m[K-Wunused-parameter[m[K]
[3.060s]   286 | int raw_serial::waitforsent([01;35m[K_u32 timeout[m[K, size_t * returned_size)
[3.060s]       |                             [01;35m[K~~~~~^~~~~~~[m[K
[3.060s] [01m[K/home/kango/musia_ws/src/sllidar_ros2/sdk/src/arch/linux/net_serial.cpp:[m[K In member function ‘[01m[Kvirtual int rp::arch::net::raw_serial::[01;32m[Kwaitforrecv[m[K(_u32, size_t*)[m[K’:
[3.060s] [01m[K/home/kango/musia_ws/src/sllidar_ros2/sdk/src/arch/linux/net_serial.cpp:292:34:[m[K [01;35m[Kwarning: [m[Kunused parameter ‘[01m[Ktimeout[m[K’ [[01;35m[K-Wunused-parameter[m[K]
[3.060s]   292 | int raw_serial::waitforrecv([01;35m[K_u32 timeout[m[K, size_t * returned_size)
[3.060s]       |                             [01;35m[K~~~~~^~~~~~~[m[K
[3.066s] [01m[K/home/kango/musia_ws/src/sllidar_ros2/sdk/src/arch/linux/net_serial.cpp:[m[K In member function ‘[01m[Kvirtual void rp::arch::net::raw_serial::[01;32m[KcancelOperation[m[K()[m[K’:
[3.067s] [01m[K/home/kango/musia_ws/src/sllidar_ros2/sdk/src/arch/linux/net_serial.cpp:427:5:[m[K [01;35m[Kwarning: [m[Kvalue computed is not used [[01;35m[K-Wunused-value[m[K]
[3.067s]   427 |     [01;35m[K(int)::write(_selfpipe[1], "x", 1)[m[K;
[3.067s]       |     [01;35m[K^~~~~~~~~~~~~~~~~~~~~~~~~~~~~~~~~~[m[K
[3.108s] In file included from [01m[K/home/kango/musia_ws/src/sllidar_ros2/./sdk/include/rplidar_protocol.h:36[m[K,
[3.109s]                  from [01m[K/home/kango/musia_ws/src/sllidar_ros2/./sdk/include/rplidar.h:39[m[K,
[3.109s]                  from [01m[K/home/kango/musia_ws/src/sllidar_ros2/./sdk/src/sdkcommon.h:49[m[K,
[3.109s]                  from [01m[K/home/kango/musia_ws/src/sllidar_ros2/sdk/src/arch/linux/net_socket.cpp:10[m[K:
[3.109s] [01m[K/home/kango/musia_ws/src/sllidar_ros2/./sdk/include/sl_lidar_protocol.h:66:16:[m[K [01;35m[Kwarning: [m[KISO C++ forbids zero-size array ‘[01m[Kdata[m[K’ [[01;35m[K-Wpedantic[m[K]
[3.109s]    66 |     sl_u8 data[[01;35m[K0[m[K];
[3.109s]       |                [01;35m[K^[m[K
[3.110s] In file included from [01m[K/home/kango/musia_ws/src/sllidar_ros2/./sdk/include/rplidar_cmd.h:36[m[K,
[3.110s]                  from [01m[K/home/kango/musia_ws/src/sllidar_ros2/./sdk/include/rplidar.h:40[m[K:
[3.110s] [01m[K/home/kango/musia_ws/src/sllidar_ros2/./sdk/include/sl_lidar_cmd.h:324:20:[m[K [01;35m[Kwarning: [m[KISO C++ forbids zero-size array ‘[01m[Kpayload[m[K’ [[01;35m[K-Wpedantic[m[K]
[3.110s]   324 |     sl_u8  payload[[01;35m[K0[m[K];
[3.110s]       |                    [01;35m[K^[m[K
[3.181s] In file included from [01m[K/home/kango/musia_ws/src/sllidar_ros2/./sdk/src/arch/linux/arch_linux.h:42[m[K,
[3.182s]                  from [01m[K/home/kango/musia_ws/src/sllidar_ros2/./sdk/src/sdkcommon.h:41[m[K:
[3.182s] [01m[K/home/kango/musia_ws/src/sllidar_ros2/sdk/src/arch/linux/net_socket.cpp:[m[K In member function ‘[01m[Kvirtual u_result rp::arch::net::DGramSocketImpl::[01;32m[KsendTo[m[K(const rp::net::SocketAddress*, const void*, size_t)[m[K’:
[3.182s] [01m[K/home/kango/musia_ws/src/sllidar_ros2/sdk/src/arch/linux/net_socket.cpp:733:24:[m[K [01;35m[Kwarning: [m[Kcomparison of integer expressions of different signedness: ‘[01m[Kint[m[K’ and ‘[01m[Ksize_t[m[K’ {aka ‘[01m[Klong unsigned int[m[K’} [[01;35m[K-Wsign-compare[m[K]
[3.182s]   733 |             assert([01;35m[Kans == len[m[K);
[3.182s]       |                    [01;35m[K~~~~^~~~~~[m[K
[3.268s] [ 25%] [32mBuilding CXX object CMakeFiles/sllidar_node.dir/sdk/src/arch/linux/timer.cpp.o[0m
[3.561s] [ 30%] [32mBuilding CXX object CMakeFiles/sllidar_node.dir/sdk/src/dataunpacker/dataunpacker.cpp.o[0m
[4.192s] [ 35%] [32mBuilding CXX object CMakeFiles/sllidar_node.dir/sdk/src/dataunpacker/unpacker/handler_capsules.cpp.o[0m
[4.357s] In file included from [01m[K/home/kango/musia_ws/src/sllidar_ros2/./sdk/include/rplidar_protocol.h:36[m[K,
[4.357s]                  from [01m[K/home/kango/musia_ws/src/sllidar_ros2/./sdk/include/rplidar.h:39[m[K,
[4.357s]                  from [01m[K/home/kango/musia_ws/src/sllidar_ros2/./sdk/src/sdkcommon.h:49[m[K,
[4.360s]                  from [01m[K/home/kango/musia_ws/src/sllidar_ros2/sdk/src/dataunpacker/dataunnpacker_commondef.h:41[m[K,
[4.361s]                  from [01m[K/home/kango/musia_ws/src/sllidar_ros2/sdk/src/dataunpacker/dataunpacker.cpp:39[m[K:
[4.361s] [01m[K/home/kango/musia_ws/src/sllidar_ros2/./sdk/include/sl_lidar_protocol.h:66:16:[m[K [01;35m[Kwarning: [m[KISO C++ forbids zero-size array ‘[01m[Kdata[m[K’ [[01;35m[K-Wpedantic[m[K]
[4.361s]    66 |     sl_u8 data[[01;35m[K0[m[K];
[4.361s]       |                [01;35m[K^[m[K
[4.361s] In file included from [01m[K/home/kango/musia_ws/src/sllidar_ros2/./sdk/include/rplidar_cmd.h:36[m[K,
[4.361s]                  from [01m[K/home/kango/musia_ws/src/sllidar_ros2/./sdk/include/rplidar.h:40[m[K:
[4.361s] [01m[K/home/kango/musia_ws/src/sllidar_ros2/./sdk/include/sl_lidar_cmd.h:324:20:[m[K [01;35m[Kwarning: [m[KISO C++ forbids zero-size array ‘[01m[Kpayload[m[K’ [[01;35m[K-Wpedantic[m[K]
[4.362s]   324 |     sl_u8  payload[[01;35m[K0[m[K];
[4.362s]       |                    [01;35m[K^[m[K
[4.544s] In file included from [01m[K/home/kango/musia_ws/src/sllidar_ros2/sdk/src/dataunpacker/dataunpacker.cpp:40[m[K:
[4.545s] [01m[K/home/kango/musia_ws/src/sllidar_ros2/sdk/src/dataunpacker/dataunpacker.h:[m[K In member function ‘[01m[Kvirtual void sl::internal::LIDARSampleDataListener::[01;32m[KonCustomSampleDataDecoded[m[K(_u8, _u32, const void*, size_t)[m[K’:
[4.545s] [01m[K/home/kango/musia_ws/src/sllidar_ros2/sdk/src/dataunpacker/dataunpacker.h:54:52:[m[K [01;35m[Kwarning: [m[Kunused parameter ‘[01m[KansType[m[K’ [[01;35m[K-Wunused-parameter[m[K]
[4.545s]    54 |         virtual void onCustomSampleDataDecoded([01;35m[K_u8 ansType[m[K, _u32 customCode, const void* data, size_t size) {}
[4.545s]       |                                                [01;35m[K~~~~^~~~~~~[m[K
[4.553s] [01m[K/home/kango/musia_ws/src/sllidar_ros2/sdk/src/dataunpacker/dataunpacker.h:54:66:[m[K [01;35m[Kwarning: [m[Kunused parameter ‘[01m[KcustomCode[m[K’ [[01;35m[K-Wunused-parameter[m[K]
[4.553s]    54 |         virtual void onCustomSampleDataDecoded(_u8 ansType, [01;35m[K_u32 customCode[m[K, const void* data, size_t size) {}
[4.553s]       |                                                             [01;35m[K~~~~~^~~~~~~~~~[m[K
[4.554s] [01m[K/home/kango/musia_ws/src/sllidar_ros2/sdk/src/dataunpacker/dataunpacker.h:54:90:[m[K [01;35m[Kwarning: [m[Kunused parameter ‘[01m[Kdata[m[K’ [[01;35m[K-Wunused-parameter[m[K]
[4.554s]    54 |         virtual void onCustomSampleDataDecoded(_u8 ansType, _u32 customCode, [01;35m[Kconst void* data[m[K, size_t size) {}
[4.554s]       |                                                                              [01;35m[K~~~~~~~~~~~~^~~~[m[K
[4.554s] [01m[K/home/kango/musia_ws/src/sllidar_ros2/sdk/src/dataunpacker/dataunpacker.h:54:103:[m[K [01;35m[Kwarning: [m[Kunused parameter ‘[01m[Ksize[m[K’ [[01;35m[K-Wunused-parameter[m[K]
[4.554s]    54 |         virtual void onCustomSampleDataDecoded(_u8 ansType, _u32 customCode, const void* data, [01;35m[Ksize_t size[m[K) {}
[4.554s]       |                                                                                                [01;35m[K~~~~~~~^~~~[m[K
[4.554s] [01m[K/home/kango/musia_ws/src/sllidar_ros2/sdk/src/dataunpacker/dataunpacker.h:[m[K In member function ‘[01m[Kvirtual void sl::internal::LIDARSampleDataListener::[01;32m[KonDecodingError[m[K(int, _u8, const void*, size_t)[m[K’:
[4.555s] [01m[K/home/kango/musia_ws/src/sllidar_ros2/sdk/src/dataunpacker/dataunpacker.h:56:42:[m[K [01;35m[Kwarning: [m[Kunused parameter ‘[01m[KerrMsg[m[K’ [[01;35m[K-Wunused-parameter[m[K]
[4.555s]    56 |         virtual void onDecodingError([01;35m[Kint errMsg[m[K, _u8 ansType, const void* payload, size_t size) {}
[4.555s]       |                                      [01;35m[K~~~~^~~~~~[m[K
[4.555s] [01m[K/home/kango/musia_ws/src/sllidar_ros2/sdk/src/dataunpacker/dataunpacker.h:56:54:[m[K [01;35m[Kwarning: [m[Kunused parameter ‘[01m[KansType[m[K’ [[01;35m[K-Wunused-parameter[m[K]
[4.559s]    56 |         virtual void onDecodingError(int errMsg, [01;35m[K_u8 ansType[m[K, const void* payload, size_t size) {}
[4.559s]       |                                                  [01;35m[K~~~~^~~~~~~[m[K
[4.559s] [01m[K/home/kango/musia_ws/src/sllidar_ros2/sdk/src/dataunpacker/dataunpacker.h:56:75:[m[K [01;35m[Kwarning: [m[Kunused parameter ‘[01m[Kpayload[m[K’ [[01;35m[K-Wunused-parameter[m[K]
[4.559s]    56 |         virtual void onDecodingError(int errMsg, _u8 ansType, [01;35m[Kconst void* payload[m[K, size_t size) {}
[4.560s]       |                                                               [01;35m[K~~~~~~~~~~~~^~~~~~~[m[K
[4.560s] [01m[K/home/kango/musia_ws/src/sllidar_ros2/sdk/src/dataunpacker/dataunpacker.h:56:91:[m[K [01;35m[Kwarning: [m[Kunused parameter ‘[01m[Ksize[m[K’ [[01;35m[K-Wunused-parameter[m[K]
[4.560s]    56 |         virtual void onDecodingError(int errMsg, _u8 ansType, const void* payload, [01;35m[Ksize_t size[m[K) {}
[4.560s]       |                                                                                    [01;35m[K~~~~~~~^~~~[m[K
[4.984s] [ 40%] [32mBuilding CXX object CMakeFiles/sllidar_node.dir/sdk/src/dataunpacker/unpacker/handler_hqnode.cpp.o[0m
[5.005s] In file included from [01m[K/home/kango/musia_ws/src/sllidar_ros2/./sdk/include/rplidar_protocol.h:36[m[K,
[5.006s]                  from [01m[K/home/kango/musia_ws/src/sllidar_ros2/./sdk/include/rplidar.h:39[m[K,
[5.006s]                  from [01m[K/home/kango/musia_ws/src/sllidar_ros2/./sdk/src/sdkcommon.h:49[m[K,
[5.006s]                  from [01m[K/home/kango/musia_ws/src/sllidar_ros2/sdk/src/dataunpacker/unpacker/../dataunnpacker_commondef.h:41[m[K,
[5.006s]                  from [01m[K/home/kango/musia_ws/src/sllidar_ros2/sdk/src/dataunpacker/unpacker/handler_capsules.cpp:39[m[K:
[5.006s] [01m[K/home/kango/musia_ws/src/sllidar_ros2/./sdk/include/sl_lidar_protocol.h:66:16:[m[K [01;35m[Kwarning: [m[KISO C++ forbids zero-size array ‘[01m[Kdata[m[K’ [[01;35m[K-Wpedantic[m[K]
[5.006s]    66 |     sl_u8 data[[01;35m[K0[m[K];
[5.006s]       |                [01;35m[K^[m[K
[5.006s] In file included from [01m[K/home/kango/musia_ws/src/sllidar_ros2/./sdk/include/rplidar_cmd.h:36[m[K,
[5.006s]                  from [01m[K/home/kango/musia_ws/src/sllidar_ros2/./sdk/include/rplidar.h:40[m[K:
[5.006s] [01m[K/home/kango/musia_ws/src/sllidar_ros2/./sdk/include/sl_lidar_cmd.h:324:20:[m[K [01;35m[Kwarning: [m[KISO C++ forbids zero-size array ‘[01m[Kpayload[m[K’ [[01;35m[K-Wpedantic[m[K]
[5.007s]   324 |     sl_u8  payload[[01;35m[K0[m[K];
[5.007s]       |                    [01;35m[K^[m[K
[5.172s] In file included from [01m[K/home/kango/musia_ws/src/sllidar_ros2/sdk/src/dataunpacker/unpacker/handler_capsules.cpp:40[m[K:
[5.173s] [01m[K/home/kango/musia_ws/src/sllidar_ros2/sdk/src/dataunpacker/unpacker/../dataunpacker.h:[m[K In member function ‘[01m[Kvirtual void sl::internal::LIDARSampleDataListener::[01;32m[KonCustomSampleDataDecoded[m[K(_u8, _u32, const void*, size_t)[m[K’:
[5.173s] [01m[K/home/kango/musia_ws/src/sllidar_ros2/sdk/src/dataunpacker/unpacker/../dataunpacker.h:54:52:[m[K [01;35m[Kwarning: [m[Kunused parameter ‘[01m[KansType[m[K’ [[01;35m[K-Wunused-parameter[m[K]
[5.173s]    54 |         virtual void onCustomSampleDataDecoded([01;35m[K_u8 ansType[m[K, _u32 customCode, const void* data, size_t size) {}
[5.173s]       |                                                [01;35m[K~~~~^~~~~~~[m[K
[5.173s] [01m[K/home/kango/musia_ws/src/sllidar_ros2/sdk/src/dataunpacker/unpacker/../dataunpacker.h:54:66:[m[K [01;35m[Kwarning: [m[Kunused parameter ‘[01m[KcustomCode[m[K’ [[01;35m[K-Wunused-parameter[m[K]
[5.173s]    54 |         virtual void onCustomSampleDataDecoded(_u8 ansType, [01;35m[K_u32 customCode[m[K, const void* data, size_t size) {}
[5.173s]       |                                                             [01;35m[K~~~~~^~~~~~~~~~[m[K
[5.173s] [01m[K/home/kango/musia_ws/src/sllidar_ros2/sdk/src/dataunpacker/unpacker/../dataunpacker.h:54:90:[m[K [01;35m[Kwarning: [m[Kunused parameter ‘[01m[Kdata[m[K’ [[01;35m[K-Wunused-parameter[m[K]
[5.173s]    54 |         virtual void onCustomSampleDataDecoded(_u8 ansType, _u32 customCode, [01;35m[Kconst void* data[m[K, size_t size) {}
[5.173s]       |                                                                              [01;35m[K~~~~~~~~~~~~^~~~[m[K
[5.174s] [01m[K/home/kango/musia_ws/src/sllidar_ros2/sdk/src/dataunpacker/unpacker/../dataunpacker.h:54:103:[m[K [01;35m[Kwarning: [m[Kunused parameter ‘[01m[Ksize[m[K’ [[01;35m[K-Wunused-parameter[m[K]
[5.174s]    54 |         virtual void onCustomSampleDataDecoded(_u8 ansType, _u32 customCode, const void* data, [01;35m[Ksize_t size[m[K) {}
[5.174s]       |                                                                                                [01;35m[K~~~~~~~^~~~[m[K
[5.174s] [01m[K/home/kango/musia_ws/src/sllidar_ros2/sdk/src/dataunpacker/unpacker/../dataunpacker.h:[m[K In member function ‘[01m[Kvirtual void sl::internal::LIDARSampleDataListener::[01;32m[KonDecodingError[m[K(int, _u8, const void*, size_t)[m[K’:
[5.174s] [01m[K/home/kango/musia_ws/src/sllidar_ros2/sdk/src/dataunpacker/unpacker/../dataunpacker.h:56:42:[m[K [01;35m[Kwarning: [m[Kunused parameter ‘[01m[KerrMsg[m[K’ [[01;35m[K-Wunused-parameter[m[K]
[5.174s]    56 |         virtual void onDecodingError([01;35m[Kint errMsg[m[K, _u8 ansType, const void* payload, size_t size) {}
[5.174s]       |                                      [01;35m[K~~~~^~~~~~[m[K
[5.174s] [01m[K/home/kango/musia_ws/src/sllidar_ros2/sdk/src/dataunpacker/unpacker/../dataunpacker.h:56:54:[m[K [01;35m[Kwarning: [m[Kunused parameter ‘[01m[KansType[m[K’ [[01;35m[K-Wunused-parameter[m[K]
[5.174s]    56 |         virtual void onDecodingError(int errMsg, [01;35m[K_u8 ansType[m[K, const void* payload, size_t size) {}
[5.174s]       |                                                  [01;35m[K~~~~^~~~~~~[m[K
[5.174s] [01m[K/home/kango/musia_ws/src/sllidar_ros2/sdk/src/dataunpacker/unpacker/../dataunpacker.h:56:75:[m[K [01;35m[Kwarning: [m[Kunused parameter ‘[01m[Kpayload[m[K’ [[01;35m[K-Wunused-parameter[m[K]
[5.175s]    56 |         virtual void onDecodingError(int errMsg, _u8 ansType, [01;35m[Kconst void* payload[m[K, size_t size) {}
[5.175s]       |                                                               [01;35m[K~~~~~~~~~~~~^~~~~~~[m[K
[5.175s] [01m[K/home/kango/musia_ws/src/sllidar_ros2/sdk/src/dataunpacker/unpacker/../dataunpacker.h:56:91:[m[K [01;35m[Kwarning: [m[Kunused parameter ‘[01m[Ksize[m[K’ [[01;35m[K-Wunused-parameter[m[K]
[5.175s]    56 |         virtual void onDecodingError(int errMsg, _u8 ansType, const void* payload, [01;35m[Ksize_t size[m[K) {}
[5.175s]       |                                                                                    [01;35m[K~~~~~~~^~~~[m[K
[5.190s] [01m[K/home/kango/musia_ws/src/sllidar_ros2/sdk/src/dataunpacker/unpacker/handler_capsules.cpp:[m[K In member function ‘[01m[Kvoid sl::internal::unpacker::UnpackerHandler_DenseCapsuleNode::[01;32m[K_onScanNodeDenseCapsuleData[m[K(rplidar_response_dense_capsule_measurement_nodes_t&, sl::internal::LIDARSampleDataUnpackerInner*)[m[K’:
[5.191s] [01m[K/home/kango/musia_ws/src/sllidar_ros2/sdk/src/dataunpacker/unpacker/handler_capsules.cpp:763:30:[m[K [01;35m[Kwarning: [m[Ktype qualifiers ignored on cast result type [[01;35m[K-Wignored-qualifiers[m[K]
[5.191s]   763 |             const int dist = [01;35m[Kstatic_cast<const int>(_cached_previous_dense_capsuledata.cabins[pos].distance)[m[K;
[5.191s]       |                              [01;35m[K^~~~~~~~~~~~~~~~~~~~~~~~~~~~~~~~~~~~~~~~~~~~~~~~~~~~~~~~~~~~~~~~~~~~~~~~~~~~~~~[m[K
[5.492s] [ 45%] [32mBuilding CXX object CMakeFiles/sllidar_node.dir/sdk/src/dataunpacker/unpacker/handler_normalnode.cpp.o[0m
[5.752s] In file included from [01m[K/home/kango/musia_ws/src/sllidar_ros2/./sdk/include/rplidar_protocol.h:36[m[K,
[5.753s]                  from [01m[K/home/kango/musia_ws/src/sllidar_ros2/./sdk/include/rplidar.h:39[m[K,
[5.753s]                  from [01m[K/home/kango/musia_ws/src/sllidar_ros2/./sdk/src/sdkcommon.h:49[m[K,
[5.753s]                  from [01m[K/home/kango/musia_ws/src/sllidar_ros2/sdk/src/dataunpacker/unpacker/../dataunnpacker_commondef.h:41[m[K,
[5.753s]                  from [01m[K/home/kango/musia_ws/src/sllidar_ros2/sdk/src/dataunpacker/unpacker/handler_hqnode.cpp:39[m[K:
[5.753s] [01m[K/home/kango/musia_ws/src/sllidar_ros2/./sdk/include/sl_lidar_protocol.h:66:16:[m[K [01;35m[Kwarning: [m[KISO C++ forbids zero-size array ‘[01m[Kdata[m[K’ [[01;35m[K-Wpedantic[m[K]
[5.753s]    66 |     sl_u8 data[[01;35m[K0[m[K];
[5.753s]       |                [01;35m[K^[m[K
[5.753s] In file included from [01m[K/home/kango/musia_ws/src/sllidar_ros2/./sdk/include/rplidar_cmd.h:36[m[K,
[5.754s]                  from [01m[K/home/kango/musia_ws/src/sllidar_ros2/./sdk/include/rplidar.h:40[m[K:
[5.754s] [01m[K/home/kango/musia_ws/src/sllidar_ros2/./sdk/include/sl_lidar_cmd.h:324:20:[m[K [01;35m[Kwarning: [m[KISO C++ forbids zero-size array ‘[01m[Kpayload[m[K’ [[01;35m[K-Wpedantic[m[K]
[5.754s]   324 |     sl_u8  payload[[01;35m[K0[m[K];
[5.754s]       |                    [01;35m[K^[m[K
[5.933s] In file included from [01m[K/home/kango/musia_ws/src/sllidar_ros2/sdk/src/dataunpacker/unpacker/handler_hqnode.cpp:40[m[K:
[5.934s] [01m[K/home/kango/musia_ws/src/sllidar_ros2/sdk/src/dataunpacker/unpacker/../dataunpacker.h:[m[K In member function ‘[01m[Kvirtual void sl::internal::LIDARSampleDataListener::[01;32m[KonCustomSampleDataDecoded[m[K(_u8, _u32, const void*, size_t)[m[K’:
[5.934s] [01m[K/home/kango/musia_ws/src/sllidar_ros2/sdk/src/dataunpacker/unpacker/../dataunpacker.h:54:52:[m[K [01;35m[Kwarning: [m[Kunused parameter ‘[01m[KansType[m[K’ [[01;35m[K-Wunused-parameter[m[K]
[5.934s]    54 |         virtual void onCustomSampleDataDecoded([01;35m[K_u8 ansType[m[K, _u32 customCode, const void* data, size_t size) {}
[5.934s]       |                                                [01;35m[K~~~~^~~~~~~[m[K
[5.936s] [01m[K/home/kango/musia_ws/src/sllidar_ros2/sdk/src/dataunpacker/unpacker/../dataunpacker.h:54:66:[m[K [01;35m[Kwarning: [m[Kunused parameter ‘[01m[KcustomCode[m[K’ [[01;35m[K-Wunused-parameter[m[K]
[5.937s]    54 |         virtual void onCustomSampleDataDecoded(_u8 ansType, [01;35m[K_u32 customCode[m[K, const void* data, size_t size) {}
[5.937s]       |                                                             [01;35m[K~~~~~^~~~~~~~~~[m[K
[5.937s] [01m[K/home/kango/musia_ws/src/sllidar_ros2/sdk/src/dataunpacker/unpacker/../dataunpacker.h:54:90:[m[K [01;35m[Kwarning: [m[Kunused parameter ‘[01m[Kdata[m[K’ [[01;35m[K-Wunused-parameter[m[K]
[5.937s]    54 |         virtual void onCustomSampleDataDecoded(_u8 ansType, _u32 customCode, [01;35m[Kconst void* data[m[K, size_t size) {}
[5.937s]       |                                                                              [01;35m[K~~~~~~~~~~~~^~~~[m[K
[5.937s] [01m[K/home/kango/musia_ws/src/sllidar_ros2/sdk/src/dataunpacker/unpacker/../dataunpacker.h:54:103:[m[K [01;35m[Kwarning: [m[Kunused parameter ‘[01m[Ksize[m[K’ [[01;35m[K-Wunused-parameter[m[K]
[5.937s]    54 |         virtual void onCustomSampleDataDecoded(_u8 ansType, _u32 customCode, const void* data, [01;35m[Ksize_t size[m[K) {}
[5.938s]       |                                                                                                [01;35m[K~~~~~~~^~~~[m[K
[5.938s] [01m[K/home/kango/musia_ws/src/sllidar_ros2/sdk/src/dataunpacker/unpacker/../dataunpacker.h:[m[K In member function ‘[01m[Kvirtual void sl::internal::LIDARSampleDataListener::[01;32m[KonDecodingError[m[K(int, _u8, const void*, size_t)[m[K’:
[5.938s] [01m[K/home/kango/musia_ws/src/sllidar_ros2/sdk/src/dataunpacker/unpacker/../dataunpacker.h:56:42:[m[K [01;35m[Kwarning: [m[Kunused parameter ‘[01m[KerrMsg[m[K’ [[01;35m[K-Wunused-parameter[m[K]
[5.941s]    56 |         virtual void onDecodingError([01;35m[Kint errMsg[m[K, _u8 ansType, const void* payload, size_t size) {}
[5.941s]       |                                      [01;35m[K~~~~^~~~~~[m[K
[5.942s] [01m[K/home/kango/musia_ws/src/sllidar_ros2/sdk/src/dataunpacker/unpacker/../dataunpacker.h:56:54:[m[K [01;35m[Kwarning: [m[Kunused parameter ‘[01m[KansType[m[K’ [[01;35m[K-Wunused-parameter[m[K]
[5.942s]    56 |         virtual void onDecodingError(int errMsg, [01;35m[K_u8 ansType[m[K, const void* payload, size_t size) {}
[5.942s]       |                                                  [01;35m[K~~~~^~~~~~~[m[K
[5.942s] [01m[K/home/kango/musia_ws/src/sllidar_ros2/sdk/src/dataunpacker/unpacker/../dataunpacker.h:56:75:[m[K [01;35m[Kwarning: [m[Kunused parameter ‘[01m[Kpayload[m[K’ [[01;35m[K-Wunused-parameter[m[K]
[5.942s]    56 |         virtual void onDecodingError(int errMsg, _u8 ansType, [01;35m[Kconst void* payload[m[K, size_t size) {}
[5.942s]       |                                                               [01;35m[K~~~~~~~~~~~~^~~~~~~[m[K
[5.942s] [01m[K/home/kango/musia_ws/src/sllidar_ros2/sdk/src/dataunpacker/unpacker/../dataunpacker.h:56:91:[m[K [01;35m[Kwarning: [m[Kunused parameter ‘[01m[Ksize[m[K’ [[01;35m[K-Wunused-parameter[m[K]
[5.943s]    56 |         virtual void onDecodingError(int errMsg, _u8 ansType, const void* payload, [01;35m[Ksize_t size[m[K) {}
[5.943s]       |                                                                                    [01;35m[K~~~~~~~^~~~[m[K
[6.183s] [ 50%] [32mBuilding CXX object CMakeFiles/sllidar_node.dir/sdk/src/hal/thread.cpp.o[0m
[6.285s] In file included from [01m[K/home/kango/musia_ws/src/sllidar_ros2/./sdk/include/rplidar_protocol.h:36[m[K,
[6.287s]                  from [01m[K/home/kango/musia_ws/src/sllidar_ros2/./sdk/include/rplidar.h:39[m[K,
[6.287s]                  from [01m[K/home/kango/musia_ws/src/sllidar_ros2/./sdk/src/sdkcommon.h:49[m[K,
[6.287s]                  from [01m[K/home/kango/musia_ws/src/sllidar_ros2/sdk/src/dataunpacker/unpacker/../dataunnpacker_commondef.h:41[m[K,
[6.287s]                  from [01m[K/home/kango/musia_ws/src/sllidar_ros2/sdk/src/dataunpacker/unpacker/handler_normalnode.cpp:39[m[K:
[6.287s] [01m[K/home/kango/musia_ws/src/sllidar_ros2/./sdk/include/sl_lidar_protocol.h:66:16:[m[K [01;35m[Kwarning: [m[KISO C++ forbids zero-size array ‘[01m[Kdata[m[K’ [[01;35m[K-Wpedantic[m[K]
[6.287s]    66 |     sl_u8 data[[01;35m[K0[m[K];
[6.287s]       |                [01;35m[K^[m[K
[6.288s] In file included from [01m[K/home/kango/musia_ws/src/sllidar_ros2/./sdk/include/rplidar_cmd.h:36[m[K,
[6.288s]                  from [01m[K/home/kango/musia_ws/src/sllidar_ros2/./sdk/include/rplidar.h:40[m[K:
[6.288s] [01m[K/home/kango/musia_ws/src/sllidar_ros2/./sdk/include/sl_lidar_cmd.h:324:20:[m[K [01;35m[Kwarning: [m[KISO C++ forbids zero-size array ‘[01m[Kpayload[m[K’ [[01;35m[K-Wpedantic[m[K]
[6.289s]   324 |     sl_u8  payload[[01;35m[K0[m[K];
[6.289s]       |                    [01;35m[K^[m[K
[6.471s] In file included from [01m[K/home/kango/musia_ws/src/sllidar_ros2/sdk/src/dataunpacker/unpacker/handler_normalnode.cpp:40[m[K:
[6.471s] [01m[K/home/kango/musia_ws/src/sllidar_ros2/sdk/src/dataunpacker/unpacker/../dataunpacker.h:[m[K In member function ‘[01m[Kvirtual void sl::internal::LIDARSampleDataListener::[01;32m[KonCustomSampleDataDecoded[m[K(_u8, _u32, const void*, size_t)[m[K’:
[6.471s] [01m[K/home/kango/musia_ws/src/sllidar_ros2/sdk/src/dataunpacker/unpacker/../dataunpacker.h:54:52:[m[K [01;35m[Kwarning: [m[Kunused parameter ‘[01m[KansType[m[K’ [[01;35m[K-Wunused-parameter[m[K]
[6.472s]    54 |         virtual void onCustomSampleDataDecoded([01;35m[K_u8 ansType[m[K, _u32 customCode, const void* data, size_t size) {}
[6.472s]       |                                                [01;35m[K~~~~^~~~~~~[m[K
[6.472s] [01m[K/home/kango/musia_ws/src/sllidar_ros2/sdk/src/dataunpacker/unpacker/../dataunpacker.h:54:66:[m[K [01;35m[Kwarning: [m[Kunused parameter ‘[01m[KcustomCode[m[K’ [[01;35m[K-Wunused-parameter[m[K]
[6.474s]    54 |         virtual void onCustomSampleDataDecoded(_u8 ansType, [01;35m[K_u32 customCode[m[K, const void* data, size_t size) {}
[6.474s]       |                                                             [01;35m[K~~~~~^~~~~~~~~~[m[K
[6.474s] [01m[K/home/kango/musia_ws/src/sllidar_ros2/sdk/src/dataunpacker/unpacker/../dataunpacker.h:54:90:[m[K [01;35m[Kwarning: [m[Kunused parameter ‘[01m[Kdata[m[K’ [[01;35m[K-Wunused-parameter[m[K]
[6.474s]    54 |         virtual void onCustomSampleDataDecoded(_u8 ansType, _u32 customCode, [01;35m[Kconst void* data[m[K, size_t size) {}
[6.474s]       |                                                                              [01;35m[K~~~~~~~~~~~~^~~~[m[K
[6.474s] [01m[K/home/kango/musia_ws/src/sllidar_ros2/sdk/src/dataunpacker/unpacker/../dataunpacker.h:54:103:[m[K [01;35m[Kwarning: [m[Kunused parameter ‘[01m[Ksize[m[K’ [[01;35m[K-Wunused-parameter[m[K]
[6.475s]    54 |         virtual void onCustomSampleDataDecoded(_u8 ansType, _u32 customCode, const void* data, [01;35m[Ksize_t size[m[K) {}
[6.475s]       |                                                                                                [01;35m[K~~~~~~~^~~~[m[K
[6.475s] [01m[K/home/kango/musia_ws/src/sllidar_ros2/sdk/src/dataunpacker/unpacker/../dataunpacker.h:[m[K In member function ‘[01m[Kvirtual void sl::internal::LIDARSampleDataListener::[01;32m[KonDecodingError[m[K(int, _u8, const void*, size_t)[m[K’:
[6.475s] [01m[K/home/kango/musia_ws/src/sllidar_ros2/sdk/src/dataunpacker/unpacker/../dataunpacker.h:56:42:[m[K [01;35m[Kwarning: [m[Kunused parameter ‘[01m[KerrMsg[m[K’ [[01;35m[K-Wunused-parameter[m[K]
[6.475s]    56 |         virtual void onDecodingError([01;35m[Kint errMsg[m[K, _u8 ansType, const void* payload, size_t size) {}
[6.475s]       |                                      [01;35m[K~~~~^~~~~~[m[K
[6.475s] [01m[K/home/kango/musia_ws/src/sllidar_ros2/sdk/src/dataunpacker/unpacker/../dataunpacker.h:56:54:[m[K [01;35m[Kwarning: [m[Kunused parameter ‘[01m[KansType[m[K’ [[01;35m[K-Wunused-parameter[m[K]
[6.475s]    56 |         virtual void onDecodingError(int errMsg, [01;35m[K_u8 ansType[m[K, const void* payload, size_t size) {}
[6.476s]       |                                                  [01;35m[K~~~~^~~~~~~[m[K
[6.476s] [01m[K/home/kango/musia_ws/src/sllidar_ros2/sdk/src/dataunpacker/unpacker/../dataunpacker.h:56:75:[m[K [01;35m[Kwarning: [m[Kunused parameter ‘[01m[Kpayload[m[K’ [[01;35m[K-Wunused-parameter[m[K]
[6.476s]    56 |         virtual void onDecodingError(int errMsg, _u8 ansType, [01;35m[Kconst void* payload[m[K, size_t size) {}
[6.476s]       |                                                               [01;35m[K~~~~~~~~~~~~^~~~~~~[m[K
[6.479s] [01m[K/home/kango/musia_ws/src/sllidar_ros2/sdk/src/dataunpacker/unpacker/../dataunpacker.h:56:91:[m[K [01;35m[Kwarning: [m[Kunused parameter ‘[01m[Ksize[m[K’ [[01;35m[K-Wunused-parameter[m[K]
[6.479s]    56 |         virtual void onDecodingError(int errMsg, _u8 ansType, const void* payload, [01;35m[Ksize_t size[m[K) {}
[6.480s]       |                                                                                    [01;35m[K~~~~~~~^~~~[m[K
[6.708s] [ 55%] [32mBuilding CXX object CMakeFiles/sllidar_node.dir/sdk/src/rplidar_driver.cpp.o[0m
[6.953s] In file included from [01m[K/home/kango/musia_ws/src/sllidar_ros2/./sdk/include/rplidar_protocol.h:36[m[K,
[6.953s]                  from [01m[K/home/kango/musia_ws/src/sllidar_ros2/./sdk/include/rplidar.h:39[m[K,
[6.953s]                  from [01m[K/home/kango/musia_ws/src/sllidar_ros2/./sdk/src/sdkcommon.h:49[m[K,
[6.955s]                  from [01m[K/home/kango/musia_ws/src/sllidar_ros2/sdk/src/hal/thread.cpp:35[m[K:
[6.956s] [01m[K/home/kango/musia_ws/src/sllidar_ros2/./sdk/include/sl_lidar_protocol.h:66:16:[m[K [01;35m[Kwarning: [m[KISO C++ forbids zero-size array ‘[01m[Kdata[m[K’ [[01;35m[K-Wpedantic[m[K]
[6.956s]    66 |     sl_u8 data[[01;35m[K0[m[K];
[6.956s]       |                [01;35m[K^[m[K
[6.956s] In file included from [01m[K/home/kango/musia_ws/src/sllidar_ros2/./sdk/include/rplidar_cmd.h:36[m[K,
[6.956s]                  from [01m[K/home/kango/musia_ws/src/sllidar_ros2/./sdk/include/rplidar.h:40[m[K:
[6.956s] [01m[K/home/kango/musia_ws/src/sllidar_ros2/./sdk/include/sl_lidar_cmd.h:324:20:[m[K [01;35m[Kwarning: [m[KISO C++ forbids zero-size array ‘[01m[Kpayload[m[K’ [[01;35m[K-Wpedantic[m[K]
[6.956s]   324 |     sl_u8  payload[[01;35m[K0[m[K];
[6.957s]       |                    [01;35m[K^[m[K
[7.005s] In file included from [01m[K/home/kango/musia_ws/src/sllidar_ros2/sdk/src/hal/thread.cpp:43[m[K:
[7.005s] [01m[K/home/kango/musia_ws/src/sllidar_ros2/./sdk/src/arch/linux/thread.hpp:[m[K In static member function ‘[01m[Kstatic rp::hal::Thread rp::hal::Thread::[01;32m[Kcreate[m[K(thread_proc_t, void*)[m[K’:
[7.005s] [01m[K/home/kango/musia_ws/src/sllidar_ros2/./sdk/src/arch/linux/thread.hpp:52:57:[m[K [01;35m[Kwarning: [m[Kcast between incompatible function types from ‘[01m[Kthread_proc_t[m[K’ {aka ‘[01m[Klong unsigned int (*)(void*)[m[K’} to ‘[01m[Kvoid* (*)(void*)[m[K’ [[01;35m[K-Wcast-function-type[m[K]
[7.005s]    52 |     pthread_create((pthread_t *)&newborn._handle, NULL, [01;35m[K(void * (*)(void *))proc[m[K, data);
[7.005s]       |                                                         [01;35m[K^~~~~~~~~~~~~~~~~~~~~~~~[m[K
[7.008s] [01m[K/home/kango/musia_ws/src/sllidar_ros2/./sdk/src/arch/linux/thread.hpp:[m[K In member function ‘[01m[Ku_result rp::hal::Thread::[01;32m[Kjoin[m[K(long unsigned int)[m[K’:
[7.009s] [01m[K/home/kango/musia_ws/src/sllidar_ros2/./sdk/src/arch/linux/thread.hpp:176:37:[m[K [01;35m[Kwarning: [m[Kunused parameter ‘[01m[Ktimeout[m[K’ [[01;35m[K-Wunused-parameter[m[K]
[7.009s]   176 | u_result Thread::join([01;35m[Kunsigned long timeout[m[K)
[7.009s]       |                       [01;35m[K~~~~~~~~~~~~~~^~~~~~~[m[K
[7.166s] [ 60%] [32mBuilding CXX object CMakeFiles/sllidar_node.dir/sdk/src/sl_async_transceiver.cpp.o[0m
[7.201s] In file included from [01m[K/home/kango/musia_ws/src/sllidar_ros2/./sdk/include/sl_lidar_cmd.h:41[m[K,
[7.202s]                  from [01m[K/home/kango/musia_ws/src/sllidar_ros2/./sdk/include/sl_lidar_driver.h:54[m[K,
[7.202s]                  from [01m[K/home/kango/musia_ws/src/sllidar_ros2/./sdk/include/sl_lidar.h:36[m[K,
[7.202s]                  from [01m[K/home/kango/musia_ws/src/sllidar_ros2/src/sllidar_node.cpp:38[m[K:
[7.202s] [01m[K/home/kango/musia_ws/src/sllidar_ros2/./sdk/include/sl_lidar_protocol.h:66:16:[m[K [01;35m[Kwarning: [m[KISO C++ forbids zero-size array ‘[01m[Kdata[m[K’ [[01;35m[K-Wpedantic[m[K]
[7.203s]    66 |     sl_u8 data[[01;35m[K0[m[K];
[7.203s]       |                [01;35m[K^[m[K
[7.203s] [01m[K/home/kango/musia_ws/src/sllidar_ros2/./sdk/include/sl_lidar_cmd.h:324:20:[m[K [01;35m[Kwarning: [m[KISO C++ forbids zero-size array ‘[01m[Kpayload[m[K’ [[01;35m[K-Wpedantic[m[K]
[7.203s]   324 |     sl_u8  payload[[01;35m[K0[m[K];
[7.203s]       |                    [01;35m[K^[m[K
[7.454s] In file included from [01m[K/home/kango/musia_ws/src/sllidar_ros2/./sdk/include/rplidar_protocol.h:36[m[K,
[7.454s]                  from [01m[K/home/kango/musia_ws/src/sllidar_ros2/./sdk/include/rplidar.h:39[m[K,
[7.455s]                  from [01m[K/home/kango/musia_ws/src/sllidar_ros2/sdk/src/sdkcommon.h:49[m[K,
[7.455s]                  from [01m[K/home/kango/musia_ws/src/sllidar_ros2/sdk/src/rplidar_driver.cpp:33[m[K:
[7.455s] [01m[K/home/kango/musia_ws/src/sllidar_ros2/./sdk/include/sl_lidar_protocol.h:66:16:[m[K [01;35m[Kwarning: [m[KISO C++ forbids zero-size array ‘[01m[Kdata[m[K’ [[01;35m[K-Wpedantic[m[K]
[7.455s]    66 |     sl_u8 data[[01;35m[K0[m[K];
[7.457s]       |                [01;35m[K^[m[K
[7.457s] In file included from [01m[K/home/kango/musia_ws/src/sllidar_ros2/./sdk/include/rplidar_cmd.h:36[m[K,
[7.461s]                  from [01m[K/home/kango/musia_ws/src/sllidar_ros2/./sdk/include/rplidar.h:40[m[K:
[7.461s] [01m[K/home/kango/musia_ws/src/sllidar_ros2/./sdk/include/sl_lidar_cmd.h:324:20:[m[K [01;35m[Kwarning: [m[KISO C++ forbids zero-size array ‘[01m[Kpayload[m[K’ [[01;35m[K-Wpedantic[m[K]
[7.461s]   324 |     sl_u8  payload[[01;35m[K0[m[K];
[7.461s]       |                    [01;35m[K^[m[K
[7.544s] [01m[K/home/kango/musia_ws/src/sllidar_ros2/sdk/src/rplidar_driver.cpp:[m[K In member function ‘[01m[Ku_result rp::standalone::rplidar::RPlidarDriver::[01;32m[Kconnect[m[K(const char*, _u32, _u32)[m[K’:
[7.544s] [01m[K/home/kango/musia_ws/src/sllidar_ros2/sdk/src/rplidar_driver.cpp:67:77:[m[K [01;35m[Kwarning: [m[Kunused parameter ‘[01m[Kflag[m[K’ [[01;35m[K-Wunused-parameter[m[K]
[7.545s]    67 |     u_result RPlidarDriver::connect(const char *path, _u32 portOrBaud, [01;35m[K_u32 flag[m[K)
[7.545s]       |                                                                        [01;35m[K~~~~~^~~~[m[K
[7.546s] [01m[K/home/kango/musia_ws/src/sllidar_ros2/sdk/src/rplidar_driver.cpp:[m[K In member function ‘[01m[Ku_result rp::standalone::rplidar::RPlidarDriver::[01;32m[Kreset[m[K(_u32)[m[K’:
[7.547s] [01m[K/home/kango/musia_ws/src/sllidar_ros2/sdk/src/rplidar_driver.cpp:101:40:[m[K [01;35m[Kwarning: [m[Kunused parameter ‘[01m[Ktimeout[m[K’ [[01;35m[K-Wunused-parameter[m[K]
[7.548s]   101 |     u_result RPlidarDriver::reset([01;35m[K_u32 timeout[m[K)
[7.548s]       |                                   [01;35m[K~~~~~^~~~~~~[m[K
[7.549s] [01m[K/home/kango/musia_ws/src/sllidar_ros2/sdk/src/rplidar_driver.cpp:[m[K In member function ‘[01m[Ku_result rp::standalone::rplidar::RPlidarDriver::[01;32m[KgetScanDataWithInterval[m[K(rplidar_response_measurement_node_t*, size_t&)[m[K’:
[7.549s] [01m[K/home/kango/musia_ws/src/sllidar_ros2/sdk/src/rplidar_driver.cpp:180:91:[m[K [01;35m[Kwarning: [m[Kunused parameter ‘[01m[Knodebuffer[m[K’ [[01;35m[K-Wunused-parameter[m[K]
[7.552s]   180 |     u_result RPlidarDriver::getScanDataWithInterval([01;35m[Krplidar_response_measurement_node_t * nodebuffer[m[K, size_t & count)
[7.552s]       |                                                     [01;35m[K~~~~~~~~~~~~~~~~~~~~~~~~~~~~~~~~~~~~~~^~~~~~~~~~[m[K
[7.552s] [01m[K/home/kango/musia_ws/src/sllidar_ros2/sdk/src/rplidar_driver.cpp:180:112:[m[K [01;35m[Kwarning: [m[Kunused parameter ‘[01m[Kcount[m[K’ [[01;35m[K-Wunused-parameter[m[K]
[7.552s]   180 |     u_result RPlidarDriver::getScanDataWithInterval(rplidar_response_measurement_node_t * nodebuffer, [01;35m[Ksize_t & count[m[K)
[7.552s]       |                                                                                                       [01;35m[K~~~~~~~~~^~~~~[m[K
[7.743s] [ 65%] [32mBuilding CXX object CMakeFiles/sllidar_node.dir/sdk/src/sl_crc.cpp.o[0m
[7.779s] In file included from [01m[K/home/kango/musia_ws/src/sllidar_ros2/./sdk/include/sl_lidar_cmd.h:41[m[K,
[7.780s]                  from [01m[K/home/kango/musia_ws/src/sllidar_ros2/./sdk/include/sl_crc.h:36[m[K,
[7.780s]                  from [01m[K/home/kango/musia_ws/src/sllidar_ros2/sdk/src/sl_crc.cpp:33[m[K:
[7.781s] [01m[K/home/kango/musia_ws/src/sllidar_ros2/./sdk/include/sl_lidar_protocol.h:66:16:[m[K [01;35m[Kwarning: [m[KISO C++ forbids zero-size array ‘[01m[Kdata[m[K’ [[01;35m[K-Wpedantic[m[K]
[7.781s]    66 |     sl_u8 data[[01;35m[K0[m[K];
[7.781s]       |                [01;35m[K^[m[K
[7.782s] [01m[K/home/kango/musia_ws/src/sllidar_ros2/./sdk/include/sl_lidar_cmd.h:324:20:[m[K [01;35m[Kwarning: [m[KISO C++ forbids zero-size array ‘[01m[Kpayload[m[K’ [[01;35m[K-Wpedantic[m[K]
[7.782s]   324 |     sl_u8  payload[[01;35m[K0[m[K];
[7.782s]       |                    [01;35m[K^[m[K
[7.826s] [ 70%] [32mBuilding CXX object CMakeFiles/sllidar_node.dir/sdk/src/sl_lidar_driver.cpp.o[0m
[7.926s] In file included from [01m[K/home/kango/musia_ws/src/sllidar_ros2/./sdk/include/rplidar_protocol.h:36[m[K,
[7.926s]                  from [01m[K/home/kango/musia_ws/src/sllidar_ros2/./sdk/include/rplidar.h:39[m[K,
[7.926s]                  from [01m[K/home/kango/musia_ws/src/sllidar_ros2/sdk/src/sdkcommon.h:49[m[K,
[7.926s]                  from [01m[K/home/kango/musia_ws/src/sllidar_ros2/sdk/src/sl_async_transceiver.cpp:35[m[K:
[7.927s] [01m[K/home/kango/musia_ws/src/sllidar_ros2/./sdk/include/sl_lidar_protocol.h:66:16:[m[K [01;35m[Kwarning: [m[KISO C++ forbids zero-size array ‘[01m[Kdata[m[K’ [[01;35m[K-Wpedantic[m[K]
[7.927s]    66 |     sl_u8 data[[01;35m[K0[m[K];
[7.927s]       |                [01;35m[K^[m[K
[7.928s] In file included from [01m[K/home/kango/musia_ws/src/sllidar_ros2/./sdk/include/rplidar_cmd.h:36[m[K,
[7.929s]                  from [01m[K/home/kango/musia_ws/src/sllidar_ros2/./sdk/include/rplidar.h:40[m[K:
[7.929s] [01m[K/home/kango/musia_ws/src/sllidar_ros2/./sdk/include/sl_lidar_cmd.h:324:20:[m[K [01;35m[Kwarning: [m[KISO C++ forbids zero-size array ‘[01m[Kpayload[m[K’ [[01;35m[K-Wpedantic[m[K]
[7.929s]   324 |     sl_u8  payload[[01;35m[K0[m[K];
[7.929s]       |                    [01;35m[K^[m[K
[8.081s] In file included from [01m[K/home/kango/musia_ws/src/sllidar_ros2/sdk/src/sl_async_transceiver.cpp:44[m[K:
[8.081s] [01m[K/home/kango/musia_ws/src/sllidar_ros2/sdk/src/sl_async_transceiver.h:[m[K In member function ‘[01m[Kvirtual void sl::internal::IAsyncProtocolCodec::[01;32m[KonChannelError[m[K(u_result)[m[K’:
[8.081s] [01m[K/home/kango/musia_ws/src/sllidar_ros2/sdk/src/sl_async_transceiver.h:90:48:[m[K [01;35m[Kwarning: [m[Kunused parameter ‘[01m[KerrCode[m[K’ [[01;35m[K-Wunused-parameter[m[K]
[8.081s]    90 |         virtual void   onChannelError([01;35m[Ku_result errCode[m[K) {}
[8.081s]       |                                       [01;35m[K~~~~~~~~~^~~~~~~[m[K
[8.360s] [ 75%] [32mBuilding CXX object CMakeFiles/sllidar_node.dir/sdk/src/sl_lidarprotocol_codec.cpp.o[0m
[8.631s] In file included from [01m[K/home/kango/musia_ws/src/sllidar_ros2/./sdk/include/rplidar_protocol.h:36[m[K,
[8.631s]                  from [01m[K/home/kango/musia_ws/src/sllidar_ros2/./sdk/include/rplidar.h:39[m[K,
[8.633s]                  from [01m[K/home/kango/musia_ws/src/sllidar_ros2/sdk/src/sdkcommon.h:49[m[K,
[8.633s]                  from [01m[K/home/kango/musia_ws/src/sllidar_ros2/sdk/src/sl_lidar_driver.cpp:33[m[K:
[8.633s] [01m[K/home/kango/musia_ws/src/sllidar_ros2/./sdk/include/sl_lidar_protocol.h:66:16:[m[K [01;35m[Kwarning: [m[KISO C++ forbids zero-size array ‘[01m[Kdata[m[K’ [[01;35m[K-Wpedantic[m[K]
[8.633s]    66 |     sl_u8 data[[01;35m[K0[m[K];
[8.633s]       |                [01;35m[K^[m[K
[8.633s] In file included from [01m[K/home/kango/musia_ws/src/sllidar_ros2/./sdk/include/rplidar_cmd.h:36[m[K,
[8.635s]                  from [01m[K/home/kango/musia_ws/src/sllidar_ros2/./sdk/include/rplidar.h:40[m[K:
[8.636s] [01m[K/home/kango/musia_ws/src/sllidar_ros2/./sdk/include/sl_lidar_cmd.h:324:20:[m[K [01;35m[Kwarning: [m[KISO C++ forbids zero-size array ‘[01m[Kpayload[m[K’ [[01;35m[K-Wpedantic[m[K]
[8.636s]   324 |     sl_u8  payload[[01;35m[K0[m[K];
[8.636s]       |                    [01;35m[K^[m[K
[8.881s] In file included from [01m[K/home/kango/musia_ws/src/sllidar_ros2/sdk/src/sl_lidar_driver.cpp:50[m[K:
[8.882s] [01m[K/home/kango/musia_ws/src/sllidar_ros2/sdk/src/dataunpacker/dataunpacker.h:[m[K In member function ‘[01m[Kvirtual void sl::internal::LIDARSampleDataListener::[01;32m[KonCustomSampleDataDecoded[m[K(_u8, _u32, const void*, size_t)[m[K’:
[8.882s] [01m[K/home/kango/musia_ws/src/sllidar_ros2/sdk/src/dataunpacker/dataunpacker.h:54:52:[m[K [01;35m[Kwarning: [m[Kunused parameter ‘[01m[KansType[m[K’ [[01;35m[K-Wunused-parameter[m[K]
[8.883s]    54 |         virtual void onCustomSampleDataDecoded([01;35m[K_u8 ansType[m[K, _u32 customCode, const void* data, size_t size) {}
[8.883s]       |                                                [01;35m[K~~~~^~~~~~~[m[K
[8.883s] [01m[K/home/kango/musia_ws/src/sllidar_ros2/sdk/src/dataunpacker/dataunpacker.h:54:66:[m[K [01;35m[Kwarning: [m[Kunused parameter ‘[01m[KcustomCode[m[K’ [[01;35m[K-Wunused-parameter[m[K]
[8.885s]    54 |         virtual void onCustomSampleDataDecoded(_u8 ansType, [01;35m[K_u32 customCode[m[K, const void* data, size_t size) {}
[8.885s]       |                                                             [01;35m[K~~~~~^~~~~~~~~~[m[K
[8.886s] [01m[K/home/kango/musia_ws/src/sllidar_ros2/sdk/src/dataunpacker/dataunpacker.h:54:90:[m[K [01;35m[Kwarning: [m[Kunused parameter ‘[01m[Kdata[m[K’ [[01;35m[K-Wunused-parameter[m[K]
[8.886s]    54 |         virtual void onCustomSampleDataDecoded(_u8 ansType, _u32 customCode, [01;35m[Kconst void* data[m[K, size_t size) {}
[8.886s]       |                                                                              [01;35m[K~~~~~~~~~~~~^~~~[m[K
[8.886s] [01m[K/home/kango/musia_ws/src/sllidar_ros2/sdk/src/dataunpacker/dataunpacker.h:54:103:[m[K [01;35m[Kwarning: [m[Kunused parameter ‘[01m[Ksize[m[K’ [[01;35m[K-Wunused-parameter[m[K]
[8.886s]    54 |         virtual void onCustomSampleDataDecoded(_u8 ansType, _u32 customCode, const void* data, [01;35m[Ksize_t size[m[K) {}
[8.887s]       |                                                                                                [01;35m[K~~~~~~~^~~~[m[K
[8.887s] [01m[K/home/kango/musia_ws/src/sllidar_ros2/sdk/src/dataunpacker/dataunpacker.h:[m[K In member function ‘[01m[Kvirtual void sl::internal::LIDARSampleDataListener::[01;32m[KonDecodingError[m[K(int, _u8, const void*, size_t)[m[K’:
[8.887s] [01m[K/home/kango/musia_ws/src/sllidar_ros2/sdk/src/dataunpacker/dataunpacker.h:56:42:[m[K [01;35m[Kwarning: [m[Kunused parameter ‘[01m[KerrMsg[m[K’ [[01;35m[K-Wunused-parameter[m[K]
[8.887s]    56 |         virtual void onDecodingError([01;35m[Kint errMsg[m[K, _u8 ansType, const void* payload, size_t size) {}
[8.890s]       |                                      [01;35m[K~~~~^~~~~~[m[K
[8.891s] [01m[K/home/kango/musia_ws/src/sllidar_ros2/sdk/src/dataunpacker/dataunpacker.h:56:54:[m[K [01;35m[Kwarning: [m[Kunused parameter ‘[01m[KansType[m[K’ [[01;35m[K-Wunused-parameter[m[K]
[8.891s]    56 |         virtual void onDecodingError(int errMsg, [01;35m[K_u8 ansType[m[K, const void* payload, size_t size) {}
[8.891s]       |                                                  [01;35m[K~~~~^~~~~~~[m[K
[8.891s] [01m[K/home/kango/musia_ws/src/sllidar_ros2/sdk/src/dataunpacker/dataunpacker.h:56:75:[m[K [01;35m[Kwarning: [m[Kunused parameter ‘[01m[Kpayload[m[K’ [[01;35m[K-Wunused-parameter[m[K]
[8.891s]    56 |         virtual void onDecodingError(int errMsg, _u8 ansType, [01;35m[Kconst void* payload[m[K, size_t size) {}
[8.891s]       |                                                               [01;35m[K~~~~~~~~~~~~^~~~~~~[m[K
[8.891s] [01m[K/home/kango/musia_ws/src/sllidar_ros2/sdk/src/dataunpacker/dataunpacker.h:56:91:[m[K [01;35m[Kwarning: [m[Kunused parameter ‘[01m[Ksize[m[K’ [[01;35m[K-Wunused-parameter[m[K]
[8.891s]    56 |         virtual void onDecodingError(int errMsg, _u8 ansType, const void* payload, [01;35m[Ksize_t size[m[K) {}
[8.892s]       |                                                                                    [01;35m[K~~~~~~~^~~~[m[K
[8.906s] In file included from [01m[K/home/kango/musia_ws/src/sllidar_ros2/sdk/src/sl_lidar_driver.cpp:51[m[K:
[8.907s] [01m[K/home/kango/musia_ws/src/sllidar_ros2/sdk/src/sl_async_transceiver.h:[m[K In member function ‘[01m[Kvirtual void sl::internal::IAsyncProtocolCodec::[01;32m[KonChannelError[m[K(u_result)[m[K’:
[8.907s] [01m[K/home/kango/musia_ws/src/sllidar_ros2/sdk/src/sl_async_transceiver.h:90:48:[m[K [01;35m[Kwarning: [m[Kunused parameter ‘[01m[KerrCode[m[K’ [[01;35m[K-Wunused-parameter[m[K]
[8.907s]    90 |         virtual void   onChannelError([01;35m[Ku_result errCode[m[K) {}
[8.907s]       |                                       [01;35m[K~~~~~~~~~^~~~~~~[m[K
[8.950s] [01m[K/home/kango/musia_ws/src/sllidar_ros2/sdk/src/sl_lidar_driver.cpp:[m[K In member function ‘[01m[Kvirtual sl_result sl::SlamtecLidarDriver::[01;32m[Kreset[m[K(sl_u32)[m[K’:
[8.950s] [01m[K/home/kango/musia_ws/src/sllidar_ros2/sdk/src/sl_lidar_driver.cpp:511:32:[m[K [01;35m[Kwarning: [m[Kunused parameter ‘[01m[KtimeoutInMs[m[K’ [[01;35m[K-Wunused-parameter[m[K]
[8.950s]   511 |         sl_result reset([01;35m[Ksl_u32 timeoutInMs = DEFAULT_TIMEOUT[m[K)
[8.950s]       |                         [01;35m[K~~~~~~~^~~~~~~~~~~~~~~~~~~~~~~~~~~~~[m[K
[8.958s] [01m[K/home/kango/musia_ws/src/sllidar_ros2/sdk/src/sl_lidar_driver.cpp:[m[K In member function ‘[01m[Kvirtual sl_result sl::SlamtecLidarDriver::[01;32m[KstartScan[m[K(bool, bool, sl_u32, sl::LidarScanMode*)[m[K’:
[8.959s] [01m[K/home/kango/musia_ws/src/sllidar_ros2/sdk/src/sl_lidar_driver.cpp:586:69:[m[K [01;35m[Kwarning: [m[Kunused parameter ‘[01m[Koptions[m[K’ [[01;35m[K-Wunused-parameter[m[K]
[8.959s]   586 |         sl_result startScan(bool force, bool useTypicalScan, [01;35m[Ksl_u32 options = 0[m[K, LidarScanMode* outUsedScanMode = nullptr)
[8.959s]       |                                                              [01;35m[K~~~~~~~^~~~~~~~~~~[m[K
[8.959s] [01m[K/home/kango/musia_ws/src/sllidar_ros2/sdk/src/sl_lidar_driver.cpp:[m[K In member function ‘[01m[Kvirtual sl_result sl::SlamtecLidarDriver::[01;32m[Kstop[m[K(sl_u32)[m[K’:
[8.960s] [01m[K/home/kango/musia_ws/src/sllidar_ros2/sdk/src/sl_lidar_driver.cpp:763:31:[m[K [01;35m[Kwarning: [m[Kunused parameter ‘[01m[Ktimeout[m[K’ [[01;35m[K-Wunused-parameter[m[K]
[8.960s]   763 |         sl_result stop([01;35m[Ksl_u32 timeout = DEFAULT_TIMEOUT[m[K)
[8.960s]       |                        [01;35m[K~~~~~~~^~~~~~~~~~~~~~~~~~~~~~~~~[m[K
[8.963s] [01m[K/home/kango/musia_ws/src/sllidar_ros2/sdk/src/sl_lidar_driver.cpp:[m[K In member function ‘[01m[Kvirtual sl_result sl::SlamtecLidarDriver::[01;32m[KgetFrequency[m[K(const sl::LidarScanMode&, const sl_lidar_response_measurement_node_hq_t*, size_t, float&)[m[K’:
[8.964s] [01m[K/home/kango/musia_ws/src/sllidar_ros2/sdk/src/sl_lidar_driver.cpp:880:110:[m[K [01;35m[Kwarning: [m[Kunused parameter ‘[01m[Knodes[m[K’ [[01;35m[K-Wunused-parameter[m[K]
[8.964s]   880 |         sl_result getFrequency(const LidarScanMode& scanMode, [01;35m[Kconst sl_lidar_response_measurement_node_hq_t* nodes[m[K, size_t count, float& frequency)
[8.964s]       |                                                               [01;35m[K~~~~~~~~~~~~~~~~~~~~~~~~~~~~~~~~~~~~~~~~~~~~~~~^~~~~[m[K
[8.970s] [01m[K/home/kango/musia_ws/src/sllidar_ros2/sdk/src/sl_lidar_driver.cpp:[m[K In member function ‘[01m[Kvirtual sl_result sl::SlamtecLidarDriver::[01;32m[KgetMotorInfo[m[K(sl::LidarMotorInfo&, sl_u32)[m[K’:
[8.971s] [01m[K/home/kango/musia_ws/src/sllidar_ros2/sdk/src/sl_lidar_driver.cpp:1023:66:[m[K [01;35m[Kwarning: [m[Kunused parameter ‘[01m[KtimeoutInMs[m[K’ [[01;35m[K-Wunused-parameter[m[K]
[8.971s]  1023 |         sl_result getMotorInfo(LidarMotorInfo &motorInfo, [01;35m[Ksl_u32 timeoutInMs[m[K)
[8.971s]       |                                                           [01;35m[K~~~~~~~^~~~~~~~~~~[m[K
[8.971s] [01m[K/home/kango/musia_ws/src/sllidar_ros2/sdk/src/sl_lidar_driver.cpp:[m[K In member function ‘[01m[Ku_result sl::SlamtecLidarDriver::[01;32m[KgetScanModeCount[m[K(sl_u16&, sl_u32)[m[K’:
[8.971s] [01m[K/home/kango/musia_ws/src/sllidar_ros2/sdk/src/sl_lidar_driver.cpp:1199:61:[m[K [01;35m[Kwarning: [m[Kunused parameter ‘[01m[KtimeoutInMs[m[K’ [[01;35m[K-Wunused-parameter[m[K]
[8.972s]  1199 |         u_result getScanModeCount(sl_u16& modeCount, [01;35m[Ksl_u32 timeoutInMs = DEFAULT_TIMEOUT[m[K)
[8.972s]       |                                                      [01;35m[K~~~~~~~^~~~~~~~~~~~~~~~~~~~~~~~~~~~~[m[K
[9.046s] /home/kango/musia_ws/src/sllidar_ros2/sdk/src/sl_lidar_driver.cpp: In instantiation of ‘[01m[Kvoid sl::RawSampleNodeHolder<T>::[01;32m[KpushNode[m[K(_u64, const T*) [35m[K[with T = sl_lidar_response_measurement_node_hq_t; _u64 = long unsigned int][m[K[m[K’:
[9.046s] [01m[K/home/kango/musia_ws/src/sllidar_ros2/sdk/src/sl_lidar_driver.cpp:1648:42:[m[K   required from here
[9.046s] [01m[K/home/kango/musia_ws/src/sllidar_ros2/sdk/src/sl_lidar_driver.cpp:202:28:[m[K [01;35m[Kwarning: [m[Kunused parameter ‘[01m[Ktimestamp_uS[m[K’ [[01;35m[K-Wunused-parameter[m[K]
[9.046s]   202 |         void pushNode([01;35m[K_u64 timestamp_uS[m[K, const T* node)
[9.046s]       |                       [01;35m[K~~~~~^~~~~~~~~~~~[m[K
[9.129s] In file included from [01m[K/home/kango/musia_ws/src/sllidar_ros2/./sdk/include/rplidar_protocol.h:36[m[K,
[9.129s]                  from [01m[K/home/kango/musia_ws/src/sllidar_ros2/./sdk/include/rplidar.h:39[m[K,
[9.129s]                  from [01m[K/home/kango/musia_ws/src/sllidar_ros2/sdk/src/sdkcommon.h:49[m[K,
[9.130s]                  from [01m[K/home/kango/musia_ws/src/sllidar_ros2/sdk/src/sl_lidarprotocol_codec.cpp:35[m[K:
[9.131s] [01m[K/home/kango/musia_ws/src/sllidar_ros2/./sdk/include/sl_lidar_protocol.h:66:16:[m[K [01;35m[Kwarning: [m[KISO C++ forbids zero-size array ‘[01m[Kdata[m[K’ [[01;35m[K-Wpedantic[m[K]
[9.131s]    66 |     sl_u8 data[[01;35m[K0[m[K];
[9.131s]       |                [01;35m[K^[m[K
[9.131s] In file included from [01m[K/home/kango/musia_ws/src/sllidar_ros2/./sdk/include/rplidar_cmd.h:36[m[K,
[9.131s]                  from [01m[K/home/kango/musia_ws/src/sllidar_ros2/./sdk/include/rplidar.h:40[m[K:
[9.131s] [01m[K/home/kango/musia_ws/src/sllidar_ros2/./sdk/include/sl_lidar_cmd.h:324:20:[m[K [01;35m[Kwarning: [m[KISO C++ forbids zero-size array ‘[01m[Kpayload[m[K’ [[01;35m[K-Wpedantic[m[K]
[9.131s]   324 |     sl_u8  payload[[01;35m[K0[m[K];
[9.131s]       |                    [01;35m[K^[m[K
[9.246s] [01m[K/home/kango/musia_ws/src/sllidar_ros2/sdk/src/sl_lidar_driver.cpp:[m[K At global scope:
[9.246s] [01m[K/home/kango/musia_ws/src/sllidar_ros2/sdk/src/sl_lidar_driver.cpp:83:17:[m[K [01;35m[Kwarning: [m[K‘[01m[Kvoid sl::[01;32m[Kconvert[m[K(const sl_lidar_response_measurement_node_hq_t&, sl_lidar_response_measurement_node_t&)[m[K’ defined but not used [[01;35m[K-Wunused-function[m[K]
[9.247s]    83 |     static void [01;35m[Kconvert[m[K(const sl_lidar_response_measurement_node_hq_t& from, sl_lidar_response_measurement_node_t& to)
[9.247s]       |                 [01;35m[K^~~~~~~[m[K
[9.247s] [01m[K/home/kango/musia_ws/src/sllidar_ros2/sdk/src/sl_lidar_driver.cpp:75:17:[m[K [01;35m[Kwarning: [m[K‘[01m[Kvoid sl::[01;32m[Kconvert[m[K(const sl_lidar_response_measurement_node_t&, sl_lidar_response_measurement_node_hq_t&)[m[K’ defined but not used [[01;35m[K-Wunused-function[m[K]
[9.247s]    75 |     static void [01;35m[Kconvert[m[K(const sl_lidar_response_measurement_node_t& from, sl_lidar_response_measurement_node_hq_t& to)
[9.248s]       |                 [01;35m[K^~~~~~~[m[K
[9.248s] [01m[K/home/kango/musia_ws/src/sllidar_ros2/sdk/src/sl_lidar_driver.cpp:70:17:[m[K [01;35m[Kwarning: [m[K‘[01m[Kvoid sl::[01;32m[KprintDeprecationWarn[m[K(const char*, const char*)[m[K’ defined but not used [[01;35m[K-Wunused-function[m[K]
[9.248s]    70 |     static void [01;35m[KprintDeprecationWarn[m[K(const char* fn, const char* replacement)
[9.248s]       |                 [01;35m[K^~~~~~~~~~~~~~~~~~~~[m[K
[9.341s] In file included from [01m[K/home/kango/musia_ws/src/sllidar_ros2/sdk/src/sl_lidarprotocol_codec.cpp:49[m[K:
[9.341s] [01m[K/home/kango/musia_ws/src/sllidar_ros2/sdk/src/sl_async_transceiver.h:[m[K In member function ‘[01m[Kvirtual void sl::internal::IAsyncProtocolCodec::[01;32m[KonChannelError[m[K(u_result)[m[K’:
[9.341s] [01m[K/home/kango/musia_ws/src/sllidar_ros2/sdk/src/sl_async_transceiver.h:90:48:[m[K [01;35m[Kwarning: [m[Kunused parameter ‘[01m[KerrCode[m[K’ [[01;35m[K-Wunused-parameter[m[K]
[9.341s]    90 |         virtual void   onChannelError([01;35m[Ku_result errCode[m[K) {}
[9.342s]       |                                       [01;35m[K~~~~~~~~~^~~~~~~[m[K
[9.554s] [ 80%] [32mBuilding CXX object CMakeFiles/sllidar_node.dir/sdk/src/sl_serial_channel.cpp.o[0m
[10.042s] [ 85%] [32mBuilding CXX object CMakeFiles/sllidar_node.dir/sdk/src/sl_tcp_channel.cpp.o[0m
[10.053s] In file included from [01m[K/home/kango/musia_ws/src/sllidar_ros2/./sdk/include/sl_lidar_cmd.h:41[m[K,
[10.053s]                  from [01m[K/home/kango/musia_ws/src/sllidar_ros2/./sdk/include/sl_lidar_driver.h:54[m[K,
[10.053s]                  from [01m[K/home/kango/musia_ws/src/sllidar_ros2/sdk/src/sl_serial_channel.cpp:33[m[K:
[10.053s] [01m[K/home/kango/musia_ws/src/sllidar_ros2/./sdk/include/sl_lidar_protocol.h:66:16:[m[K [01;35m[Kwarning: [m[KISO C++ forbids zero-size array ‘[01m[Kdata[m[K’ [[01;35m[K-Wpedantic[m[K]
[10.054s]    66 |     sl_u8 data[[01;35m[K0[m[K];
[10.055s]       |                [01;35m[K^[m[K
[10.055s] [01m[K/home/kango/musia_ws/src/sllidar_ros2/./sdk/include/sl_lidar_cmd.h:324:20:[m[K [01;35m[Kwarning: [m[KISO C++ forbids zero-size array ‘[01m[Kpayload[m[K’ [[01;35m[K-Wpedantic[m[K]
[10.056s]   324 |     sl_u8  payload[[01;35m[K0[m[K];
[10.056s]       |                    [01;35m[K^[m[K
[10.182s] [ 90%] [32mBuilding CXX object CMakeFiles/sllidar_node.dir/sdk/src/sl_udp_channel.cpp.o[0m
[10.497s] In file included from [01m[K/home/kango/musia_ws/src/sllidar_ros2/./sdk/include/sl_lidar_cmd.h:41[m[K,
[10.497s]                  from [01m[K/home/kango/musia_ws/src/sllidar_ros2/./sdk/include/sl_lidar_driver.h:54[m[K,
[10.497s]                  from [01m[K/home/kango/musia_ws/src/sllidar_ros2/sdk/src/sl_tcp_channel.cpp:33[m[K:
[10.498s] [01m[K/home/kango/musia_ws/src/sllidar_ros2/./sdk/include/sl_lidar_protocol.h:66:16:[m[K [01;35m[Kwarning: [m[KISO C++ forbids zero-size array ‘[01m[Kdata[m[K’ [[01;35m[K-Wpedantic[m[K]
[10.498s]    66 |     sl_u8 data[[01;35m[K0[m[K];
[10.498s]       |                [01;35m[K^[m[K
[10.498s] [01m[K/home/kango/musia_ws/src/sllidar_ros2/./sdk/include/sl_lidar_cmd.h:324:20:[m[K [01;35m[Kwarning: [m[KISO C++ forbids zero-size array ‘[01m[Kpayload[m[K’ [[01;35m[K-Wpedantic[m[K]
[10.498s]   324 |     sl_u8  payload[[01;35m[K0[m[K];
[10.499s]       |                    [01;35m[K^[m[K
[10.505s] [01m[K/home/kango/musia_ws/src/sllidar_ros2/sdk/src/sl_tcp_channel.cpp:[m[K In member function ‘[01m[Kvoid sl::TcpChannel::[01;32m[KsetStatus[m[K(_u32)[m[K’:
[10.506s] [01m[K/home/kango/musia_ws/src/sllidar_ros2/sdk/src/sl_tcp_channel.cpp:109:29:[m[K [01;35m[Kwarning: [m[Kunused parameter ‘[01m[Kflag[m[K’ [[01;35m[K-Wunused-parameter[m[K]
[10.506s]   109 |         void setStatus([01;35m[K_u32 flag[m[K){}
[10.506s]       |                        [01;35m[K~~~~~^~~~[m[K
[10.643s] In file included from [01m[K/home/kango/musia_ws/src/sllidar_ros2/./sdk/include/sl_lidar_cmd.h:41[m[K,
[10.643s]                  from [01m[K/home/kango/musia_ws/src/sllidar_ros2/./sdk/include/sl_lidar_driver.h:54[m[K,
[10.644s]                  from [01m[K/home/kango/musia_ws/src/sllidar_ros2/sdk/src/sl_udp_channel.cpp:33[m[K:
[10.645s] [01m[K/home/kango/musia_ws/src/sllidar_ros2/./sdk/include/sl_lidar_protocol.h:66:16:[m[K [01;35m[Kwarning: [m[KISO C++ forbids zero-size array ‘[01m[Kdata[m[K’ [[01;35m[K-Wpedantic[m[K]
[10.645s]    66 |     sl_u8 data[[01;35m[K0[m[K];
[10.645s]       |                [01;35m[K^[m[K
[10.645s] [01m[K/home/kango/musia_ws/src/sllidar_ros2/./sdk/include/sl_lidar_cmd.h:324:20:[m[K [01;35m[Kwarning: [m[KISO C++ forbids zero-size array ‘[01m[Kpayload[m[K’ [[01;35m[K-Wpedantic[m[K]
[10.645s]   324 |     sl_u8  payload[[01;35m[K0[m[K];
[10.645s]       |                    [01;35m[K^[m[K
[10.650s] [01m[K/home/kango/musia_ws/src/sllidar_ros2/sdk/src/sl_udp_channel.cpp:[m[K In member function ‘[01m[Kvoid sl::UdpChannel::[01;32m[KsetStatus[m[K(_u32)[m[K’:
[10.651s] [01m[K/home/kango/musia_ws/src/sllidar_ros2/sdk/src/sl_udp_channel.cpp:112:29:[m[K [01;35m[Kwarning: [m[Kunused parameter ‘[01m[Kflag[m[K’ [[01;35m[K-Wunused-parameter[m[K]
[10.651s]   112 |         void setStatus([01;35m[K_u32 flag[m[K){}
[10.651s]       |                        [01;35m[K~~~~~^~~~[m[K
[12.968s] [ 95%] [32m[1mLinking CXX executable sllidar_node[0m
[13.587s] [ 95%] Built target sllidar_node
[16.309s] [100%] [32m[1mLinking CXX executable sllidar_client[0m
[16.927s] [100%] Built target sllidar_client
[16.949s] Invoked command in '/home/kango/musia_ws/build/sllidar_ros2' returned '0': CMAKE_PREFIX_PATH=${CMAKE_PREFIX_PATH}:/home/kango/musia_ws/install/musia_navigation:/home/kango/musia_ws/src/musia_navigation/install/musia_navigation:/home/kango/musia_ws/install/musia_tour_manager:/home/kango/musia_ws/install/musia_arduino_bridge:/opt/ros/jazzy /usr/bin/cmake --build /home/kango/musia_ws/build/sllidar_ros2 -- -j4 -l4
[16.969s] Invoking command in '/home/kango/musia_ws/build/sllidar_ros2': CMAKE_PREFIX_PATH=${CMAKE_PREFIX_PATH}:/home/kango/musia_ws/install/musia_navigation:/home/kango/musia_ws/src/musia_navigation/install/musia_navigation:/home/kango/musia_ws/install/musia_tour_manager:/home/kango/musia_ws/install/musia_arduino_bridge:/opt/ros/jazzy /usr/bin/cmake --install /home/kango/musia_ws/build/sllidar_ros2
[16.984s] -- Install configuration: ""
[16.984s] -- Installing: /home/kango/musia_ws/install/sllidar_ros2/share/sllidar_ros2/launch
[16.984s] -- Installing: /home/kango/musia_ws/install/sllidar_ros2/share/sllidar_ros2/launch/view_sllidar_a3_launch.py
[16.984s] -- Installing: /home/kango/musia_ws/install/sllidar_ros2/share/sllidar_ros2/launch/sllidar_s2e_launch.py
[16.984s] -- Installing: /home/kango/musia_ws/install/sllidar_ros2/share/sllidar_ros2/launch/view_sllidar_c1_launch.py
[16.984s] -- Installing: /home/kango/musia_ws/install/sllidar_ros2/share/sllidar_ros2/launch/view_sllidar_s2e_launch.py
[16.985s] -- Installing: /home/kango/musia_ws/install/sllidar_ros2/share/sllidar_ros2/launch/view_sllidar_a2m8_launch.py
[16.985s] -- Installing: /home/kango/musia_ws/install/sllidar_ros2/share/sllidar_ros2/launch/sllidar_a3_launch.py
[16.985s] -- Installing: /home/kango/musia_ws/install/sllidar_ros2/share/sllidar_ros2/launch/sllidar_a2m7_launch.py
[16.985s] -- Installing: /home/kango/musia_ws/install/sllidar_ros2/share/sllidar_ros2/launch/view_sllidar_s1_launch.py
[16.986s] -- Installing: /home/kango/musia_ws/install/sllidar_ros2/share/sllidar_ros2/launch/view_sllidar_a1_launch.py
[16.986s] -- Installing: /home/kango/musia_ws/install/sllidar_ros2/share/sllidar_ros2/launch/view_sllidar_s2_launch.py
[16.986s] -- Installing: /home/kango/musia_ws/install/sllidar_ros2/share/sllidar_ros2/launch/sllidar_s1_tcp_launch.py
[16.986s] -- Installing: /home/kango/musia_ws/install/sllidar_ros2/share/sllidar_ros2/launch/sllidar_c1_launch.py
[16.986s] -- Installing: /home/kango/musia_ws/install/sllidar_ros2/share/sllidar_ros2/launch/sllidar_s1_launch.py
[16.986s] -- Installing: /home/kango/musia_ws/install/sllidar_ros2/share/sllidar_ros2/launch/sllidar_a1_launch.py
[16.987s] -- Installing: /home/kango/musia_ws/install/sllidar_ros2/share/sllidar_ros2/launch/sllidar_a2m8_launch.py
[16.987s] -- Installing: /home/kango/musia_ws/install/sllidar_ros2/share/sllidar_ros2/launch/view_sllidar_s1_tcp_launch.py
[16.987s] -- Installing: /home/kango/musia_ws/install/sllidar_ros2/share/sllidar_ros2/launch/sllidar_t1_launch.py
[16.987s] -- Installing: /home/kango/musia_ws/install/sllidar_ros2/share/sllidar_ros2/launch/sllidar_s3_launch.py
[16.987s] -- Installing: /home/kango/musia_ws/install/sllidar_ros2/share/sllidar_ros2/launch/sllidar_s2_launch.py
[16.987s] -- Installing: /home/kango/musia_ws/install/sllidar_ros2/share/sllidar_ros2/launch/view_sllidar_a2m7_launch.py
[16.987s] -- Installing: /home/kango/musia_ws/install/sllidar_ros2/share/sllidar_ros2/launch/view_sllidar_s3_launch.py
[16.987s] -- Installing: /home/kango/musia_ws/install/sllidar_ros2/share/sllidar_ros2/launch/view_sllidar_a2m12_launch.py
[16.988s] -- Installing: /home/kango/musia_ws/install/sllidar_ros2/share/sllidar_ros2/launch/view_sllidar_t1_launch.py
[16.988s] -- Installing: /home/kango/musia_ws/install/sllidar_ros2/share/sllidar_ros2/launch/sllidar_a2m12_launch .py
[16.988s] -- Installing: /home/kango/musia_ws/install/sllidar_ros2/share/sllidar_ros2/rviz
[16.988s] -- Installing: /home/kango/musia_ws/install/sllidar_ros2/share/sllidar_ros2/rviz/sllidar_ros2.rviz
[16.988s] -- Installing: /home/kango/musia_ws/install/sllidar_ros2/lib/sllidar_ros2/sllidar_node
[16.992s] -- Set non-toolchain portion of runtime path of "/home/kango/musia_ws/install/sllidar_ros2/lib/sllidar_ros2/sllidar_node" to ""
[16.992s] -- Installing: /home/kango/musia_ws/install/sllidar_ros2/lib/sllidar_ros2/sllidar_client
[16.999s] -- Set non-toolchain portion of runtime path of "/home/kango/musia_ws/install/sllidar_ros2/lib/sllidar_ros2/sllidar_client" to ""
[17.000s] -- Installing: /home/kango/musia_ws/install/sllidar_ros2/share/ament_index/resource_index/package_run_dependencies/sllidar_ros2
[17.000s] -- Installing: /home/kango/musia_ws/install/sllidar_ros2/share/ament_index/resource_index/parent_prefix_path/sllidar_ros2
[17.000s] -- Installing: /home/kango/musia_ws/install/sllidar_ros2/share/sllidar_ros2/environment/ament_prefix_path.sh
[17.000s] -- Installing: /home/kango/musia_ws/install/sllidar_ros2/share/sllidar_ros2/environment/ament_prefix_path.dsv
[17.000s] -- Installing: /home/kango/musia_ws/install/sllidar_ros2/share/sllidar_ros2/environment/path.sh
[17.001s] -- Installing: /home/kango/musia_ws/install/sllidar_ros2/share/sllidar_ros2/environment/path.dsv
[17.001s] -- Installing: /home/kango/musia_ws/install/sllidar_ros2/share/sllidar_ros2/local_setup.bash
[17.001s] -- Installing: /home/kango/musia_ws/install/sllidar_ros2/share/sllidar_ros2/local_setup.sh
[17.001s] -- Installing: /home/kango/musia_ws/install/sllidar_ros2/share/sllidar_ros2/local_setup.zsh
[17.001s] -- Installing: /home/kango/musia_ws/install/sllidar_ros2/share/sllidar_ros2/local_setup.dsv
[17.001s] -- Installing: /home/kango/musia_ws/install/sllidar_ros2/share/sllidar_ros2/package.dsv
[17.002s] -- Installing: /home/kango/musia_ws/install/sllidar_ros2/share/ament_index/resource_index/packages/sllidar_ros2
[17.002s] -- Installing: /home/kango/musia_ws/install/sllidar_ros2/share/sllidar_ros2/cmake/ament_cmake_export_dependencies-extras.cmake
[17.002s] -- Installing: /home/kango/musia_ws/install/sllidar_ros2/share/sllidar_ros2/cmake/ament_cmake_export_include_directories-extras.cmake
[17.002s] -- Installing: /home/kango/musia_ws/install/sllidar_ros2/share/sllidar_ros2/cmake/sllidar_ros2Config.cmake
[17.002s] -- Installing: /home/kango/musia_ws/install/sllidar_ros2/share/sllidar_ros2/cmake/sllidar_ros2Config-version.cmake
[17.002s] -- Installing: /home/kango/musia_ws/install/sllidar_ros2/share/sllidar_ros2/package.xml
[17.006s] Invoked command in '/home/kango/musia_ws/build/sllidar_ros2' returned '0': CMAKE_PREFIX_PATH=${CMAKE_PREFIX_PATH}:/home/kango/musia_ws/install/musia_navigation:/home/kango/musia_ws/src/musia_navigation/install/musia_navigation:/home/kango/musia_ws/install/musia_tour_manager:/home/kango/musia_ws/install/musia_arduino_bridge:/opt/ros/jazzy /usr/bin/cmake --install /home/kango/musia_ws/build/sllidar_ros2
