-- Found ament_cmake: 2.5.6 (/opt/ros/jazzy/share/ament_cmake/cmake)
-- Override CMake install command with custom implementation using symlinks instead of copying resources
-- Found ament_lint_auto: 0.17.5 (/opt/ros/jazzy/share/ament_lint_auto/cmake)
-- Added test 'copyright' to check source files copyright and LICENSE
-- Added test 'flake8' to check Python code syntax and style conventions
-- Configured 'flake8' exclude dirs and/or files: 
-- Added test 'lint_cmake' to check CMake code style
-- Added test 'pep257' to check Python code against some of the docstring style conventions in PEP 257
-- Added test 'xmllint' to check XML markup files
-- Configuring done (0.5s)
-- Generating done (0.0s)
-- Build files have been written to: /home/kango/musia_ws/build/musia_bringup
-- Install configuration: ""
-- Execute custom install script
-- Up-to-date symlink: /home/kango/musia_ws/install/musia_bringup/share/musia_bringup/launch/demo.launch.py
-- Up-to-date symlink: /home/kango/musia_ws/install/musia_bringup/share/musia_bringup/launch/musia.launch.py
-- Up-to-date symlink: /home/kango/musia_ws/install/musia_bringup/share/musia_bringup/launch/navigation.launch.py
-- Up-to-date symlink: /home/kango/musia_ws/install/musia_bringup/share/musia_bringup/config/musia_params.yaml
-- Up-to-date symlink: /home/kango/musia_ws/install/musia_bringup/share/musia_bringup/config/nav2_params.yaml
-- Up-to-date symlink: /home/kango/musia_ws/install/musia_bringup/share/musia_bringup/maps/famienkro.pgm
-- Up-to-date symlink: /home/kango/musia_ws/install/musia_bringup/share/musia_bringup/maps/famienkro.yaml
-- Symlinking: /home/kango/musia_ws/install/musia_bringup/share/ament_index/resource_index/package_run_dependencies/musia_bringup
-- Symlinking: /home/kango/musia_ws/install/musia_bringup/share/ament_index/resource_index/parent_prefix_path/musia_bringup
-- Symlinking: /home/kango/musia_ws/install/musia_bringup/share/musia_bringup/environment/ament_prefix_path.sh
-- Symlinking: /home/kango/musia_ws/install/musia_bringup/share/musia_bringup/environment/ament_prefix_path.dsv
-- Symlinking: /home/kango/musia_ws/install/musia_bringup/share/musia_bringup/environment/path.sh
-- Symlinking: /home/kango/musia_ws/install/musia_bringup/share/musia_bringup/environment/path.dsv
-- Symlinking: /home/kango/musia_ws/install/musia_bringup/share/musia_bringup/local_setup.bash
-- Symlinking: /home/kango/musia_ws/install/musia_bringup/share/musia_bringup/local_setup.sh
-- Symlinking: /home/kango/musia_ws/install/musia_bringup/share/musia_bringup/local_setup.zsh
-- Symlinking: /home/kango/musia_ws/install/musia_bringup/share/musia_bringup/local_setup.dsv
-- Symlinking: /home/kango/musia_ws/install/musia_bringup/share/musia_bringup/package.dsv
-- Symlinking: /home/kango/musia_ws/install/musia_bringup/share/ament_index/resource_index/packages/musia_bringup
-- Symlinking: /home/kango/musia_ws/install/musia_bringup/share/musia_bringup/cmake/musia_bringupConfig.cmake
-- Symlinking: /home/kango/musia_ws/install/musia_bringup/share/musia_bringup/cmake/musia_bringupConfig-version.cmake
-- Up-to-date symlink: /home/kango/musia_ws/install/musia_bringup/share/musia_bringup/package.xml
