[0.023s] Invoking command in '/home/kango/musia_ws/build/musia_bringup': AMENT_PREFIX_PATH=/home/kango/musia_ws/install/musia_tour_manager:/home/kango/musia_ws/install/musia_arduino_bridge:/home/kango/musia_ws/install/musia_bringup:/home/kango/musia_ws/install/musia_msgs:/opt/ros/jazzy CMAKE_PREFIX_PATH=${CMAKE_PREFIX_PATH}:/home/kango/musia_ws/install/musia_tour_manager:/home/kango/musia_ws/install/musia_bringup:/home/kango/musia_ws/install/musia_arduino_bridge:/opt/ros/jazzy PYTHONPATH=/home/kango/musia_ws/install/musia_tour_manager/lib/python3.12/site-packages:/home/kango/musia_ws/install/musia_msgs/lib/python3.12/site-packages:/home/kango/musia_ws/build/musia_arduino_bridge:/home/kango/musia_ws/install/musia_arduino_bridge/lib/python3.12/site-packages:/home/kango/musia_ws/build/musia_tour_manager:/home/kango/musia_ws/build/musia_bringup:/home/kango/musia_ws/install/musia_bringup/lib/python3.12/site-packages:/opt/ros/jazzy/lib/python3.12/site-packages /usr/bin/cmake /home/kango/musia_ws/src/musia_bringup -DCMAKE_INSTALL_PREFIX=/home/kango/musia_ws/install/musia_bringup
[0.156s] -- The C compiler identification is GNU 13.3.0
[0.254s] -- The CXX compiler identification is GNU 13.3.0
[0.283s] -- Detecting C compiler ABI info
[0.446s] -- Detecting C compiler ABI info - done
[0.461s] -- Check for working C compiler: /usr/bin/cc - skipped
[0.461s] -- Detecting C compile features
[0.462s] -- Detecting C compile features - done
[0.476s] -- Detecting CXX compiler ABI info
[0.656s] -- Detecting CXX compiler ABI info - done
[0.671s] -- Check for working CXX compiler: /usr/bin/c++ - skipped
[0.672s] -- Detecting CXX compile features
[0.673s] -- Detecting CXX compile features - done
[0.679s] -- Found ament_cmake: 2.5.6 (/opt/ros/jazzy/share/ament_cmake/cmake)
[0.920s] -- Found Python3: /usr/bin/python3 (found version "3.12.3") found components: Interpreter 
[1.128s] -- Found ament_lint_auto: 0.17.5 (/opt/ros/jazzy/share/ament_lint_auto/cmake)
[1.349s] -- Added test 'copyright' to check source files copyright and LICENSE
[1.354s] -- Added test 'flake8' to check Python code syntax and style conventions
[1.354s] -- Configured 'flake8' exclude dirs and/or files: 
[1.355s] -- Added test 'lint_cmake' to check CMake code style
[1.357s] -- Added test 'pep257' to check Python code against some of the docstring style conventions in PEP 257
[1.360s] -- Added test 'xmllint' to check XML markup files
[1.363s] -- Configuring done (1.3s)
[1.368s] -- Generating done (0.0s)
[1.370s] -- Build files have been written to: /home/kango/musia_ws/build/musia_bringup
[1.379s] Invoked command in '/home/kango/musia_ws/build/musia_bringup' returned '0': AMENT_PREFIX_PATH=/home/kango/musia_ws/install/musia_tour_manager:/home/kango/musia_ws/install/musia_arduino_bridge:/home/kango/musia_ws/install/musia_bringup:/home/kango/musia_ws/install/musia_msgs:/opt/ros/jazzy CMAKE_PREFIX_PATH=${CMAKE_PREFIX_PATH}:/home/kango/musia_ws/install/musia_tour_manager:/home/kango/musia_ws/install/musia_bringup:/home/kango/musia_ws/install/musia_arduino_bridge:/opt/ros/jazzy PYTHONPATH=/home/kango/musia_ws/install/musia_tour_manager/lib/python3.12/site-packages:/home/kango/musia_ws/install/musia_msgs/lib/python3.12/site-packages:/home/kango/musia_ws/build/musia_arduino_bridge:/home/kango/musia_ws/install/musia_arduino_bridge/lib/python3.12/site-packages:/home/kango/musia_ws/build/musia_tour_manager:/home/kango/musia_ws/build/musia_bringup:/home/kango/musia_ws/install/musia_bringup/lib/python3.12/site-packages:/opt/ros/jazzy/lib/python3.12/site-packages /usr/bin/cmake /home/kango/musia_ws/src/musia_bringup -DCMAKE_INSTALL_PREFIX=/home/kango/musia_ws/install/musia_bringup
[1.381s] Invoking command in '/home/kango/musia_ws/build/musia_bringup': AMENT_PREFIX_PATH=/home/kango/musia_ws/install/musia_tour_manager:/home/kango/musia_ws/install/musia_arduino_bridge:/home/kango/musia_ws/install/musia_bringup:/home/kango/musia_ws/install/musia_msgs:/opt/ros/jazzy CMAKE_PREFIX_PATH=${CMAKE_PREFIX_PATH}:/home/kango/musia_ws/install/musia_tour_manager:/home/kango/musia_ws/install/musia_bringup:/home/kango/musia_ws/install/musia_arduino_bridge:/opt/ros/jazzy PYTHONPATH=/home/kango/musia_ws/install/musia_tour_manager/lib/python3.12/site-packages:/home/kango/musia_ws/install/musia_msgs/lib/python3.12/site-packages:/home/kango/musia_ws/build/musia_arduino_bridge:/home/kango/musia_ws/install/musia_arduino_bridge/lib/python3.12/site-packages:/home/kango/musia_ws/build/musia_tour_manager:/home/kango/musia_ws/build/musia_bringup:/home/kango/musia_ws/install/musia_bringup/lib/python3.12/site-packages:/opt/ros/jazzy/lib/python3.12/site-packages /usr/bin/cmake --build /home/kango/musia_ws/build/musia_bringup -- -j4 -l4
[1.455s] Invoked command in '/home/kango/musia_ws/build/musia_bringup' returned '0': AMENT_PREFIX_PATH=/home/kango/musia_ws/install/musia_tour_manager:/home/kango/musia_ws/install/musia_arduino_bridge:/home/kango/musia_ws/install/musia_bringup:/home/kango/musia_ws/install/musia_msgs:/opt/ros/jazzy CMAKE_PREFIX_PATH=${CMAKE_PREFIX_PATH}:/home/kango/musia_ws/install/musia_tour_manager:/home/kango/musia_ws/install/musia_bringup:/home/kango/musia_ws/install/musia_arduino_bridge:/opt/ros/jazzy PYTHONPATH=/home/kango/musia_ws/install/musia_tour_manager/lib/python3.12/site-packages:/home/kango/musia_ws/install/musia_msgs/lib/python3.12/site-packages:/home/kango/musia_ws/build/musia_arduino_bridge:/home/kango/musia_ws/install/musia_arduino_bridge/lib/python3.12/site-packages:/home/kango/musia_ws/build/musia_tour_manager:/home/kango/musia_ws/build/musia_bringup:/home/kango/musia_ws/install/musia_bringup/lib/python3.12/site-packages:/opt/ros/jazzy/lib/python3.12/site-packages /usr/bin/cmake --build /home/kango/musia_ws/build/musia_bringup -- -j4 -l4
[1.475s] Invoking command in '/home/kango/musia_ws/build/musia_bringup': AMENT_PREFIX_PATH=/home/kango/musia_ws/install/musia_tour_manager:/home/kango/musia_ws/install/musia_arduino_bridge:/home/kango/musia_ws/install/musia_bringup:/home/kango/musia_ws/install/musia_msgs:/opt/ros/jazzy CMAKE_PREFIX_PATH=${CMAKE_PREFIX_PATH}:/home/kango/musia_ws/install/musia_tour_manager:/home/kango/musia_ws/install/musia_bringup:/home/kango/musia_ws/install/musia_arduino_bridge:/opt/ros/jazzy PYTHONPATH=/home/kango/musia_ws/install/musia_tour_manager/lib/python3.12/site-packages:/home/kango/musia_ws/install/musia_msgs/lib/python3.12/site-packages:/home/kango/musia_ws/build/musia_arduino_bridge:/home/kango/musia_ws/install/musia_arduino_bridge/lib/python3.12/site-packages:/home/kango/musia_ws/build/musia_tour_manager:/home/kango/musia_ws/build/musia_bringup:/home/kango/musia_ws/install/musia_bringup/lib/python3.12/site-packages:/opt/ros/jazzy/lib/python3.12/site-packages /usr/bin/cmake --install /home/kango/musia_ws/build/musia_bringup
[1.490s] -- Install configuration: ""
[1.490s] -- Up-to-date: /home/kango/musia_ws/install/musia_bringup/share/musia_bringup/launch
[1.490s] -- Up-to-date: /home/kango/musia_ws/install/musia_bringup/share/musia_bringup/config
[1.490s] -- Up-to-date: /home/kango/musia_ws/install/musia_bringup/share/musia_bringup/maps
[1.490s] -- Installing: /home/kango/musia_ws/install/musia_bringup/share/ament_index/resource_index/package_run_dependencies/musia_bringup
[1.490s] -- Installing: /home/kango/musia_ws/install/musia_bringup/share/ament_index/resource_index/parent_prefix_path/musia_bringup
[1.491s] -- Installing: /home/kango/musia_ws/install/musia_bringup/share/musia_bringup/environment/ament_prefix_path.sh
[1.491s] -- Installing: /home/kango/musia_ws/install/musia_bringup/share/musia_bringup/environment/ament_prefix_path.dsv
[1.491s] -- Installing: /home/kango/musia_ws/install/musia_bringup/share/musia_bringup/environment/path.sh
[1.491s] -- Installing: /home/kango/musia_ws/install/musia_bringup/share/musia_bringup/environment/path.dsv
[1.491s] -- Installing: /home/kango/musia_ws/install/musia_bringup/share/musia_bringup/local_setup.bash
[1.491s] -- Installing: /home/kango/musia_ws/install/musia_bringup/share/musia_bringup/local_setup.sh
[1.492s] -- Installing: /home/kango/musia_ws/install/musia_bringup/share/musia_bringup/local_setup.zsh
[1.492s] -- Installing: /home/kango/musia_ws/install/musia_bringup/share/musia_bringup/local_setup.dsv
[1.492s] -- Installing: /home/kango/musia_ws/install/musia_bringup/share/musia_bringup/package.dsv
[1.492s] -- Installing: /home/kango/musia_ws/install/musia_bringup/share/ament_index/resource_index/packages/musia_bringup
[1.492s] -- Installing: /home/kango/musia_ws/install/musia_bringup/share/musia_bringup/cmake/musia_bringupConfig.cmake
[1.493s] -- Installing: /home/kango/musia_ws/install/musia_bringup/share/musia_bringup/cmake/musia_bringupConfig-version.cmake
[1.496s] Invoked command in '/home/kango/musia_ws/build/musia_bringup' returned '0': AMENT_PREFIX_PATH=/home/kango/musia_ws/install/musia_tour_manager:/home/kango/musia_ws/install/musia_arduino_bridge:/home/kango/musia_ws/install/musia_bringup:/home/kango/musia_ws/install/musia_msgs:/opt/ros/jazzy CMAKE_PREFIX_PATH=${CMAKE_PREFIX_PATH}:/home/kango/musia_ws/install/musia_tour_manager:/home/kango/musia_ws/install/musia_bringup:/home/kango/musia_ws/install/musia_arduino_bridge:/opt/ros/jazzy PYTHONPATH=/home/kango/musia_ws/install/musia_tour_manager/lib/python3.12/site-packages:/home/kango/musia_ws/install/musia_msgs/lib/python3.12/site-packages:/home/kango/musia_ws/build/musia_arduino_bridge:/home/kango/musia_ws/install/musia_arduino_bridge/lib/python3.12/site-packages:/home/kango/musia_ws/build/musia_tour_manager:/home/kango/musia_ws/build/musia_bringup:/home/kango/musia_ws/install/musia_bringup/lib/python3.12/site-packages:/opt/ros/jazzy/lib/python3.12/site-packages /usr/bin/cmake --install /home/kango/musia_ws/build/musia_bringup
