[1.070s] Invoking command in '/home/kango/musia_ws/src/musia_tour_manager': PYTHONPATH=/home/kango/musia_ws/build/musia_tour_manager/prefix_override:/usr/lib/python3/dist-packages/colcon_core/task/python/colcon_distutils_commands:/home/kango/musia_ws/install/musia_tour_manager/lib/python3.12/site-packages:/home/kango/musia_ws/install/musia_msgs/lib/python3.12/site-packages:/home/kango/musia_ws/install/musia_bringup/lib/python3.12/site-packages:/opt/ros/jazzy/lib/python3.12/site-packages /usr/bin/python3 -W ignore:setup.py install is deprecated -W ignore:easy_install command is deprecated setup.py egg_info --egg-base ../../build/musia_tour_manager build --build-base /home/kango/musia_ws/build/musia_tour_manager/build install --record /home/kango/musia_ws/build/musia_tour_manager/install.log --single-version-externally-managed install_data
[1.387s] running egg_info
[1.387s] creating ../../build/musia_tour_manager/musia_tour_manager.egg-info
[1.408s] writing ../../build/musia_tour_manager/musia_tour_manager.egg-info/PKG-INFO
[1.408s] writing dependency_links to ../../build/musia_tour_manager/musia_tour_manager.egg-info/dependency_links.txt
[1.408s] writing entry points to ../../build/musia_tour_manager/musia_tour_manager.egg-info/entry_points.txt
[1.409s] writing requirements to ../../build/musia_tour_manager/musia_tour_manager.egg-info/requires.txt
[1.409s] writing top-level names to ../../build/musia_tour_manager/musia_tour_manager.egg-info/top_level.txt
[1.409s] writing manifest file '../../build/musia_tour_manager/musia_tour_manager.egg-info/SOURCES.txt'
[1.452s] reading manifest file '../../build/musia_tour_manager/musia_tour_manager.egg-info/SOURCES.txt'
[1.453s] writing manifest file '../../build/musia_tour_manager/musia_tour_manager.egg-info/SOURCES.txt'
[1.453s] running build
[1.453s] running build_py
[1.453s] creating /home/kango/musia_ws/build/musia_tour_manager/build
[1.453s] creating /home/kango/musia_ws/build/musia_tour_manager/build/lib
[1.454s] creating /home/kango/musia_ws/build/musia_tour_manager/build/lib/musia_tour_manager
[1.454s] copying musia_tour_manager/states.py -> /home/kango/musia_ws/build/musia_tour_manager/build/lib/musia_tour_manager
[1.454s] copying musia_tour_manager/__init__.py -> /home/kango/musia_ws/build/musia_tour_manager/build/lib/musia_tour_manager
[1.454s] copying musia_tour_manager/tour_manager_node.py -> /home/kango/musia_ws/build/musia_tour_manager/build/lib/musia_tour_manager
[1.454s] running install
[1.463s] running install_lib
[1.485s] creating /home/kango/musia_ws/install/musia_tour_manager/lib/python3.12/site-packages/musia_tour_manager
[1.485s] copying /home/kango/musia_ws/build/musia_tour_manager/build/lib/musia_tour_manager/states.py -> /home/kango/musia_ws/install/musia_tour_manager/lib/python3.12/site-packages/musia_tour_manager
[1.485s] copying /home/kango/musia_ws/build/musia_tour_manager/build/lib/musia_tour_manager/__init__.py -> /home/kango/musia_ws/install/musia_tour_manager/lib/python3.12/site-packages/musia_tour_manager
[1.485s] copying /home/kango/musia_ws/build/musia_tour_manager/build/lib/musia_tour_manager/tour_manager_node.py -> /home/kango/musia_ws/install/musia_tour_manager/lib/python3.12/site-packages/musia_tour_manager
[1.486s] byte-compiling /home/kango/musia_ws/install/musia_tour_manager/lib/python3.12/site-packages/musia_tour_manager/states.py to states.cpython-312.pyc
[1.487s] byte-compiling /home/kango/musia_ws/install/musia_tour_manager/lib/python3.12/site-packages/musia_tour_manager/__init__.py to __init__.cpython-312.pyc
[1.487s] byte-compiling /home/kango/musia_ws/install/musia_tour_manager/lib/python3.12/site-packages/musia_tour_manager/tour_manager_node.py to tour_manager_node.cpython-312.pyc
[1.489s] running install_data
[1.489s] creating /home/kango/musia_ws/install/musia_tour_manager/share/ament_index
[1.489s] creating /home/kango/musia_ws/install/musia_tour_manager/share/ament_index/resource_index
[1.489s] creating /home/kango/musia_ws/install/musia_tour_manager/share/ament_index/resource_index/packages
[1.490s] copying resource/musia_tour_manager -> /home/kango/musia_ws/install/musia_tour_manager/share/ament_index/resource_index/packages
[1.490s] copying package.xml -> /home/kango/musia_ws/install/musia_tour_manager/share/musia_tour_manager
[1.490s] running install_egg_info
[1.513s] Copying ../../build/musia_tour_manager/musia_tour_manager.egg-info to /home/kango/musia_ws/install/musia_tour_manager/lib/python3.12/site-packages/musia_tour_manager-0.1.0-py3.12.egg-info
[1.514s] running install_scripts
[1.667s] Installing tour_manager_node script to /home/kango/musia_ws/install/musia_tour_manager/bin
[1.668s] writing list of installed files to '/home/kango/musia_ws/build/musia_tour_manager/install.log'
[1.743s] Invoked command in '/home/kango/musia_ws/src/musia_tour_manager' returned '0': PYTHONPATH=/home/kango/musia_ws/build/musia_tour_manager/prefix_override:/usr/lib/python3/dist-packages/colcon_core/task/python/colcon_distutils_commands:/home/kango/musia_ws/install/musia_tour_manager/lib/python3.12/site-packages:/home/kango/musia_ws/install/musia_msgs/lib/python3.12/site-packages:/home/kango/musia_ws/install/musia_bringup/lib/python3.12/site-packages:/opt/ros/jazzy/lib/python3.12/site-packages /usr/bin/python3 -W ignore:setup.py install is deprecated -W ignore:easy_install command is deprecated setup.py egg_info --egg-base ../../build/musia_tour_manager build --build-base /home/kango/musia_ws/build/musia_tour_manager/build install --record /home/kango/musia_ws/build/musia_tour_manager/install.log --single-version-externally-managed install_data
