[1.093s] Invoking command in '/home/kango/musia_ws/build/musia_navigation': CMAKE_PREFIX_PATH=/home/kango/musia_ws/install/musia_msgs:/home/kango/musia_ws/install/musia_bringup:/opt/ros/jazzy/opt/gz_sim_vendor:/opt/ros/jazzy/opt/gz_sensors_vendor:/opt/ros/jazzy/opt/gz_physics_vendor:/opt/ros/jazzy/opt/sdformat_vendor:/opt/ros/jazzy/opt/gz_gui_vendor:/opt/ros/jazzy/opt/gz_transport_vendor:/opt/ros/jazzy/opt/gz_rendering_vendor:/opt/ros/jazzy/opt/gz_plugin_vendor:/opt/ros/jazzy/opt/gz_fuel_tools_vendor:/opt/ros/jazzy/opt/gz_msgs_vendor:/opt/ros/jazzy/opt/gz_common_vendor:/opt/ros/jazzy/opt/gz_math_vendor:/opt/ros/jazzy/opt/gz_utils_vendor:/opt/ros/jazzy/opt/gz_tools_vendor:/opt/ros/jazzy/opt/gz_ogre_next_vendor:/opt/ros/jazzy/opt/gz_dartsim_vendor:/opt/ros/jazzy/opt/gz_cmake_vendor PYTHONPATH=/home/kango/musia_ws/build/musia_navigation/prefix_override:/usr/lib/python3/dist-packages/colcon_core/task/python/colcon_distutils_commands:/home/kango/musia_ws/install/musia_navigation/lib/python3.12/site-packages:/home/kango/musia_ws/install/musia_msgs/lib/python3.12/site-packages:/home/kango/musia_ws/build/musia_tour_manager:/home/kango/musia_ws/install/musia_tour_manager/lib/python3.12/site-packages:/home/kango/musia_ws/build/musia_bringup:/home/kango/musia_ws/install/musia_bringup/lib/python3.12/site-packages:/home/kango/musia_ws/build/musia_arduino_bridge:/home/kango/musia_ws/install/musia_arduino_bridge/lib/python3.12/site-packages:/opt/ros/jazzy/lib/python3.12/site-packages /usr/bin/python3 -W ignore:setup.py install is deprecated -W ignore:easy_install command is deprecated setup.py develop --editable --build-directory /home/kango/musia_ws/build/musia_navigation/build --no-deps symlink_data
[1.492s] running develop
[1.718s] running egg_info
[1.718s] creating musia_navigation.egg-info
[1.740s] writing musia_navigation.egg-info/PKG-INFO
[1.740s] writing dependency_links to musia_navigation.egg-info/dependency_links.txt
[1.740s] writing entry points to musia_navigation.egg-info/entry_points.txt
[1.740s] writing requirements to musia_navigation.egg-info/requires.txt
[1.740s] writing top-level names to musia_navigation.egg-info/top_level.txt
[1.740s] writing manifest file 'musia_navigation.egg-info/SOURCES.txt'
[1.785s] reading manifest file 'musia_navigation.egg-info/SOURCES.txt'
[1.786s] writing manifest file 'musia_navigation.egg-info/SOURCES.txt'
[1.810s] running build_ext
[1.810s] Creating /home/kango/musia_ws/install/musia_navigation/lib/python3.12/site-packages/musia-navigation.egg-link (link to .)
[1.811s] Installing navigation_node script to /home/kango/musia_ws/install/musia_navigation/bin
[1.811s] 
[1.811s] Installed /home/kango/musia_ws/build/musia_navigation
[1.811s] running symlink_data
[1.811s] creating /home/kango/musia_ws/install/musia_navigation/share/ament_index
[1.811s] creating /home/kango/musia_ws/install/musia_navigation/share/ament_index/resource_index
[1.811s] creating /home/kango/musia_ws/install/musia_navigation/share/ament_index/resource_index/packages
[1.812s] error: can't copy '/home/kango/musia_ws/build/musia_navigation/resource/musia_navigation': doesn't exist or not a regular file
[1.896s] Invoked command in '/home/kango/musia_ws/build/musia_navigation' returned '1': CMAKE_PREFIX_PATH=/home/kango/musia_ws/install/musia_msgs:/home/kango/musia_ws/install/musia_bringup:/opt/ros/jazzy/opt/gz_sim_vendor:/opt/ros/jazzy/opt/gz_sensors_vendor:/opt/ros/jazzy/opt/gz_physics_vendor:/opt/ros/jazzy/opt/sdformat_vendor:/opt/ros/jazzy/opt/gz_gui_vendor:/opt/ros/jazzy/opt/gz_transport_vendor:/opt/ros/jazzy/opt/gz_rendering_vendor:/opt/ros/jazzy/opt/gz_plugin_vendor:/opt/ros/jazzy/opt/gz_fuel_tools_vendor:/opt/ros/jazzy/opt/gz_msgs_vendor:/opt/ros/jazzy/opt/gz_common_vendor:/opt/ros/jazzy/opt/gz_math_vendor:/opt/ros/jazzy/opt/gz_utils_vendor:/opt/ros/jazzy/opt/gz_tools_vendor:/opt/ros/jazzy/opt/gz_ogre_next_vendor:/opt/ros/jazzy/opt/gz_dartsim_vendor:/opt/ros/jazzy/opt/gz_cmake_vendor PYTHONPATH=/home/kango/musia_ws/build/musia_navigation/prefix_override:/usr/lib/python3/dist-packages/colcon_core/task/python/colcon_distutils_commands:/home/kango/musia_ws/install/musia_navigation/lib/python3.12/site-packages:/home/kango/musia_ws/install/musia_msgs/lib/python3.12/site-packages:/home/kango/musia_ws/build/musia_tour_manager:/home/kango/musia_ws/install/musia_tour_manager/lib/python3.12/site-packages:/home/kango/musia_ws/build/musia_bringup:/home/kango/musia_ws/install/musia_bringup/lib/python3.12/site-packages:/home/kango/musia_ws/build/musia_arduino_bridge:/home/kango/musia_ws/install/musia_arduino_bridge/lib/python3.12/site-packages:/opt/ros/jazzy/lib/python3.12/site-packages /usr/bin/python3 -W ignore:setup.py install is deprecated -W ignore:easy_install command is deprecated setup.py develop --editable --build-directory /home/kango/musia_ws/build/musia_navigation/build --no-deps symlink_data
