[0.138s] DEBUG:colcon:Command line arguments: ['/usr/bin/colcon', 'build', '--packages-select', 'musia_navigation', '--symlink-install']
[0.138s] DEBUG:colcon:Parsed command line arguments: Namespace(log_base=None, log_level=None, verb_name='build', build_base='build', install_base='install', merge_install=False, symlink_install=True, test_result_base=None, continue_on_error=False, executor='parallel', parallel_workers=4, event_handlers=None, ignore_user_meta=False, metas=['./colcon.meta'], base_paths=['.'], packages_ignore=None, packages_ignore_regex=None, paths=None, packages_up_to=None, packages_up_to_regex=None, packages_above=None, packages_above_and_dependencies=None, packages_above_depth=None, packages_select_by_dep=None, packages_skip_by_dep=None, packages_skip_up_to=None, packages_select_build_failed=False, packages_skip_build_finished=False, packages_select_test_failures=False, packages_skip_test_passed=False, packages_select=['musia_navigation'], packages_skip=None, packages_select_regex=None, packages_skip_regex=None, packages_start=None, packages_end=None, allow_overriding=[], cmake_args=None, cmake_target=None, cmake_target_skip_unavailable=False, cmake_clean_cache=False, cmake_clean_first=False, cmake_force_configure=False, ament_cmake_args=None, catkin_cmake_args=None, catkin_skip_building_tests=False, verb_parser=<colcon_defaults.argument_parser.defaults.DefaultArgumentsDecorator object at 0xffff93ea4440>, verb_extension=<colcon_core.verb.build.BuildVerb object at 0xffff9404cb00>, main=<bound method BuildVerb.main of <colcon_core.verb.build.BuildVerb object at 0xffff9404cb00>>)
[0.193s] Level 1:colcon.colcon_core.package_discovery:discover_packages(colcon_meta) check parameters
[0.193s] Level 1:colcon.colcon_core.package_discovery:discover_packages(recursive) check parameters
[0.193s] Level 1:colcon.colcon_core.package_discovery:discover_packages(ignore) check parameters
[0.193s] Level 1:colcon.colcon_core.package_discovery:discover_packages(path) check parameters
[0.193s] Level 1:colcon.colcon_core.package_discovery:discover_packages(colcon_meta) discover
[0.193s] Level 1:colcon.colcon_core.package_discovery:discover_packages(recursive) discover
[0.193s] INFO:colcon.colcon_core.package_discovery:Crawling recursively for packages in '/home/kango/musia_ws/src/musia_navigation'
[0.193s] Level 1:colcon.colcon_core.package_identification:_identify(.) by extensions ['ignore', 'ignore_ament_install']
[0.193s] Level 1:colcon.colcon_core.package_identification:_identify(.) by extension 'ignore'
[0.193s] Level 1:colcon.colcon_core.package_identification:_identify(.) by extension 'ignore_ament_install'
[0.193s] Level 1:colcon.colcon_core.package_identification:_identify(.) by extensions ['colcon_pkg']
[0.194s] Level 1:colcon.colcon_core.package_identification:_identify(.) by extension 'colcon_pkg'
[0.194s] Level 1:colcon.colcon_core.package_identification:_identify(.) by extensions ['colcon_meta']
[0.194s] Level 1:colcon.colcon_core.package_identification:_identify(.) by extension 'colcon_meta'
[0.194s] Level 1:colcon.colcon_core.package_identification:_identify(.) by extensions ['ros']
[0.194s] Level 1:colcon.colcon_core.package_identification:_identify(.) by extension 'ros'
[0.234s] DEBUG:colcon.colcon_core.package_identification:Package '.' with type 'ros.ament_python' and name 'musia_navigation'
[0.234s] Level 1:colcon.colcon_core.package_discovery:discover_packages(recursive) using defaults
[0.234s] Level 1:colcon.colcon_core.package_discovery:discover_packages(ignore) discover
[0.234s] Level 1:colcon.colcon_core.package_discovery:discover_packages(ignore) using defaults
[0.234s] Level 1:colcon.colcon_core.package_discovery:discover_packages(path) discover
[0.234s] Level 1:colcon.colcon_core.package_discovery:discover_packages(path) using defaults
[0.257s] Level 1:colcon.colcon_core.package_discovery:discover_packages(prefix_path) check parameters
[0.257s] Level 1:colcon.colcon_core.package_discovery:discover_packages(prefix_path) discover
[0.260s] DEBUG:colcon.colcon_installed_package_information.package_discovery:Found 4 installed packages in /home/kango/musia_ws/install
[0.262s] DEBUG:colcon.colcon_installed_package_information.package_discovery:Found 313 installed packages in /opt/ros/jazzy
[0.263s] Level 1:colcon.colcon_core.package_discovery:discover_packages(prefix_path) using defaults
[0.320s] Level 5:colcon.colcon_core.verb:set package 'musia_navigation' build argument 'cmake_args' from command line to 'None'
[0.320s] Level 5:colcon.colcon_core.verb:set package 'musia_navigation' build argument 'cmake_target' from command line to 'None'
[0.320s] Level 5:colcon.colcon_core.verb:set package 'musia_navigation' build argument 'cmake_target_skip_unavailable' from command line to 'False'
[0.320s] Level 5:colcon.colcon_core.verb:set package 'musia_navigation' build argument 'cmake_clean_cache' from command line to 'False'
[0.320s] Level 5:colcon.colcon_core.verb:set package 'musia_navigation' build argument 'cmake_clean_first' from command line to 'False'
[0.320s] Level 5:colcon.colcon_core.verb:set package 'musia_navigation' build argument 'cmake_force_configure' from command line to 'False'
[0.320s] Level 5:colcon.colcon_core.verb:set package 'musia_navigation' build argument 'ament_cmake_args' from command line to 'None'
[0.320s] Level 5:colcon.colcon_core.verb:set package 'musia_navigation' build argument 'catkin_cmake_args' from command line to 'None'
[0.320s] Level 5:colcon.colcon_core.verb:set package 'musia_navigation' build argument 'catkin_skip_building_tests' from command line to 'False'
[0.320s] DEBUG:colcon.colcon_core.verb:Building package 'musia_navigation' with the following arguments: {'ament_cmake_args': None, 'build_base': '/home/kango/musia_ws/src/musia_navigation/build/musia_navigation', 'catkin_cmake_args': None, 'catkin_skip_building_tests': False, 'cmake_args': None, 'cmake_clean_cache': False, 'cmake_clean_first': False, 'cmake_force_configure': False, 'cmake_target': None, 'cmake_target_skip_unavailable': False, 'install_base': '/home/kango/musia_ws/src/musia_navigation/install/musia_navigation', 'merge_install': False, 'path': '/home/kango/musia_ws/src/musia_navigation', 'symlink_install': True, 'test_result_base': None}
[0.321s] INFO:colcon.colcon_core.executor:Executing jobs using 'parallel' executor
[0.322s] DEBUG:colcon.colcon_parallel_executor.executor.parallel:run_until_complete
[0.322s] INFO:colcon.colcon_ros.task.ament_python.build:Building ROS package in '/home/kango/musia_ws/src/musia_navigation' with build type 'ament_python'
[0.322s] Level 1:colcon.colcon_core.shell:create_environment_hook('musia_navigation', 'ament_prefix_path')
[0.325s] INFO:colcon.colcon_core.plugin_system:Skipping extension 'colcon_core.shell.bat': Not used on non-Windows systems
[0.325s] INFO:colcon.colcon_core.shell:Creating environment hook '/home/kango/musia_ws/src/musia_navigation/install/musia_navigation/share/musia_navigation/hook/ament_prefix_path.ps1'
[0.326s] INFO:colcon.colcon_core.shell:Creating environment descriptor '/home/kango/musia_ws/src/musia_navigation/install/musia_navigation/share/musia_navigation/hook/ament_prefix_path.dsv'
[0.326s] INFO:colcon.colcon_core.shell:Creating environment hook '/home/kango/musia_ws/src/musia_navigation/install/musia_navigation/share/musia_navigation/hook/ament_prefix_path.sh'
[0.327s] INFO:colcon.colcon_core.shell:Skip shell extension 'powershell' for command environment: Not usable outside of PowerShell
[0.327s] DEBUG:colcon.colcon_core.shell:Skip shell extension 'dsv' for command environment
[0.625s] INFO:colcon.colcon_core.task.python.build:Building Python package in '/home/kango/musia_ws/src/musia_navigation'
[0.626s] INFO:colcon.colcon_core.shell:Skip shell extension 'powershell' for command environment: Not usable outside of PowerShell
[0.626s] DEBUG:colcon.colcon_core.shell:Skip shell extension 'dsv' for command environment
[1.391s] DEBUG:colcon.colcon_core.event_handler.log_command:Invoking command in '/home/kango/musia_ws/src/musia_navigation/build/musia_navigation': PYTHONPATH=/home/kango/musia_ws/src/musia_navigation/build/musia_navigation/prefix_override:/usr/lib/python3/dist-packages/colcon_core/task/python/colcon_distutils_commands:/home/kango/musia_ws/src/musia_navigation/install/musia_navigation/lib/python3.12/site-packages:${PYTHONPATH} /usr/bin/python3 -W ignore:setup.py install is deprecated -W ignore:easy_install command is deprecated setup.py develop --editable --build-directory /home/kango/musia_ws/src/musia_navigation/build/musia_navigation/build --no-deps symlink_data
[2.236s] DEBUG:colcon.colcon_core.event_handler.log_command:Invoked command in '/home/kango/musia_ws/src/musia_navigation/build/musia_navigation' returned '1': PYTHONPATH=/home/kango/musia_ws/src/musia_navigation/build/musia_navigation/prefix_override:/usr/lib/python3/dist-packages/colcon_core/task/python/colcon_distutils_commands:/home/kango/musia_ws/src/musia_navigation/install/musia_navigation/lib/python3.12/site-packages:${PYTHONPATH} /usr/bin/python3 -W ignore:setup.py install is deprecated -W ignore:easy_install command is deprecated setup.py develop --editable --build-directory /home/kango/musia_ws/src/musia_navigation/build/musia_navigation/build --no-deps symlink_data
[2.245s] DEBUG:colcon.colcon_parallel_executor.executor.parallel:closing loop
[2.246s] DEBUG:colcon.colcon_parallel_executor.executor.parallel:loop closed
[2.246s] DEBUG:colcon.colcon_parallel_executor.executor.parallel:run_until_complete finished with '1'
[2.246s] DEBUG:colcon.colcon_core.event_reactor:joining thread
[2.246s] DEBUG:colcon.colcon_core.event_reactor:joined thread
[2.246s] INFO:colcon.colcon_core.shell:Creating prefix script '/home/kango/musia_ws/src/musia_navigation/install/local_setup.ps1'
[2.248s] INFO:colcon.colcon_core.shell:Creating prefix util module '/home/kango/musia_ws/src/musia_navigation/install/_local_setup_util_ps1.py'
[2.249s] INFO:colcon.colcon_core.shell:Creating prefix chain script '/home/kango/musia_ws/src/musia_navigation/install/setup.ps1'
[2.251s] INFO:colcon.colcon_core.shell:Creating prefix script '/home/kango/musia_ws/src/musia_navigation/install/local_setup.sh'
[2.252s] INFO:colcon.colcon_core.shell:Creating prefix util module '/home/kango/musia_ws/src/musia_navigation/install/_local_setup_util_sh.py'
[2.252s] INFO:colcon.colcon_core.shell:Creating prefix chain script '/home/kango/musia_ws/src/musia_navigation/install/setup.sh'
[2.254s] INFO:colcon.colcon_core.shell:Creating prefix script '/home/kango/musia_ws/src/musia_navigation/install/local_setup.bash'
[2.255s] INFO:colcon.colcon_core.shell:Creating prefix chain script '/home/kango/musia_ws/src/musia_navigation/install/setup.bash'
[2.256s] INFO:colcon.colcon_core.shell:Creating prefix script '/home/kango/musia_ws/src/musia_navigation/install/local_setup.zsh'
[2.257s] INFO:colcon.colcon_core.shell:Creating prefix chain script '/home/kango/musia_ws/src/musia_navigation/install/setup.zsh'
