[0.141s] DEBUG:colcon:Command line arguments: ['/usr/bin/colcon', 'build', '--packages-select', 'musia_bringup', '--symlink-install']
[0.141s] DEBUG:colcon:Parsed command line arguments: Namespace(log_base=None, log_level=None, verb_name='build', build_base='build', install_base='install', merge_install=False, symlink_install=True, test_result_base=None, continue_on_error=False, executor='parallel', parallel_workers=4, event_handlers=None, ignore_user_meta=False, metas=['./colcon.meta'], base_paths=['.'], packages_ignore=None, packages_ignore_regex=None, paths=None, packages_up_to=None, packages_up_to_regex=None, packages_above=None, packages_above_and_dependencies=None, packages_above_depth=None, packages_select_by_dep=None, packages_skip_by_dep=None, packages_skip_up_to=None, packages_select_build_failed=False, packages_skip_build_finished=False, packages_select_test_failures=False, packages_skip_test_passed=False, packages_select=['musia_bringup'], packages_skip=None, packages_select_regex=None, packages_skip_regex=None, packages_start=None, packages_end=None, allow_overriding=[], cmake_args=None, cmake_target=None, cmake_target_skip_unavailable=False, cmake_clean_cache=False, cmake_clean_first=False, cmake_force_configure=False, ament_cmake_args=None, catkin_cmake_args=None, catkin_skip_building_tests=False, verb_parser=<colcon_defaults.argument_parser.defaults.DefaultArgumentsDecorator object at 0xffff8ccd0950>, verb_extension=<colcon_core.verb.build.BuildVerb object at 0xffff8cc86a20>, main=<bound method BuildVerb.main of <colcon_core.verb.build.BuildVerb object at 0xffff8cc86a20>>)
[0.196s] Level 1:colcon.colcon_core.package_discovery:discover_packages(colcon_meta) check parameters
[0.197s] Level 1:colcon.colcon_core.package_discovery:discover_packages(recursive) check parameters
[0.197s] Level 1:colcon.colcon_core.package_discovery:discover_packages(ignore) check parameters
[0.197s] Level 1:colcon.colcon_core.package_discovery:discover_packages(path) check parameters
[0.197s] Level 1:colcon.colcon_core.package_discovery:discover_packages(colcon_meta) discover
[0.197s] Level 1:colcon.colcon_core.package_discovery:discover_packages(recursive) discover
[0.197s] INFO:colcon.colcon_core.package_discovery:Crawling recursively for packages in '/home/kango/musia_ws'
[0.197s] Level 1:colcon.colcon_core.package_identification:_identify(.) by extensions ['ignore', 'ignore_ament_install']
[0.197s] Level 1:colcon.colcon_core.package_identification:_identify(.) by extension 'ignore'
[0.197s] Level 1:colcon.colcon_core.package_identification:_identify(.) by extension 'ignore_ament_install'
[0.197s] Level 1:colcon.colcon_core.package_identification:_identify(.) by extensions ['colcon_pkg']
[0.197s] Level 1:colcon.colcon_core.package_identification:_identify(.) by extension 'colcon_pkg'
[0.197s] Level 1:colcon.colcon_core.package_identification:_identify(.) by extensions ['colcon_meta']
[0.197s] Level 1:colcon.colcon_core.package_identification:_identify(.) by extension 'colcon_meta'
[0.197s] Level 1:colcon.colcon_core.package_identification:_identify(.) by extensions ['ros']
[0.197s] Level 1:colcon.colcon_core.package_identification:_identify(.) by extension 'ros'
[0.233s] Level 1:colcon.colcon_core.package_identification:_identify(.) by extensions ['cmake', 'python']
[0.233s] Level 1:colcon.colcon_core.package_identification:_identify(.) by extension 'cmake'
[0.233s] Level 1:colcon.colcon_core.package_identification:_identify(.) by extension 'python'
[0.233s] Level 1:colcon.colcon_core.package_identification:_identify(.) by extensions ['python_setup_py']
[0.233s] Level 1:colcon.colcon_core.package_identification:_identify(.) by extension 'python_setup_py'
[0.233s] Level 1:colcon.colcon_core.package_identification:_identify(build) by extensions ['ignore', 'ignore_ament_install']
[0.234s] Level 1:colcon.colcon_core.package_identification:_identify(build) by extension 'ignore'
[0.234s] Level 1:colcon.colcon_core.package_identification:_identify(build) ignored
[0.234s] Level 1:colcon.colcon_core.package_identification:_identify(install) by extensions ['ignore', 'ignore_ament_install']
[0.234s] Level 1:colcon.colcon_core.package_identification:_identify(install) by extension 'ignore'
[0.234s] Level 1:colcon.colcon_core.package_identification:_identify(install) ignored
[0.234s] Level 1:colcon.colcon_core.package_identification:_identify(log) by extensions ['ignore', 'ignore_ament_install']
[0.234s] Level 1:colcon.colcon_core.package_identification:_identify(log) by extension 'ignore'
[0.234s] Level 1:colcon.colcon_core.package_identification:_identify(log) ignored
[0.234s] Level 1:colcon.colcon_core.package_identification:_identify(src) by extensions ['ignore', 'ignore_ament_install']
[0.234s] Level 1:colcon.colcon_core.package_identification:_identify(src) by extension 'ignore'
[0.234s] Level 1:colcon.colcon_core.package_identification:_identify(src) by extension 'ignore_ament_install'
[0.235s] Level 1:colcon.colcon_core.package_identification:_identify(src) by extensions ['colcon_pkg']
[0.235s] Level 1:colcon.colcon_core.package_identification:_identify(src) by extension 'colcon_pkg'
[0.235s] Level 1:colcon.colcon_core.package_identification:_identify(src) by extensions ['colcon_meta']
[0.235s] Level 1:colcon.colcon_core.package_identification:_identify(src) by extension 'colcon_meta'
[0.235s] Level 1:colcon.colcon_core.package_identification:_identify(src) by extensions ['ros']
[0.235s] Level 1:colcon.colcon_core.package_identification:_identify(src) by extension 'ros'
[0.235s] Level 1:colcon.colcon_core.package_identification:_identify(src) by extensions ['cmake', 'python']
[0.235s] Level 1:colcon.colcon_core.package_identification:_identify(src) by extension 'cmake'
[0.235s] Level 1:colcon.colcon_core.package_identification:_identify(src) by extension 'python'
[0.235s] Level 1:colcon.colcon_core.package_identification:_identify(src) by extensions ['python_setup_py']
[0.235s] Level 1:colcon.colcon_core.package_identification:_identify(src) by extension 'python_setup_py'
[0.235s] Level 1:colcon.colcon_core.package_identification:_identify(src/musia_arduino_bridge) by extensions ['ignore', 'ignore_ament_install']
[0.235s] Level 1:colcon.colcon_core.package_identification:_identify(src/musia_arduino_bridge) by extension 'ignore'
[0.235s] Level 1:colcon.colcon_core.package_identification:_identify(src/musia_arduino_bridge) by extension 'ignore_ament_install'
[0.235s] Level 1:colcon.colcon_core.package_identification:_identify(src/musia_arduino_bridge) by extensions ['colcon_pkg']
[0.235s] Level 1:colcon.colcon_core.package_identification:_identify(src/musia_arduino_bridge) by extension 'colcon_pkg'
[0.235s] Level 1:colcon.colcon_core.package_identification:_identify(src/musia_arduino_bridge) by extensions ['colcon_meta']
[0.235s] Level 1:colcon.colcon_core.package_identification:_identify(src/musia_arduino_bridge) by extension 'colcon_meta'
[0.235s] Level 1:colcon.colcon_core.package_identification:_identify(src/musia_arduino_bridge) by extensions ['ros']
[0.235s] Level 1:colcon.colcon_core.package_identification:_identify(src/musia_arduino_bridge) by extension 'ros'
[0.240s] DEBUG:colcon.colcon_core.package_identification:Package 'src/musia_arduino_bridge' with type 'ros.ament_python' and name 'musia_arduino_bridge'
[0.241s] Level 1:colcon.colcon_core.package_identification:_identify(src/musia_bringup) by extensions ['ignore', 'ignore_ament_install']
[0.241s] Level 1:colcon.colcon_core.package_identification:_identify(src/musia_bringup) by extension 'ignore'
[0.241s] Level 1:colcon.colcon_core.package_identification:_identify(src/musia_bringup) by extension 'ignore_ament_install'
[0.241s] Level 1:colcon.colcon_core.package_identification:_identify(src/musia_bringup) by extensions ['colcon_pkg']
[0.241s] Level 1:colcon.colcon_core.package_identification:_identify(src/musia_bringup) by extension 'colcon_pkg'
[0.241s] Level 1:colcon.colcon_core.package_identification:_identify(src/musia_bringup) by extensions ['colcon_meta']
[0.241s] Level 1:colcon.colcon_core.package_identification:_identify(src/musia_bringup) by extension 'colcon_meta'
[0.241s] Level 1:colcon.colcon_core.package_identification:_identify(src/musia_bringup) by extensions ['ros']
[0.241s] Level 1:colcon.colcon_core.package_identification:_identify(src/musia_bringup) by extension 'ros'
[0.242s] DEBUG:colcon.colcon_core.package_identification:Package 'src/musia_bringup' with type 'ros.ament_cmake' and name 'musia_bringup'
[0.242s] Level 1:colcon.colcon_core.package_identification:_identify(src/musia_msgs) by extensions ['ignore', 'ignore_ament_install']
[0.242s] Level 1:colcon.colcon_core.package_identification:_identify(src/musia_msgs) by extension 'ignore'
[0.242s] Level 1:colcon.colcon_core.package_identification:_identify(src/musia_msgs) by extension 'ignore_ament_install'
[0.242s] Level 1:colcon.colcon_core.package_identification:_identify(src/musia_msgs) by extensions ['colcon_pkg']
[0.242s] Level 1:colcon.colcon_core.package_identification:_identify(src/musia_msgs) by extension 'colcon_pkg'
[0.242s] Level 1:colcon.colcon_core.package_identification:_identify(src/musia_msgs) by extensions ['colcon_meta']
[0.242s] Level 1:colcon.colcon_core.package_identification:_identify(src/musia_msgs) by extension 'colcon_meta'
[0.242s] Level 1:colcon.colcon_core.package_identification:_identify(src/musia_msgs) by extensions ['ros']
[0.242s] Level 1:colcon.colcon_core.package_identification:_identify(src/musia_msgs) by extension 'ros'
[0.243s] DEBUG:colcon.colcon_core.package_identification:Package 'src/musia_msgs' with type 'ros.ament_cmake' and name 'musia_msgs'
[0.243s] Level 1:colcon.colcon_core.package_identification:_identify(src/musia_navigation) by extensions ['ignore', 'ignore_ament_install']
[0.243s] Level 1:colcon.colcon_core.package_identification:_identify(src/musia_navigation) by extension 'ignore'
[0.243s] Level 1:colcon.colcon_core.package_identification:_identify(src/musia_navigation) by extension 'ignore_ament_install'
[0.243s] Level 1:colcon.colcon_core.package_identification:_identify(src/musia_navigation) by extensions ['colcon_pkg']
[0.243s] Level 1:colcon.colcon_core.package_identification:_identify(src/musia_navigation) by extension 'colcon_pkg'
[0.243s] Level 1:colcon.colcon_core.package_identification:_identify(src/musia_navigation) by extensions ['colcon_meta']
[0.243s] Level 1:colcon.colcon_core.package_identification:_identify(src/musia_navigation) by extension 'colcon_meta'
[0.244s] Level 1:colcon.colcon_core.package_identification:_identify(src/musia_navigation) by extensions ['ros']
[0.244s] Level 1:colcon.colcon_core.package_identification:_identify(src/musia_navigation) by extension 'ros'
[0.245s] DEBUG:colcon.colcon_core.package_identification:Package 'src/musia_navigation' with type 'ros.ament_python' and name 'musia_navigation'
[0.245s] Level 1:colcon.colcon_core.package_identification:_identify(src/musia_tour_manager) by extensions ['ignore', 'ignore_ament_install']
[0.245s] Level 1:colcon.colcon_core.package_identification:_identify(src/musia_tour_manager) by extension 'ignore'
[0.245s] Level 1:colcon.colcon_core.package_identification:_identify(src/musia_tour_manager) by extension 'ignore_ament_install'
[0.245s] Level 1:colcon.colcon_core.package_identification:_identify(src/musia_tour_manager) by extensions ['colcon_pkg']
[0.245s] Level 1:colcon.colcon_core.package_identification:_identify(src/musia_tour_manager) by extension 'colcon_pkg'
[0.245s] Level 1:colcon.colcon_core.package_identification:_identify(src/musia_tour_manager) by extensions ['colcon_meta']
[0.245s] Level 1:colcon.colcon_core.package_identification:_identify(src/musia_tour_manager) by extension 'colcon_meta'
[0.245s] Level 1:colcon.colcon_core.package_identification:_identify(src/musia_tour_manager) by extensions ['ros']
[0.245s] Level 1:colcon.colcon_core.package_identification:_identify(src/musia_tour_manager) by extension 'ros'
[0.246s] DEBUG:colcon.colcon_core.package_identification:Package 'src/musia_tour_manager' with type 'ros.ament_python' and name 'musia_tour_manager'
[0.246s] Level 1:colcon.colcon_core.package_discovery:discover_packages(recursive) using defaults
[0.246s] Level 1:colcon.colcon_core.package_discovery:discover_packages(ignore) discover
[0.246s] Level 1:colcon.colcon_core.package_discovery:discover_packages(ignore) using defaults
[0.246s] Level 1:colcon.colcon_core.package_discovery:discover_packages(path) discover
[0.246s] Level 1:colcon.colcon_core.package_discovery:discover_packages(path) using defaults
[0.271s] INFO:colcon.colcon_core.package_selection:Skipping not selected package 'musia_arduino_bridge' in 'src/musia_arduino_bridge'
[0.271s] INFO:colcon.colcon_core.package_selection:Skipping not selected package 'musia_msgs' in 'src/musia_msgs'
[0.271s] INFO:colcon.colcon_core.package_selection:Skipping not selected package 'musia_navigation' in 'src/musia_navigation'
[0.271s] INFO:colcon.colcon_core.package_selection:Skipping not selected package 'musia_tour_manager' in 'src/musia_tour_manager'
[0.272s] Level 1:colcon.colcon_core.package_discovery:discover_packages(prefix_path) check parameters
[0.272s] Level 1:colcon.colcon_core.package_discovery:discover_packages(prefix_path) discover
[0.274s] DEBUG:colcon.colcon_installed_package_information.package_discovery:Found 5 installed packages in /home/kango/musia_ws/install
[0.275s] DEBUG:colcon.colcon_installed_package_information.package_discovery:Found 1 installed packages in /home/kango/musia_ws/src/musia_navigation/install
[0.277s] DEBUG:colcon.colcon_installed_package_information.package_discovery:Found 313 installed packages in /opt/ros/jazzy
[0.278s] Level 1:colcon.colcon_core.package_discovery:discover_packages(prefix_path) using defaults
[0.336s] Level 5:colcon.colcon_core.verb:set package 'musia_bringup' build argument 'cmake_args' from command line to 'None'
[0.336s] Level 5:colcon.colcon_core.verb:set package 'musia_bringup' build argument 'cmake_target' from command line to 'None'
[0.336s] Level 5:colcon.colcon_core.verb:set package 'musia_bringup' build argument 'cmake_target_skip_unavailable' from command line to 'False'
[0.336s] Level 5:colcon.colcon_core.verb:set package 'musia_bringup' build argument 'cmake_clean_cache' from command line to 'False'
[0.336s] Level 5:colcon.colcon_core.verb:set package 'musia_bringup' build argument 'cmake_clean_first' from command line to 'False'
[0.336s] Level 5:colcon.colcon_core.verb:set package 'musia_bringup' build argument 'cmake_force_configure' from command line to 'False'
[0.336s] Level 5:colcon.colcon_core.verb:set package 'musia_bringup' build argument 'ament_cmake_args' from command line to 'None'
[0.336s] Level 5:colcon.colcon_core.verb:set package 'musia_bringup' build argument 'catkin_cmake_args' from command line to 'None'
[0.336s] Level 5:colcon.colcon_core.verb:set package 'musia_bringup' build argument 'catkin_skip_building_tests' from command line to 'False'
[0.336s] DEBUG:colcon.colcon_core.verb:Building package 'musia_bringup' with the following arguments: {'ament_cmake_args': None, 'build_base': '/home/kango/musia_ws/build/musia_bringup', 'catkin_cmake_args': None, 'catkin_skip_building_tests': False, 'cmake_args': None, 'cmake_clean_cache': False, 'cmake_clean_first': False, 'cmake_force_configure': False, 'cmake_target': None, 'cmake_target_skip_unavailable': False, 'install_base': '/home/kango/musia_ws/install/musia_bringup', 'merge_install': False, 'path': '/home/kango/musia_ws/src/musia_bringup', 'symlink_install': True, 'test_result_base': None}
[0.336s] INFO:colcon.colcon_core.executor:Executing jobs using 'parallel' executor
[0.337s] DEBUG:colcon.colcon_parallel_executor.executor.parallel:run_until_complete
[0.338s] INFO:colcon.colcon_ros.task.ament_cmake.build:Building ROS package in '/home/kango/musia_ws/src/musia_bringup' with build type 'ament_cmake'
[0.338s] INFO:colcon.colcon_cmake.task.cmake.build:Building CMake package in '/home/kango/musia_ws/src/musia_bringup'
[0.340s] INFO:colcon.colcon_core.plugin_system:Skipping extension 'colcon_core.shell.bat': Not used on non-Windows systems
[0.341s] INFO:colcon.colcon_core.shell:Skip shell extension 'powershell' for command environment: Not usable outside of PowerShell
[0.341s] DEBUG:colcon.colcon_core.shell:Skip shell extension 'dsv' for command environment
[0.363s] DEBUG:colcon.colcon_core.event_handler.log_command:Invoking command in '/home/kango/musia_ws/build/musia_bringup': AMENT_PREFIX_PATH=/home/kango/musia_ws/install/musia_tour_manager:/home/kango/musia_ws/install/musia_arduino_bridge:/home/kango/musia_ws/install/musia_navigation:/home/kango/musia_ws/src/musia_navigation/install/musia_navigation:/home/kango/musia_ws/install/musia_bringup:/home/kango/musia_ws/install/musia_msgs:/opt/ros/jazzy CMAKE_PREFIX_PATH=/home/kango/musia_ws/install/musia_msgs:/home/kango/musia_ws/install/musia_bringup:/opt/ros/jazzy/opt/gz_sim_vendor:/opt/ros/jazzy/opt/gz_sensors_vendor:/opt/ros/jazzy/opt/gz_physics_vendor:/opt/ros/jazzy/opt/sdformat_vendor:/opt/ros/jazzy/opt/gz_gui_vendor:/opt/ros/jazzy/opt/gz_transport_vendor:/opt/ros/jazzy/opt/gz_rendering_vendor:/opt/ros/jazzy/opt/gz_plugin_vendor:/opt/ros/jazzy/opt/gz_fuel_tools_vendor:/opt/ros/jazzy/opt/gz_msgs_vendor:/opt/ros/jazzy/opt/gz_common_vendor:/opt/ros/jazzy/opt/gz_math_vendor:/opt/ros/jazzy/opt/gz_utils_vendor:/opt/ros/jazzy/opt/gz_tools_vendor:/opt/ros/jazzy/opt/gz_ogre_next_vendor:/opt/ros/jazzy/opt/gz_dartsim_vendor:/opt/ros/jazzy/opt/gz_cmake_vendor:/home/kango/musia_ws/install/musia_navigation:/home/kango/musia_ws/src/musia_navigation/install/musia_navigation:/home/kango/musia_ws/install/musia_tour_manager:/home/kango/musia_ws/install/musia_arduino_bridge:/opt/ros/jazzy PATH=/home/kango/musia_ws/install/musia_tour_manager/bin:/home/kango/musia_ws/install/musia_arduino_bridge/bin:/home/kango/musia_ws/install/musia_navigation/bin:/home/kango/musia_ws/src/musia_navigation/install/musia_navigation/bin:/opt/ros/jazzy/opt/gz_msgs_vendor/bin:/opt/ros/jazzy/opt/gz_tools_vendor/bin:/opt/ros/jazzy/opt/gz_ogre_next_vendor/bin:/opt/ros/jazzy/bin:/usr/local/sbin:/usr/local/bin:/usr/sbin:/usr/bin:/sbin:/bin:/usr/games:/usr/local/games:/snap/bin PYTHONPATH=/home/kango/musia_ws/build/musia_tour_manager:/home/kango/musia_ws/install/musia_tour_manager/lib/python3.12/site-packages:/home/kango/musia_ws/install/musia_msgs/lib/python3.12/site-packages:/home/kango/musia_ws/build/musia_arduino_bridge:/home/kango/musia_ws/install/musia_arduino_bridge/lib/python3.12/site-packages:/home/kango/musia_ws/build/musia_navigation:/home/kango/musia_ws/install/musia_navigation/lib/python3.12/site-packages:/home/kango/musia_ws/src/musia_navigation/build/musia_navigation:/home/kango/musia_ws/src/musia_navigation/install/musia_navigation/lib/python3.12/site-packages:/home/kango/musia_ws/build/musia_bringup:/home/kango/musia_ws/install/musia_bringup/lib/python3.12/site-packages:/opt/ros/jazzy/lib/python3.12/site-packages /usr/bin/cmake /home/kango/musia_ws/src/musia_bringup -DAMENT_CMAKE_SYMLINK_INSTALL=1 -DCMAKE_INSTALL_PREFIX=/home/kango/musia_ws/install/musia_bringup
[0.919s] DEBUG:colcon.colcon_core.event_handler.log_command:Invoked command in '/home/kango/musia_ws/build/musia_bringup' returned '0': AMENT_PREFIX_PATH=/home/kango/musia_ws/install/musia_tour_manager:/home/kango/musia_ws/install/musia_arduino_bridge:/home/kango/musia_ws/install/musia_navigation:/home/kango/musia_ws/src/musia_navigation/install/musia_navigation:/home/kango/musia_ws/install/musia_bringup:/home/kango/musia_ws/install/musia_msgs:/opt/ros/jazzy CMAKE_PREFIX_PATH=/home/kango/musia_ws/install/musia_msgs:/home/kango/musia_ws/install/musia_bringup:/opt/ros/jazzy/opt/gz_sim_vendor:/opt/ros/jazzy/opt/gz_sensors_vendor:/opt/ros/jazzy/opt/gz_physics_vendor:/opt/ros/jazzy/opt/sdformat_vendor:/opt/ros/jazzy/opt/gz_gui_vendor:/opt/ros/jazzy/opt/gz_transport_vendor:/opt/ros/jazzy/opt/gz_rendering_vendor:/opt/ros/jazzy/opt/gz_plugin_vendor:/opt/ros/jazzy/opt/gz_fuel_tools_vendor:/opt/ros/jazzy/opt/gz_msgs_vendor:/opt/ros/jazzy/opt/gz_common_vendor:/opt/ros/jazzy/opt/gz_math_vendor:/opt/ros/jazzy/opt/gz_utils_vendor:/opt/ros/jazzy/opt/gz_tools_vendor:/opt/ros/jazzy/opt/gz_ogre_next_vendor:/opt/ros/jazzy/opt/gz_dartsim_vendor:/opt/ros/jazzy/opt/gz_cmake_vendor:/home/kango/musia_ws/install/musia_navigation:/home/kango/musia_ws/src/musia_navigation/install/musia_navigation:/home/kango/musia_ws/install/musia_tour_manager:/home/kango/musia_ws/install/musia_arduino_bridge:/opt/ros/jazzy PATH=/home/kango/musia_ws/install/musia_tour_manager/bin:/home/kango/musia_ws/install/musia_arduino_bridge/bin:/home/kango/musia_ws/install/musia_navigation/bin:/home/kango/musia_ws/src/musia_navigation/install/musia_navigation/bin:/opt/ros/jazzy/opt/gz_msgs_vendor/bin:/opt/ros/jazzy/opt/gz_tools_vendor/bin:/opt/ros/jazzy/opt/gz_ogre_next_vendor/bin:/opt/ros/jazzy/bin:/usr/local/sbin:/usr/local/bin:/usr/sbin:/usr/bin:/sbin:/bin:/usr/games:/usr/local/games:/snap/bin PYTHONPATH=/home/kango/musia_ws/build/musia_tour_manager:/home/kango/musia_ws/install/musia_tour_manager/lib/python3.12/site-packages:/home/kango/musia_ws/install/musia_msgs/lib/python3.12/site-packages:/home/kango/musia_ws/build/musia_arduino_bridge:/home/kango/musia_ws/install/musia_arduino_bridge/lib/python3.12/site-packages:/home/kango/musia_ws/build/musia_navigation:/home/kango/musia_ws/install/musia_navigation/lib/python3.12/site-packages:/home/kango/musia_ws/src/musia_navigation/build/musia_navigation:/home/kango/musia_ws/src/musia_navigation/install/musia_navigation/lib/python3.12/site-packages:/home/kango/musia_ws/build/musia_bringup:/home/kango/musia_ws/install/musia_bringup/lib/python3.12/site-packages:/opt/ros/jazzy/lib/python3.12/site-packages /usr/bin/cmake /home/kango/musia_ws/src/musia_bringup -DAMENT_CMAKE_SYMLINK_INSTALL=1 -DCMAKE_INSTALL_PREFIX=/home/kango/musia_ws/install/musia_bringup
[0.921s] DEBUG:colcon.colcon_core.event_handler.log_command:Invoking command in '/home/kango/musia_ws/build/musia_bringup': AMENT_PREFIX_PATH=/home/kango/musia_ws/install/musia_tour_manager:/home/kango/musia_ws/install/musia_arduino_bridge:/home/kango/musia_ws/install/musia_navigation:/home/kango/musia_ws/src/musia_navigation/install/musia_navigation:/home/kango/musia_ws/install/musia_bringup:/home/kango/musia_ws/install/musia_msgs:/opt/ros/jazzy CMAKE_PREFIX_PATH=/home/kango/musia_ws/install/musia_msgs:/home/kango/musia_ws/install/musia_bringup:/opt/ros/jazzy/opt/gz_sim_vendor:/opt/ros/jazzy/opt/gz_sensors_vendor:/opt/ros/jazzy/opt/gz_physics_vendor:/opt/ros/jazzy/opt/sdformat_vendor:/opt/ros/jazzy/opt/gz_gui_vendor:/opt/ros/jazzy/opt/gz_transport_vendor:/opt/ros/jazzy/opt/gz_rendering_vendor:/opt/ros/jazzy/opt/gz_plugin_vendor:/opt/ros/jazzy/opt/gz_fuel_tools_vendor:/opt/ros/jazzy/opt/gz_msgs_vendor:/opt/ros/jazzy/opt/gz_common_vendor:/opt/ros/jazzy/opt/gz_math_vendor:/opt/ros/jazzy/opt/gz_utils_vendor:/opt/ros/jazzy/opt/gz_tools_vendor:/opt/ros/jazzy/opt/gz_ogre_next_vendor:/opt/ros/jazzy/opt/gz_dartsim_vendor:/opt/ros/jazzy/opt/gz_cmake_vendor:/home/kango/musia_ws/install/musia_navigation:/home/kango/musia_ws/src/musia_navigation/install/musia_navigation:/home/kango/musia_ws/install/musia_tour_manager:/home/kango/musia_ws/install/musia_arduino_bridge:/opt/ros/jazzy PATH=/home/kango/musia_ws/install/musia_tour_manager/bin:/home/kango/musia_ws/install/musia_arduino_bridge/bin:/home/kango/musia_ws/install/musia_navigation/bin:/home/kango/musia_ws/src/musia_navigation/install/musia_navigation/bin:/opt/ros/jazzy/opt/gz_msgs_vendor/bin:/opt/ros/jazzy/opt/gz_tools_vendor/bin:/opt/ros/jazzy/opt/gz_ogre_next_vendor/bin:/opt/ros/jazzy/bin:/usr/local/sbin:/usr/local/bin:/usr/sbin:/usr/bin:/sbin:/bin:/usr/games:/usr/local/games:/snap/bin PYTHONPATH=/home/kango/musia_ws/build/musia_tour_manager:/home/kango/musia_ws/install/musia_tour_manager/lib/python3.12/site-packages:/home/kango/musia_ws/install/musia_msgs/lib/python3.12/site-packages:/home/kango/musia_ws/build/musia_arduino_bridge:/home/kango/musia_ws/install/musia_arduino_bridge/lib/python3.12/site-packages:/home/kango/musia_ws/build/musia_navigation:/home/kango/musia_ws/install/musia_navigation/lib/python3.12/site-packages:/home/kango/musia_ws/src/musia_navigation/build/musia_navigation:/home/kango/musia_ws/src/musia_navigation/install/musia_navigation/lib/python3.12/site-packages:/home/kango/musia_ws/build/musia_bringup:/home/kango/musia_ws/install/musia_bringup/lib/python3.12/site-packages:/opt/ros/jazzy/lib/python3.12/site-packages /usr/bin/cmake --build /home/kango/musia_ws/build/musia_bringup -- -j4 -l4
[0.997s] DEBUG:colcon.colcon_core.event_handler.log_command:Invoked command in '/home/kango/musia_ws/build/musia_bringup' returned '0': AMENT_PREFIX_PATH=/home/kango/musia_ws/install/musia_tour_manager:/home/kango/musia_ws/install/musia_arduino_bridge:/home/kango/musia_ws/install/musia_navigation:/home/kango/musia_ws/src/musia_navigation/install/musia_navigation:/home/kango/musia_ws/install/musia_bringup:/home/kango/musia_ws/install/musia_msgs:/opt/ros/jazzy CMAKE_PREFIX_PATH=/home/kango/musia_ws/install/musia_msgs:/home/kango/musia_ws/install/musia_bringup:/opt/ros/jazzy/opt/gz_sim_vendor:/opt/ros/jazzy/opt/gz_sensors_vendor:/opt/ros/jazzy/opt/gz_physics_vendor:/opt/ros/jazzy/opt/sdformat_vendor:/opt/ros/jazzy/opt/gz_gui_vendor:/opt/ros/jazzy/opt/gz_transport_vendor:/opt/ros/jazzy/opt/gz_rendering_vendor:/opt/ros/jazzy/opt/gz_plugin_vendor:/opt/ros/jazzy/opt/gz_fuel_tools_vendor:/opt/ros/jazzy/opt/gz_msgs_vendor:/opt/ros/jazzy/opt/gz_common_vendor:/opt/ros/jazzy/opt/gz_math_vendor:/opt/ros/jazzy/opt/gz_utils_vendor:/opt/ros/jazzy/opt/gz_tools_vendor:/opt/ros/jazzy/opt/gz_ogre_next_vendor:/opt/ros/jazzy/opt/gz_dartsim_vendor:/opt/ros/jazzy/opt/gz_cmake_vendor:/home/kango/musia_ws/install/musia_navigation:/home/kango/musia_ws/src/musia_navigation/install/musia_navigation:/home/kango/musia_ws/install/musia_tour_manager:/home/kango/musia_ws/install/musia_arduino_bridge:/opt/ros/jazzy PATH=/home/kango/musia_ws/install/musia_tour_manager/bin:/home/kango/musia_ws/install/musia_arduino_bridge/bin:/home/kango/musia_ws/install/musia_navigation/bin:/home/kango/musia_ws/src/musia_navigation/install/musia_navigation/bin:/opt/ros/jazzy/opt/gz_msgs_vendor/bin:/opt/ros/jazzy/opt/gz_tools_vendor/bin:/opt/ros/jazzy/opt/gz_ogre_next_vendor/bin:/opt/ros/jazzy/bin:/usr/local/sbin:/usr/local/bin:/usr/sbin:/usr/bin:/sbin:/bin:/usr/games:/usr/local/games:/snap/bin PYTHONPATH=/home/kango/musia_ws/build/musia_tour_manager:/home/kango/musia_ws/install/musia_tour_manager/lib/python3.12/site-packages:/home/kango/musia_ws/install/musia_msgs/lib/python3.12/site-packages:/home/kango/musia_ws/build/musia_arduino_bridge:/home/kango/musia_ws/install/musia_arduino_bridge/lib/python3.12/site-packages:/home/kango/musia_ws/build/musia_navigation:/home/kango/musia_ws/install/musia_navigation/lib/python3.12/site-packages:/home/kango/musia_ws/src/musia_navigation/build/musia_navigation:/home/kango/musia_ws/src/musia_navigation/install/musia_navigation/lib/python3.12/site-packages:/home/kango/musia_ws/build/musia_bringup:/home/kango/musia_ws/install/musia_bringup/lib/python3.12/site-packages:/opt/ros/jazzy/lib/python3.12/site-packages /usr/bin/cmake --build /home/kango/musia_ws/build/musia_bringup -- -j4 -l4
[1.018s] DEBUG:colcon.colcon_core.event_handler.log_command:Invoking command in '/home/kango/musia_ws/build/musia_bringup': AMENT_PREFIX_PATH=/home/kango/musia_ws/install/musia_tour_manager:/home/kango/musia_ws/install/musia_arduino_bridge:/home/kango/musia_ws/install/musia_navigation:/home/kango/musia_ws/src/musia_navigation/install/musia_navigation:/home/kango/musia_ws/install/musia_bringup:/home/kango/musia_ws/install/musia_msgs:/opt/ros/jazzy CMAKE_PREFIX_PATH=/home/kango/musia_ws/install/musia_msgs:/home/kango/musia_ws/install/musia_bringup:/opt/ros/jazzy/opt/gz_sim_vendor:/opt/ros/jazzy/opt/gz_sensors_vendor:/opt/ros/jazzy/opt/gz_physics_vendor:/opt/ros/jazzy/opt/sdformat_vendor:/opt/ros/jazzy/opt/gz_gui_vendor:/opt/ros/jazzy/opt/gz_transport_vendor:/opt/ros/jazzy/opt/gz_rendering_vendor:/opt/ros/jazzy/opt/gz_plugin_vendor:/opt/ros/jazzy/opt/gz_fuel_tools_vendor:/opt/ros/jazzy/opt/gz_msgs_vendor:/opt/ros/jazzy/opt/gz_common_vendor:/opt/ros/jazzy/opt/gz_math_vendor:/opt/ros/jazzy/opt/gz_utils_vendor:/opt/ros/jazzy/opt/gz_tools_vendor:/opt/ros/jazzy/opt/gz_ogre_next_vendor:/opt/ros/jazzy/opt/gz_dartsim_vendor:/opt/ros/jazzy/opt/gz_cmake_vendor:/home/kango/musia_ws/install/musia_navigation:/home/kango/musia_ws/src/musia_navigation/install/musia_navigation:/home/kango/musia_ws/install/musia_tour_manager:/home/kango/musia_ws/install/musia_arduino_bridge:/opt/ros/jazzy PATH=/home/kango/musia_ws/install/musia_tour_manager/bin:/home/kango/musia_ws/install/musia_arduino_bridge/bin:/home/kango/musia_ws/install/musia_navigation/bin:/home/kango/musia_ws/src/musia_navigation/install/musia_navigation/bin:/opt/ros/jazzy/opt/gz_msgs_vendor/bin:/opt/ros/jazzy/opt/gz_tools_vendor/bin:/opt/ros/jazzy/opt/gz_ogre_next_vendor/bin:/opt/ros/jazzy/bin:/usr/local/sbin:/usr/local/bin:/usr/sbin:/usr/bin:/sbin:/bin:/usr/games:/usr/local/games:/snap/bin PYTHONPATH=/home/kango/musia_ws/build/musia_tour_manager:/home/kango/musia_ws/install/musia_tour_manager/lib/python3.12/site-packages:/home/kango/musia_ws/install/musia_msgs/lib/python3.12/site-packages:/home/kango/musia_ws/build/musia_arduino_bridge:/home/kango/musia_ws/install/musia_arduino_bridge/lib/python3.12/site-packages:/home/kango/musia_ws/build/musia_navigation:/home/kango/musia_ws/install/musia_navigation/lib/python3.12/site-packages:/home/kango/musia_ws/src/musia_navigation/build/musia_navigation:/home/kango/musia_ws/src/musia_navigation/install/musia_navigation/lib/python3.12/site-packages:/home/kango/musia_ws/build/musia_bringup:/home/kango/musia_ws/install/musia_bringup/lib/python3.12/site-packages:/opt/ros/jazzy/lib/python3.12/site-packages /usr/bin/cmake --install /home/kango/musia_ws/build/musia_bringup
[1.298s] Level 1:colcon.colcon_core.environment:create_environment_scripts_only(musia_bringup)
[1.298s] DEBUG:colcon.colcon_core.event_handler.log_command:Invoked command in '/home/kango/musia_ws/build/musia_bringup' returned '0': AMENT_PREFIX_PATH=/home/kango/musia_ws/install/musia_tour_manager:/home/kango/musia_ws/install/musia_arduino_bridge:/home/kango/musia_ws/install/musia_navigation:/home/kango/musia_ws/src/musia_navigation/install/musia_navigation:/home/kango/musia_ws/install/musia_bringup:/home/kango/musia_ws/install/musia_msgs:/opt/ros/jazzy CMAKE_PREFIX_PATH=/home/kango/musia_ws/install/musia_msgs:/home/kango/musia_ws/install/musia_bringup:/opt/ros/jazzy/opt/gz_sim_vendor:/opt/ros/jazzy/opt/gz_sensors_vendor:/opt/ros/jazzy/opt/gz_physics_vendor:/opt/ros/jazzy/opt/sdformat_vendor:/opt/ros/jazzy/opt/gz_gui_vendor:/opt/ros/jazzy/opt/gz_transport_vendor:/opt/ros/jazzy/opt/gz_rendering_vendor:/opt/ros/jazzy/opt/gz_plugin_vendor:/opt/ros/jazzy/opt/gz_fuel_tools_vendor:/opt/ros/jazzy/opt/gz_msgs_vendor:/opt/ros/jazzy/opt/gz_common_vendor:/opt/ros/jazzy/opt/gz_math_vendor:/opt/ros/jazzy/opt/gz_utils_vendor:/opt/ros/jazzy/opt/gz_tools_vendor:/opt/ros/jazzy/opt/gz_ogre_next_vendor:/opt/ros/jazzy/opt/gz_dartsim_vendor:/opt/ros/jazzy/opt/gz_cmake_vendor:/home/kango/musia_ws/install/musia_navigation:/home/kango/musia_ws/src/musia_navigation/install/musia_navigation:/home/kango/musia_ws/install/musia_tour_manager:/home/kango/musia_ws/install/musia_arduino_bridge:/opt/ros/jazzy PATH=/home/kango/musia_ws/install/musia_tour_manager/bin:/home/kango/musia_ws/install/musia_arduino_bridge/bin:/home/kango/musia_ws/install/musia_navigation/bin:/home/kango/musia_ws/src/musia_navigation/install/musia_navigation/bin:/opt/ros/jazzy/opt/gz_msgs_vendor/bin:/opt/ros/jazzy/opt/gz_tools_vendor/bin:/opt/ros/jazzy/opt/gz_ogre_next_vendor/bin:/opt/ros/jazzy/bin:/usr/local/sbin:/usr/local/bin:/usr/sbin:/usr/bin:/sbin:/bin:/usr/games:/usr/local/games:/snap/bin PYTHONPATH=/home/kango/musia_ws/build/musia_tour_manager:/home/kango/musia_ws/install/musia_tour_manager/lib/python3.12/site-packages:/home/kango/musia_ws/install/musia_msgs/lib/python3.12/site-packages:/home/kango/musia_ws/build/musia_arduino_bridge:/home/kango/musia_ws/install/musia_arduino_bridge/lib/python3.12/site-packages:/home/kango/musia_ws/build/musia_navigation:/home/kango/musia_ws/install/musia_navigation/lib/python3.12/site-packages:/home/kango/musia_ws/src/musia_navigation/build/musia_navigation:/home/kango/musia_ws/src/musia_navigation/install/musia_navigation/lib/python3.12/site-packages:/home/kango/musia_ws/build/musia_bringup:/home/kango/musia_ws/install/musia_bringup/lib/python3.12/site-packages:/opt/ros/jazzy/lib/python3.12/site-packages /usr/bin/cmake --install /home/kango/musia_ws/build/musia_bringup
[1.301s] Level 1:colcon.colcon_core.environment:checking '/home/kango/musia_ws/install/musia_bringup' for CMake module files
[1.302s] Level 1:colcon.colcon_core.environment:checking '/home/kango/musia_ws/install/musia_bringup' for CMake config files
[1.303s] Level 1:colcon.colcon_core.shell:create_environment_hook('musia_bringup', 'cmake_prefix_path')
[1.303s] INFO:colcon.colcon_core.shell:Creating environment hook '/home/kango/musia_ws/install/musia_bringup/share/musia_bringup/hook/cmake_prefix_path.ps1'
[1.304s] INFO:colcon.colcon_core.shell:Creating environment descriptor '/home/kango/musia_ws/install/musia_bringup/share/musia_bringup/hook/cmake_prefix_path.dsv'
[1.304s] INFO:colcon.colcon_core.shell:Creating environment hook '/home/kango/musia_ws/install/musia_bringup/share/musia_bringup/hook/cmake_prefix_path.sh'
[1.305s] Level 1:colcon.colcon_core.environment:checking '/home/kango/musia_ws/install/musia_bringup/lib'
[1.305s] Level 1:colcon.colcon_core.environment:checking '/home/kango/musia_ws/install/musia_bringup/bin'
[1.305s] Level 1:colcon.colcon_core.environment:checking '/home/kango/musia_ws/install/musia_bringup/lib/pkgconfig/musia_bringup.pc'
[1.306s] Level 1:colcon.colcon_core.environment:checking '/home/kango/musia_ws/install/musia_bringup/lib/python3.12/site-packages'
[1.306s] Level 1:colcon.colcon_core.shell:create_environment_hook('musia_bringup', 'pythonpath')
[1.306s] INFO:colcon.colcon_core.shell:Creating environment hook '/home/kango/musia_ws/install/musia_bringup/share/musia_bringup/hook/pythonpath.ps1'
[1.307s] INFO:colcon.colcon_core.shell:Creating environment descriptor '/home/kango/musia_ws/install/musia_bringup/share/musia_bringup/hook/pythonpath.dsv'
[1.307s] INFO:colcon.colcon_core.shell:Creating environment hook '/home/kango/musia_ws/install/musia_bringup/share/musia_bringup/hook/pythonpath.sh'
[1.309s] Level 1:colcon.colcon_core.environment:checking '/home/kango/musia_ws/install/musia_bringup/bin'
[1.309s] INFO:colcon.colcon_core.shell:Creating package script '/home/kango/musia_ws/install/musia_bringup/share/musia_bringup/package.ps1'
[1.310s] INFO:colcon.colcon_core.shell:Creating package descriptor '/home/kango/musia_ws/install/musia_bringup/share/musia_bringup/package.dsv'
[1.311s] INFO:colcon.colcon_core.shell:Creating package script '/home/kango/musia_ws/install/musia_bringup/share/musia_bringup/package.sh'
[1.312s] INFO:colcon.colcon_core.shell:Creating package script '/home/kango/musia_ws/install/musia_bringup/share/musia_bringup/package.bash'
[1.312s] INFO:colcon.colcon_core.shell:Creating package script '/home/kango/musia_ws/install/musia_bringup/share/musia_bringup/package.zsh'
[1.313s] Level 1:colcon.colcon_core.environment:create_file_with_runtime_dependencies(/home/kango/musia_ws/install/musia_bringup/share/colcon-core/packages/musia_bringup)
[1.314s] Level 1:colcon.colcon_core.environment:create_environment_scripts_only(musia_bringup)
[1.315s] Level 1:colcon.colcon_core.environment:checking '/home/kango/musia_ws/install/musia_bringup' for CMake module files
[1.315s] Level 1:colcon.colcon_core.environment:checking '/home/kango/musia_ws/install/musia_bringup' for CMake config files
[1.316s] Level 1:colcon.colcon_core.shell:create_environment_hook('musia_bringup', 'cmake_prefix_path')
[1.316s] INFO:colcon.colcon_core.shell:Creating environment hook '/home/kango/musia_ws/install/musia_bringup/share/musia_bringup/hook/cmake_prefix_path.ps1'
[1.317s] INFO:colcon.colcon_core.shell:Creating environment descriptor '/home/kango/musia_ws/install/musia_bringup/share/musia_bringup/hook/cmake_prefix_path.dsv'
[1.317s] INFO:colcon.colcon_core.shell:Creating environment hook '/home/kango/musia_ws/install/musia_bringup/share/musia_bringup/hook/cmake_prefix_path.sh'
[1.318s] Level 1:colcon.colcon_core.environment:checking '/home/kango/musia_ws/install/musia_bringup/lib'
[1.318s] Level 1:colcon.colcon_core.environment:checking '/home/kango/musia_ws/install/musia_bringup/bin'
[1.318s] Level 1:colcon.colcon_core.environment:checking '/home/kango/musia_ws/install/musia_bringup/lib/pkgconfig/musia_bringup.pc'
[1.319s] Level 1:colcon.colcon_core.environment:checking '/home/kango/musia_ws/install/musia_bringup/lib/python3.12/site-packages'
[1.319s] Level 1:colcon.colcon_core.shell:create_environment_hook('musia_bringup', 'pythonpath')
[1.319s] INFO:colcon.colcon_core.shell:Creating environment hook '/home/kango/musia_ws/install/musia_bringup/share/musia_bringup/hook/pythonpath.ps1'
[1.319s] INFO:colcon.colcon_core.shell:Creating environment descriptor '/home/kango/musia_ws/install/musia_bringup/share/musia_bringup/hook/pythonpath.dsv'
[1.320s] INFO:colcon.colcon_core.shell:Creating environment hook '/home/kango/musia_ws/install/musia_bringup/share/musia_bringup/hook/pythonpath.sh'
[1.321s] Level 1:colcon.colcon_core.environment:checking '/home/kango/musia_ws/install/musia_bringup/bin'
[1.322s] INFO:colcon.colcon_core.shell:Creating package script '/home/kango/musia_ws/install/musia_bringup/share/musia_bringup/package.ps1'
[1.322s] INFO:colcon.colcon_core.shell:Creating package descriptor '/home/kango/musia_ws/install/musia_bringup/share/musia_bringup/package.dsv'
[1.323s] INFO:colcon.colcon_core.shell:Creating package script '/home/kango/musia_ws/install/musia_bringup/share/musia_bringup/package.sh'
[1.324s] INFO:colcon.colcon_core.shell:Creating package script '/home/kango/musia_ws/install/musia_bringup/share/musia_bringup/package.bash'
[1.324s] INFO:colcon.colcon_core.shell:Creating package script '/home/kango/musia_ws/install/musia_bringup/share/musia_bringup/package.zsh'
[1.325s] Level 1:colcon.colcon_core.environment:create_file_with_runtime_dependencies(/home/kango/musia_ws/install/musia_bringup/share/colcon-core/packages/musia_bringup)
[1.326s] DEBUG:colcon.colcon_parallel_executor.executor.parallel:closing loop
[1.326s] DEBUG:colcon.colcon_parallel_executor.executor.parallel:loop closed
[1.326s] DEBUG:colcon.colcon_parallel_executor.executor.parallel:run_until_complete finished with '0'
[1.326s] DEBUG:colcon.colcon_core.event_reactor:joining thread
[1.327s] DEBUG:colcon.colcon_core.event_reactor:joined thread
[1.327s] INFO:colcon.colcon_core.shell:Creating prefix script '/home/kango/musia_ws/install/local_setup.ps1'
[1.328s] INFO:colcon.colcon_core.shell:Creating prefix util module '/home/kango/musia_ws/install/_local_setup_util_ps1.py'
[1.330s] INFO:colcon.colcon_core.shell:Creating prefix chain script '/home/kango/musia_ws/install/setup.ps1'
[1.332s] INFO:colcon.colcon_core.shell:Creating prefix script '/home/kango/musia_ws/install/local_setup.sh'
[1.332s] INFO:colcon.colcon_core.shell:Creating prefix util module '/home/kango/musia_ws/install/_local_setup_util_sh.py'
[1.333s] INFO:colcon.colcon_core.shell:Creating prefix chain script '/home/kango/musia_ws/install/setup.sh'
[1.334s] INFO:colcon.colcon_core.shell:Creating prefix script '/home/kango/musia_ws/install/local_setup.bash'
[1.335s] INFO:colcon.colcon_core.shell:Creating prefix chain script '/home/kango/musia_ws/install/setup.bash'
[1.337s] INFO:colcon.colcon_core.shell:Creating prefix script '/home/kango/musia_ws/install/local_setup.zsh'
[1.337s] INFO:colcon.colcon_core.shell:Creating prefix chain script '/home/kango/musia_ws/install/setup.zsh'
