[0.014s] Invoking command in '/home/kango/musia_ws/build/musia_msgs': CMAKE_PREFIX_PATH=${CMAKE_PREFIX_PATH}:/home/kango/musia_ws/install/musia_arduino_bridge:/home/kango/musia_ws/install/musia_tour_manager:/home/kango/musia_ws/install/musia_bringup:/opt/ros/jazzy /usr/bin/cmake --build /home/kango/musia_ws/build/musia_msgs -- -j4 -l4
[0.066s] -- Found ament_cmake: 2.5.6 (/opt/ros/jazzy/share/ament_cmake/cmake)
[0.235s] -- Found std_msgs: 5.3.7 (/opt/ros/jazzy/share/std_msgs/cmake)
[0.268s] -- Found rosidl_generator_c: 4.6.7 (/opt/ros/jazzy/share/rosidl_generator_c/cmake)
[0.280s] -- Found rosidl_generator_cpp: 4.6.7 (/opt/ros/jazzy/share/rosidl_generator_cpp/cmake)
[0.296s] -- Using all available rosidl_typesupport_c: rosidl_typesupport_fastrtps_c;rosidl_typesupport_introspection_c
[0.315s] -- Using all available rosidl_typesupport_cpp: rosidl_typesupport_fastrtps_cpp;rosidl_typesupport_introspection_cpp
[0.350s] -- Found geometry_msgs: 5.3.7 (/opt/ros/jazzy/share/geometry_msgs/cmake)
[0.369s] -- Found rosidl_default_generators: 1.6.0 (/opt/ros/jazzy/share/rosidl_default_generators/cmake)
[0.384s] -- Found rosidl_adapter: 4.6.7 (/opt/ros/jazzy/share/rosidl_adapter/cmake)
[0.926s] -- Found ament_cmake_ros: 0.12.0 (/opt/ros/jazzy/share/ament_cmake_ros/cmake)
[1.370s] -- Using all available rosidl_typesupport_c: rosidl_typesupport_fastrtps_c;rosidl_typesupport_introspection_c
[1.544s] -- Using all available rosidl_typesupport_cpp: rosidl_typesupport_fastrtps_cpp;rosidl_typesupport_introspection_cpp
[1.546s] -- Found python_cmake_module: 0.11.1 (/opt/ros/jazzy/share/python_cmake_module/cmake)
[1.989s] -- Found Python3: /usr/bin/python3 (found version "3.12.3") found components: Interpreter Development NumPy Development.Module Development.Embed 
[2.129s] -- Found Python3: /usr/bin/python3 (found version "3.12.3") found components: Interpreter 
[2.138s] -- Configuring done (2.1s)
[2.259s] -- Generating done (0.1s)
[2.296s] -- Build files have been written to: /home/kango/musia_ws/build/musia_msgs
[2.374s] [  2%] [34m[1mGenerating type hashes for ROS interfaces[0m
[2.374s] [  2%] [34m[1mGenerating Rust code for ROS interfaces[0m
[2.395s] [  2%] Built target ament_cmake_python_copy_musia_msgs
[2.714s] running egg_info
[2.738s] writing musia_msgs.egg-info/PKG-INFO
[2.739s] writing dependency_links to musia_msgs.egg-info/dependency_links.txt
[2.739s] writing top-level names to musia_msgs.egg-info/top_level.txt
[2.809s] reading manifest file 'musia_msgs.egg-info/SOURCES.txt'
[2.810s] writing manifest file 'musia_msgs.egg-info/SOURCES.txt'
[2.941s] [  2%] Built target ament_cmake_python_build_musia_msgs_egg
[2.980s] [  2%] Built target musia_msgs__rosidl_generator_type_description
[3.003s] [  3%] [34m[1mGenerating C code for ROS interfaces[0m
[3.014s] [  3%] Built target musia_msgs__rs
[3.035s] [  3%] [34m[1mGenerating C++ code for ROS interfaces[0m
[4.306s] [  3%] Built target musia_msgs__cpp
[4.600s] [  7%] [32mBuilding C object CMakeFiles/musia_msgs__rosidl_generator_c.dir/rosidl_generator_c/musia_msgs/msg/detail/tour_state__description.c.o[0m
[4.601s] [  7%] [32mBuilding C object CMakeFiles/musia_msgs__rosidl_generator_c.dir/rosidl_generator_c/musia_msgs/msg/detail/tour_state__type_support.c.o[0m
[4.601s] [  7%] [32mBuilding C object CMakeFiles/musia_msgs__rosidl_generator_c.dir/rosidl_generator_c/musia_msgs/msg/detail/tour_state__functions.c.o[0m
[4.601s] [  7%] [32mBuilding C object CMakeFiles/musia_msgs__rosidl_generator_c.dir/rosidl_generator_c/musia_msgs/msg/detail/person_detection__description.c.o[0m
[4.680s] [  8%] [32mBuilding C object CMakeFiles/musia_msgs__rosidl_generator_c.dir/rosidl_generator_c/musia_msgs/msg/detail/person_detection__functions.c.o[0m
[4.693s] [  9%] [32mBuilding C object CMakeFiles/musia_msgs__rosidl_generator_c.dir/rosidl_generator_c/musia_msgs/msg/detail/person_detection__type_support.c.o[0m
[4.702s] [ 10%] [32mBuilding C object CMakeFiles/musia_msgs__rosidl_generator_c.dir/rosidl_generator_c/musia_msgs/msg/detail/audio_command__description.c.o[0m
[4.719s] [ 11%] [32mBuilding C object CMakeFiles/musia_msgs__rosidl_generator_c.dir/rosidl_generator_c/musia_msgs/msg/detail/audio_command__functions.c.o[0m
[4.769s] [ 12%] [32mBuilding C object CMakeFiles/musia_msgs__rosidl_generator_c.dir/rosidl_generator_c/musia_msgs/msg/detail/audio_command__type_support.c.o[0m
[4.800s] [ 13%] [32mBuilding C object CMakeFiles/musia_msgs__rosidl_generator_c.dir/rosidl_generator_c/musia_msgs/srv/detail/set_tour_mode__description.c.o[0m
[4.803s] [ 14%] [32mBuilding C object CMakeFiles/musia_msgs__rosidl_generator_c.dir/rosidl_generator_c/musia_msgs/srv/detail/set_tour_mode__functions.c.o[0m
[5.055s] [ 15%] [32mBuilding C object CMakeFiles/musia_msgs__rosidl_generator_c.dir/rosidl_generator_c/musia_msgs/srv/detail/set_tour_mode__type_support.c.o[0m
[5.092s] [ 16%] [32mBuilding C object CMakeFiles/musia_msgs__rosidl_generator_c.dir/rosidl_generator_c/musia_msgs/srv/detail/get_current_zone__description.c.o[0m
[5.172s] [ 17%] [32mBuilding C object CMakeFiles/musia_msgs__rosidl_generator_c.dir/rosidl_generator_c/musia_msgs/srv/detail/get_current_zone__functions.c.o[0m
[5.237s] [ 18%] [32mBuilding C object CMakeFiles/musia_msgs__rosidl_generator_c.dir/rosidl_generator_c/musia_msgs/srv/detail/get_current_zone__type_support.c.o[0m
[5.303s] [ 19%] [32mBuilding C object CMakeFiles/musia_msgs__rosidl_generator_c.dir/rosidl_generator_c/musia_msgs/srv/detail/navigate_to_poi__description.c.o[0m
[5.303s] [ 20%] [32mBuilding C object CMakeFiles/musia_msgs__rosidl_generator_c.dir/rosidl_generator_c/musia_msgs/srv/detail/navigate_to_poi__functions.c.o[0m
[5.306s] [ 21%] [32mBuilding C object CMakeFiles/musia_msgs__rosidl_generator_c.dir/rosidl_generator_c/musia_msgs/srv/detail/navigate_to_poi__type_support.c.o[0m
[5.317s] [ 21%] [32mBuilding C object CMakeFiles/musia_msgs__rosidl_generator_c.dir/rosidl_generator_c/musia_msgs/srv/detail/play_audio__description.c.o[0m
[5.401s] [ 22%] [32mBuilding C object CMakeFiles/musia_msgs__rosidl_generator_c.dir/rosidl_generator_c/musia_msgs/srv/detail/play_audio__functions.c.o[0m
[5.415s] [ 23%] [32mBuilding C object CMakeFiles/musia_msgs__rosidl_generator_c.dir/rosidl_generator_c/musia_msgs/srv/detail/play_audio__type_support.c.o[0m
[5.435s] [ 24%] [32mBuilding C object CMakeFiles/musia_msgs__rosidl_generator_c.dir/rosidl_generator_c/musia_msgs/srv/detail/detect_person__description.c.o[0m
[5.474s] [ 25%] [32mBuilding C object CMakeFiles/musia_msgs__rosidl_generator_c.dir/rosidl_generator_c/musia_msgs/srv/detail/detect_person__functions.c.o[0m
[5.514s] [ 26%] [32mBuilding C object CMakeFiles/musia_msgs__rosidl_generator_c.dir/rosidl_generator_c/musia_msgs/srv/detail/detect_person__type_support.c.o[0m
[5.619s] [ 27%] [32m[1mLinking C shared library libmusia_msgs__rosidl_generator_c.so[0m
[5.715s] [ 27%] Built target musia_msgs__rosidl_generator_c
[5.744s] [ 28%] [34m[1mGenerating C introspection for ROS interfaces[0m
[5.744s] [ 29%] [34m[1mGenerating C type support dispatch for ROS interfaces[0m
[5.745s] [ 30%] [34m[1mGenerating C++ type support for eProsima Fast-RTPS[0m
[5.747s] [ 31%] [34m[1mGenerating C type support for eProsima Fast-RTPS[0m
[6.660s] [ 32%] [32mBuilding CXX object CMakeFiles/musia_msgs__rosidl_typesupport_c.dir/rosidl_typesupport_c/musia_msgs/msg/tour_state__type_support.cpp.o[0m
[6.756s] [ 33%] [32mBuilding CXX object CMakeFiles/musia_msgs__rosidl_typesupport_c.dir/rosidl_typesupport_c/musia_msgs/msg/person_detection__type_support.cpp.o[0m
[6.843s] [ 34%] [32mBuilding CXX object CMakeFiles/musia_msgs__rosidl_typesupport_c.dir/rosidl_typesupport_c/musia_msgs/msg/audio_command__type_support.cpp.o[0m
[6.928s] [ 34%] [32mBuilding CXX object CMakeFiles/musia_msgs__rosidl_typesupport_c.dir/rosidl_typesupport_c/musia_msgs/srv/set_tour_mode__type_support.cpp.o[0m
[7.038s] [ 35%] [32mBuilding CXX object CMakeFiles/musia_msgs__rosidl_typesupport_c.dir/rosidl_typesupport_c/musia_msgs/srv/get_current_zone__type_support.cpp.o[0m
[7.086s] [ 36%] [32mBuilding C object CMakeFiles/musia_msgs__rosidl_typesupport_introspection_c.dir/rosidl_typesupport_introspection_c/musia_msgs/msg/detail/tour_state__type_support.c.o[0m
[7.149s] [ 37%] [32mBuilding CXX object CMakeFiles/musia_msgs__rosidl_typesupport_c.dir/rosidl_typesupport_c/musia_msgs/srv/navigate_to_poi__type_support.cpp.o[0m
[7.184s] [ 38%] [32mBuilding C object CMakeFiles/musia_msgs__rosidl_typesupport_introspection_c.dir/rosidl_typesupport_introspection_c/musia_msgs/msg/detail/person_detection__type_support.c.o[0m
[7.255s] [ 39%] [32mBuilding CXX object CMakeFiles/musia_msgs__rosidl_typesupport_c.dir/rosidl_typesupport_c/musia_msgs/srv/play_audio__type_support.cpp.o[0m
[7.271s] [ 40%] [32mBuilding C object CMakeFiles/musia_msgs__rosidl_typesupport_introspection_c.dir/rosidl_typesupport_introspection_c/musia_msgs/msg/detail/audio_command__type_support.c.o[0m
[7.356s] [ 42%] [32mBuilding C object CMakeFiles/musia_msgs__rosidl_typesupport_introspection_c.dir/rosidl_typesupport_introspection_c/musia_msgs/srv/detail/set_tour_mode__type_support.c.o[0m
[7.359s] [ 42%] [32mBuilding CXX object CMakeFiles/musia_msgs__rosidl_typesupport_c.dir/rosidl_typesupport_c/musia_msgs/srv/detect_person__type_support.cpp.o[0m
[7.419s] [ 43%] [32mBuilding CXX object CMakeFiles/musia_msgs__rosidl_typesupport_fastrtps_cpp.dir/rosidl_typesupport_fastrtps_cpp/musia_msgs/msg/detail/dds_fastrtps/tour_state__type_support.cpp.o[0m
[7.467s] [ 45%] [32m[1mLinking CXX shared library libmusia_msgs__rosidl_typesupport_c.so[0m
[7.467s] [ 45%] [32mBuilding C object CMakeFiles/musia_msgs__rosidl_typesupport_introspection_c.dir/rosidl_typesupport_introspection_c/musia_msgs/srv/detail/get_current_zone__type_support.c.o[0m
[7.557s] [ 46%] [32mBuilding CXX object CMakeFiles/musia_msgs__rosidl_typesupport_fastrtps_c.dir/rosidl_typesupport_fastrtps_c/musia_msgs/msg/detail/tour_state__type_support_c.cpp.o[0m
[7.563s] [ 46%] Built target musia_msgs__rosidl_typesupport_c
[7.579s] [ 46%] [32mBuilding C object CMakeFiles/musia_msgs__rosidl_typesupport_introspection_c.dir/rosidl_typesupport_introspection_c/musia_msgs/srv/detail/navigate_to_poi__type_support.c.o[0m
[7.586s] [ 47%] [32mBuilding C object CMakeFiles/musia_msgs__rosidl_typesupport_introspection_c.dir/rosidl_typesupport_introspection_c/musia_msgs/srv/detail/play_audio__type_support.c.o[0m
[7.685s] [ 48%] [32mBuilding C object CMakeFiles/musia_msgs__rosidl_typesupport_introspection_c.dir/rosidl_typesupport_introspection_c/musia_msgs/srv/detail/detect_person__type_support.c.o[0m
[7.698s] [ 49%] [34m[1mGenerating C++ introspection for ROS interfaces[0m
[7.810s] [ 50%] [32m[1mLinking C shared library libmusia_msgs__rosidl_typesupport_introspection_c.so[0m
[7.908s] [ 50%] Built target musia_msgs__rosidl_typesupport_introspection_c
[7.934s] [ 51%] [34m[1mGenerating C++ type support dispatch for ROS interfaces[0m
[8.492s] [ 52%] [32mBuilding CXX object CMakeFiles/musia_msgs__rosidl_typesupport_fastrtps_cpp.dir/rosidl_typesupport_fastrtps_cpp/musia_msgs/msg/detail/dds_fastrtps/person_detection__type_support.cpp.o[0m
[8.591s] [ 53%] [32mBuilding CXX object CMakeFiles/musia_msgs__rosidl_typesupport_fastrtps_c.dir/rosidl_typesupport_fastrtps_c/musia_msgs/msg/detail/person_detection__type_support_c.cpp.o[0m
[9.059s] [ 54%] [32mBuilding CXX object CMakeFiles/musia_msgs__rosidl_typesupport_cpp.dir/rosidl_typesupport_cpp/musia_msgs/msg/tour_state__type_support.cpp.o[0m
[9.210s] [ 55%] [32mBuilding CXX object CMakeFiles/musia_msgs__rosidl_typesupport_introspection_cpp.dir/rosidl_typesupport_introspection_cpp/musia_msgs/msg/detail/tour_state__type_support.cpp.o[0m
[9.629s] [ 56%] [32mBuilding CXX object CMakeFiles/musia_msgs__rosidl_typesupport_fastrtps_cpp.dir/rosidl_typesupport_fastrtps_cpp/musia_msgs/msg/detail/dds_fastrtps/audio_command__type_support.cpp.o[0m
[9.668s] [ 57%] [32mBuilding CXX object CMakeFiles/musia_msgs__rosidl_typesupport_fastrtps_c.dir/rosidl_typesupport_fastrtps_c/musia_msgs/msg/detail/audio_command__type_support_c.cpp.o[0m
[9.761s] [ 58%] [32mBuilding CXX object CMakeFiles/musia_msgs__rosidl_typesupport_cpp.dir/rosidl_typesupport_cpp/musia_msgs/msg/person_detection__type_support.cpp.o[0m
[9.938s] [ 59%] [32mBuilding CXX object CMakeFiles/musia_msgs__rosidl_typesupport_introspection_cpp.dir/rosidl_typesupport_introspection_cpp/musia_msgs/msg/detail/person_detection__type_support.cpp.o[0m
[10.521s] [ 60%] [32mBuilding CXX object CMakeFiles/musia_msgs__rosidl_typesupport_cpp.dir/rosidl_typesupport_cpp/musia_msgs/msg/audio_command__type_support.cpp.o[0m
[10.683s] [ 61%] [32mBuilding CXX object CMakeFiles/musia_msgs__rosidl_typesupport_introspection_cpp.dir/rosidl_typesupport_introspection_cpp/musia_msgs/msg/detail/audio_command__type_support.cpp.o[0m
[10.754s] [ 62%] [32mBuilding CXX object CMakeFiles/musia_msgs__rosidl_typesupport_fastrtps_cpp.dir/rosidl_typesupport_fastrtps_cpp/musia_msgs/srv/detail/dds_fastrtps/set_tour_mode__type_support.cpp.o[0m
[10.790s] [ 63%] [32mBuilding CXX object CMakeFiles/musia_msgs__rosidl_typesupport_fastrtps_c.dir/rosidl_typesupport_fastrtps_c/musia_msgs/srv/detail/set_tour_mode__type_support_c.cpp.o[0m
[11.288s] [ 64%] [32mBuilding CXX object CMakeFiles/musia_msgs__rosidl_typesupport_cpp.dir/rosidl_typesupport_cpp/musia_msgs/srv/set_tour_mode__type_support.cpp.o[0m
[11.426s] [ 65%] [32mBuilding CXX object CMakeFiles/musia_msgs__rosidl_typesupport_introspection_cpp.dir/rosidl_typesupport_introspection_cpp/musia_msgs/srv/detail/set_tour_mode__type_support.cpp.o[0m
[12.002s] [ 65%] [32mBuilding CXX object CMakeFiles/musia_msgs__rosidl_typesupport_fastrtps_c.dir/rosidl_typesupport_fastrtps_c/musia_msgs/srv/detail/get_current_zone__type_support_c.cpp.o[0m
[12.226s] [ 66%] [32mBuilding CXX object CMakeFiles/musia_msgs__rosidl_typesupport_fastrtps_cpp.dir/rosidl_typesupport_fastrtps_cpp/musia_msgs/srv/detail/dds_fastrtps/get_current_zone__type_support.cpp.o[0m
[12.305s] [ 67%] [32mBuilding CXX object CMakeFiles/musia_msgs__rosidl_typesupport_cpp.dir/rosidl_typesupport_cpp/musia_msgs/srv/get_current_zone__type_support.cpp.o[0m
[12.469s] [ 68%] [32mBuilding CXX object CMakeFiles/musia_msgs__rosidl_typesupport_introspection_cpp.dir/rosidl_typesupport_introspection_cpp/musia_msgs/srv/detail/get_current_zone__type_support.cpp.o[0m
[13.224s] [ 69%] [32mBuilding CXX object CMakeFiles/musia_msgs__rosidl_typesupport_fastrtps_c.dir/rosidl_typesupport_fastrtps_c/musia_msgs/srv/detail/navigate_to_poi__type_support_c.cpp.o[0m
[13.337s] [ 70%] [32mBuilding CXX object CMakeFiles/musia_msgs__rosidl_typesupport_cpp.dir/rosidl_typesupport_cpp/musia_msgs/srv/navigate_to_poi__type_support.cpp.o[0m
[13.471s] [ 71%] [32mBuilding CXX object CMakeFiles/musia_msgs__rosidl_typesupport_introspection_cpp.dir/rosidl_typesupport_introspection_cpp/musia_msgs/srv/detail/navigate_to_poi__type_support.cpp.o[0m
[13.717s] [ 72%] [32mBuilding CXX object CMakeFiles/musia_msgs__rosidl_typesupport_fastrtps_cpp.dir/rosidl_typesupport_fastrtps_cpp/musia_msgs/srv/detail/dds_fastrtps/navigate_to_poi__type_support.cpp.o[0m
[14.369s] [ 73%] [32mBuilding CXX object CMakeFiles/musia_msgs__rosidl_typesupport_cpp.dir/rosidl_typesupport_cpp/musia_msgs/srv/play_audio__type_support.cpp.o[0m
[14.435s] [ 74%] [32mBuilding CXX object CMakeFiles/musia_msgs__rosidl_typesupport_fastrtps_c.dir/rosidl_typesupport_fastrtps_c/musia_msgs/srv/detail/play_audio__type_support_c.cpp.o[0m
[14.485s] [ 75%] [32mBuilding CXX object CMakeFiles/musia_msgs__rosidl_typesupport_introspection_cpp.dir/rosidl_typesupport_introspection_cpp/musia_msgs/srv/detail/play_audio__type_support.cpp.o[0m
[15.279s] [ 76%] [32mBuilding CXX object CMakeFiles/musia_msgs__rosidl_typesupport_fastrtps_cpp.dir/rosidl_typesupport_fastrtps_cpp/musia_msgs/srv/detail/dds_fastrtps/play_audio__type_support.cpp.o[0m
[15.337s] [ 77%] [32mBuilding CXX object CMakeFiles/musia_msgs__rosidl_typesupport_cpp.dir/rosidl_typesupport_cpp/musia_msgs/srv/detect_person__type_support.cpp.o[0m
[15.564s] [ 78%] [32mBuilding CXX object CMakeFiles/musia_msgs__rosidl_typesupport_introspection_cpp.dir/rosidl_typesupport_introspection_cpp/musia_msgs/srv/detail/detect_person__type_support.cpp.o[0m
[15.687s] [ 79%] [32mBuilding CXX object CMakeFiles/musia_msgs__rosidl_typesupport_fastrtps_c.dir/rosidl_typesupport_fastrtps_c/musia_msgs/srv/detail/detect_person__type_support_c.cpp.o[0m
[16.278s] [ 80%] [32m[1mLinking CXX shared library libmusia_msgs__rosidl_typesupport_cpp.so[0m
[16.596s] [ 80%] Built target musia_msgs__rosidl_typesupport_cpp
[16.617s] [ 81%] [32m[1mLinking CXX shared library libmusia_msgs__rosidl_typesupport_introspection_cpp.so[0m
[16.622s] [ 82%] [32mBuilding CXX object CMakeFiles/musia_msgs__rosidl_typesupport_fastrtps_cpp.dir/rosidl_typesupport_fastrtps_cpp/musia_msgs/srv/detail/dds_fastrtps/detect_person__type_support.cpp.o[0m
[16.898s] [ 82%] Built target musia_msgs__rosidl_typesupport_introspection_cpp
[17.019s] [ 83%] [32m[1mLinking CXX shared library libmusia_msgs__rosidl_typesupport_fastrtps_c.so[0m
[17.212s] [ 83%] Built target musia_msgs__rosidl_typesupport_fastrtps_c
[17.632s] [ 84%] [32m[1mLinking CXX shared library libmusia_msgs__rosidl_typesupport_fastrtps_cpp.so[0m
[17.824s] [ 84%] Built target musia_msgs__rosidl_typesupport_fastrtps_cpp
[17.866s] [ 84%] Built target musia_msgs
[17.908s] [ 85%] [34m[1mGenerating Python code for ROS interfaces[0m
[19.681s] [ 85%] Built target musia_msgs__py
[19.738s] [ 88%] [32mBuilding C object CMakeFiles/musia_msgs__rosidl_generator_py.dir/rosidl_generator_py/musia_msgs/msg/_tour_state_s.c.o[0m
[19.739s] [ 88%] [32mBuilding C object CMakeFiles/musia_msgs__rosidl_generator_py.dir/rosidl_generator_py/musia_msgs/msg/_person_detection_s.c.o[0m
[19.739s] [ 88%] [32mBuilding C object CMakeFiles/musia_msgs__rosidl_generator_py.dir/rosidl_generator_py/musia_msgs/msg/_audio_command_s.c.o[0m
[19.745s] [ 89%] [32mBuilding C object CMakeFiles/musia_msgs__rosidl_generator_py.dir/rosidl_generator_py/musia_msgs/srv/_set_tour_mode_s.c.o[0m
[20.025s] [ 91%] [32mBuilding C object CMakeFiles/musia_msgs__rosidl_generator_py.dir/rosidl_generator_py/musia_msgs/srv/_navigate_to_poi_s.c.o[0m
[20.026s] [ 91%] [32mBuilding C object CMakeFiles/musia_msgs__rosidl_generator_py.dir/rosidl_generator_py/musia_msgs/srv/_get_current_zone_s.c.o[0m
[20.041s] [ 92%] [32mBuilding C object CMakeFiles/musia_msgs__rosidl_generator_py.dir/rosidl_generator_py/musia_msgs/srv/_play_audio_s.c.o[0m
[20.066s] [ 93%] [32mBuilding C object CMakeFiles/musia_msgs__rosidl_generator_py.dir/rosidl_generator_py/musia_msgs/srv/_detect_person_s.c.o[0m
[20.389s] [ 94%] [32m[1mLinking C shared library libmusia_msgs__rosidl_generator_py.so[0m
[20.485s] [ 94%] Built target musia_msgs__rosidl_generator_py
[20.531s] [ 96%] [32mBuilding C object CMakeFiles/musia_msgs_s__rosidl_typesupport_c.dir/rosidl_generator_py/musia_msgs/_musia_msgs_s.ep.rosidl_typesupport_c.c.o[0m
[20.531s] [ 96%] [32mBuilding C object CMakeFiles/musia_msgs_s__rosidl_typesupport_introspection_c.dir/rosidl_generator_py/musia_msgs/_musia_msgs_s.ep.rosidl_typesupport_introspection_c.c.o[0m
[20.568s] [ 97%] [32mBuilding C object CMakeFiles/musia_msgs_s__rosidl_typesupport_fastrtps_c.dir/rosidl_generator_py/musia_msgs/_musia_msgs_s.ep.rosidl_typesupport_fastrtps_c.c.o[0m
[20.823s] [ 98%] [32m[1mLinking C shared module rosidl_generator_py/musia_msgs/musia_msgs_s__rosidl_typesupport_introspection_c.so[0m
[20.829s] [ 99%] [32m[1mLinking C shared module rosidl_generator_py/musia_msgs/musia_msgs_s__rosidl_typesupport_c.so[0m
[20.877s] [100%] [32m[1mLinking C shared module rosidl_generator_py/musia_msgs/musia_msgs_s__rosidl_typesupport_fastrtps_c.so[0m
[20.893s] [100%] Built target musia_msgs_s__rosidl_typesupport_introspection_c
[20.895s] [100%] Built target musia_msgs_s__rosidl_typesupport_c
[20.942s] [100%] Built target musia_msgs_s__rosidl_typesupport_fastrtps_c
[20.967s] Invoked command in '/home/kango/musia_ws/build/musia_msgs' returned '0': CMAKE_PREFIX_PATH=${CMAKE_PREFIX_PATH}:/home/kango/musia_ws/install/musia_arduino_bridge:/home/kango/musia_ws/install/musia_tour_manager:/home/kango/musia_ws/install/musia_bringup:/opt/ros/jazzy /usr/bin/cmake --build /home/kango/musia_ws/build/musia_msgs -- -j4 -l4
[20.987s] Invoking command in '/home/kango/musia_ws/build/musia_msgs': CMAKE_PREFIX_PATH=${CMAKE_PREFIX_PATH}:/home/kango/musia_ws/install/musia_arduino_bridge:/home/kango/musia_ws/install/musia_tour_manager:/home/kango/musia_ws/install/musia_bringup:/opt/ros/jazzy /usr/bin/cmake --install /home/kango/musia_ws/build/musia_msgs
[21.004s] -- Install configuration: ""
[21.004s] -- Up-to-date: /home/kango/musia_ws/install/musia_msgs/share/ament_index/resource_index/rosidl_interfaces/musia_msgs
[21.004s] -- Installing: /home/kango/musia_ws/install/musia_msgs/share/musia_msgs/msg/TourState.json
[21.004s] -- Installing: /home/kango/musia_ws/install/musia_msgs/share/musia_msgs/msg/PersonDetection.json
[21.004s] -- Installing: /home/kango/musia_ws/install/musia_msgs/share/musia_msgs/msg/AudioCommand.json
[21.005s] -- Installing: /home/kango/musia_ws/install/musia_msgs/share/musia_msgs/srv/SetTourMode.json
[21.005s] -- Installing: /home/kango/musia_ws/install/musia_msgs/share/musia_msgs/srv/GetCurrentZone.json
[21.005s] -- Installing: /home/kango/musia_ws/install/musia_msgs/share/musia_msgs/srv/NavigateToPOI.json
[21.005s] -- Installing: /home/kango/musia_ws/install/musia_msgs/share/musia_msgs/srv/PlayAudio.json
[21.005s] -- Installing: /home/kango/musia_ws/install/musia_msgs/share/musia_msgs/srv/DetectPerson.json
[21.006s] -- Up-to-date: /home/kango/musia_ws/install/musia_msgs/include/musia_msgs/musia_msgs
[21.006s] -- Up-to-date: /home/kango/musia_ws/install/musia_msgs/include/musia_msgs/musia_msgs/msg
[21.006s] -- Up-to-date: /home/kango/musia_ws/install/musia_msgs/include/musia_msgs/musia_msgs/msg/detail
[21.006s] -- Installing: /home/kango/musia_ws/install/musia_msgs/include/musia_msgs/musia_msgs/msg/detail/tour_state__type_support.c
[21.006s] -- Installing: /home/kango/musia_ws/install/musia_msgs/include/musia_msgs/musia_msgs/msg/detail/audio_command__type_support.c
[21.006s] -- Installing: /home/kango/musia_ws/install/musia_msgs/include/musia_msgs/musia_msgs/msg/detail/audio_command__description.c
[21.006s] -- Installing: /home/kango/musia_ws/install/musia_msgs/include/musia_msgs/musia_msgs/msg/detail/person_detection__functions.h
[21.007s] -- Installing: /home/kango/musia_ws/install/musia_msgs/include/musia_msgs/musia_msgs/msg/detail/person_detection__description.c
[21.007s] -- Installing: /home/kango/musia_ws/install/musia_msgs/include/musia_msgs/musia_msgs/msg/detail/tour_state__functions.c
[21.007s] -- Installing: /home/kango/musia_ws/install/musia_msgs/include/musia_msgs/musia_msgs/msg/detail/audio_command__struct.h
[21.007s] -- Installing: /home/kango/musia_ws/install/musia_msgs/include/musia_msgs/musia_msgs/msg/detail/audio_command__functions.c
[21.007s] -- Installing: /home/kango/musia_ws/install/musia_msgs/include/musia_msgs/musia_msgs/msg/detail/tour_state__struct.h
[21.007s] -- Installing: /home/kango/musia_ws/install/musia_msgs/include/musia_msgs/musia_msgs/msg/detail/audio_command__functions.h
[21.008s] -- Installing: /home/kango/musia_ws/install/musia_msgs/include/musia_msgs/musia_msgs/msg/detail/person_detection__struct.h
[21.008s] -- Installing: /home/kango/musia_ws/install/musia_msgs/include/musia_msgs/musia_msgs/msg/detail/tour_state__functions.h
[21.008s] -- Installing: /home/kango/musia_ws/install/musia_msgs/include/musia_msgs/musia_msgs/msg/detail/tour_state__description.c
[21.008s] -- Installing: /home/kango/musia_ws/install/musia_msgs/include/musia_msgs/musia_msgs/msg/detail/audio_command__type_support.h
[21.008s] -- Installing: /home/kango/musia_ws/install/musia_msgs/include/musia_msgs/musia_msgs/msg/detail/person_detection__functions.c
[21.008s] -- Installing: /home/kango/musia_ws/install/musia_msgs/include/musia_msgs/musia_msgs/msg/detail/person_detection__type_support.h
[21.008s] -- Installing: /home/kango/musia_ws/install/musia_msgs/include/musia_msgs/musia_msgs/msg/detail/person_detection__type_support.c
[21.009s] -- Installing: /home/kango/musia_ws/install/musia_msgs/include/musia_msgs/musia_msgs/msg/detail/tour_state__type_support.h
[21.009s] -- Installing: /home/kango/musia_ws/install/musia_msgs/include/musia_msgs/musia_msgs/msg/audio_command.h
[21.009s] -- Up-to-date: /home/kango/musia_ws/install/musia_msgs/include/musia_msgs/musia_msgs/msg/rosidl_generator_c__visibility_control.h
[21.009s] -- Installing: /home/kango/musia_ws/install/musia_msgs/include/musia_msgs/musia_msgs/msg/person_detection.h
[21.009s] -- Installing: /home/kango/musia_ws/install/musia_msgs/include/musia_msgs/musia_msgs/msg/tour_state.h
[21.009s] -- Up-to-date: /home/kango/musia_ws/install/musia_msgs/include/musia_msgs/musia_msgs/srv
[21.009s] -- Installing: /home/kango/musia_ws/install/musia_msgs/include/musia_msgs/musia_msgs/srv/get_current_zone.h
[21.010s] -- Installing: /home/kango/musia_ws/install/musia_msgs/include/musia_msgs/musia_msgs/srv/set_tour_mode.h
[21.010s] -- Up-to-date: /home/kango/musia_ws/install/musia_msgs/include/musia_msgs/musia_msgs/srv/detail
[21.010s] -- Installing: /home/kango/musia_ws/install/musia_msgs/include/musia_msgs/musia_msgs/srv/detail/play_audio__type_support.h
[21.010s] -- Installing: /home/kango/musia_ws/install/musia_msgs/include/musia_msgs/musia_msgs/srv/detail/detect_person__functions.c
[21.010s] -- Installing: /home/kango/musia_ws/install/musia_msgs/include/musia_msgs/musia_msgs/srv/detail/set_tour_mode__functions.c
[21.010s] -- Installing: /home/kango/musia_ws/install/musia_msgs/include/musia_msgs/musia_msgs/srv/detail/detect_person__type_support.c
[21.010s] -- Installing: /home/kango/musia_ws/install/musia_msgs/include/musia_msgs/musia_msgs/srv/detail/get_current_zone__type_support.h
[21.011s] -- Installing: /home/kango/musia_ws/install/musia_msgs/include/musia_msgs/musia_msgs/srv/detail/play_audio__struct.h
[21.011s] -- Installing: /home/kango/musia_ws/install/musia_msgs/include/musia_msgs/musia_msgs/srv/detail/set_tour_mode__type_support.h
[21.011s] -- Installing: /home/kango/musia_ws/install/musia_msgs/include/musia_msgs/musia_msgs/srv/detail/detect_person__functions.h
[21.011s] -- Installing: /home/kango/musia_ws/install/musia_msgs/include/musia_msgs/musia_msgs/srv/detail/set_tour_mode__struct.h
[21.011s] -- Installing: /home/kango/musia_ws/install/musia_msgs/include/musia_msgs/musia_msgs/srv/detail/play_audio__functions.c
[21.011s] -- Installing: /home/kango/musia_ws/install/musia_msgs/include/musia_msgs/musia_msgs/srv/detail/get_current_zone__description.c
[21.012s] -- Installing: /home/kango/musia_ws/install/musia_msgs/include/musia_msgs/musia_msgs/srv/detail/set_tour_mode__description.c
[21.012s] -- Installing: /home/kango/musia_ws/install/musia_msgs/include/musia_msgs/musia_msgs/srv/detail/navigate_to_poi__type_support.h
[21.012s] -- Installing: /home/kango/musia_ws/install/musia_msgs/include/musia_msgs/musia_msgs/srv/detail/get_current_zone__functions.h
[21.012s] -- Installing: /home/kango/musia_ws/install/musia_msgs/include/musia_msgs/musia_msgs/srv/detail/set_tour_mode__type_support.c
[21.012s] -- Installing: /home/kango/musia_ws/install/musia_msgs/include/musia_msgs/musia_msgs/srv/detail/detect_person__type_support.h
[21.012s] -- Installing: /home/kango/musia_ws/install/musia_msgs/include/musia_msgs/musia_msgs/srv/detail/navigate_to_poi__type_support.c
[21.013s] -- Installing: /home/kango/musia_ws/install/musia_msgs/include/musia_msgs/musia_msgs/srv/detail/navigate_to_poi__description.c
[21.013s] -- Installing: /home/kango/musia_ws/install/musia_msgs/include/musia_msgs/musia_msgs/srv/detail/navigate_to_poi__struct.h
[21.013s] -- Installing: /home/kango/musia_ws/install/musia_msgs/include/musia_msgs/musia_msgs/srv/detail/get_current_zone__type_support.c
[21.013s] -- Installing: /home/kango/musia_ws/install/musia_msgs/include/musia_msgs/musia_msgs/srv/detail/get_current_zone__struct.h
[21.013s] -- Installing: /home/kango/musia_ws/install/musia_msgs/include/musia_msgs/musia_msgs/srv/detail/play_audio__type_support.c
[21.014s] -- Installing: /home/kango/musia_ws/install/musia_msgs/include/musia_msgs/musia_msgs/srv/detail/detect_person__struct.h
[21.014s] -- Installing: /home/kango/musia_ws/install/musia_msgs/include/musia_msgs/musia_msgs/srv/detail/get_current_zone__functions.c
[21.014s] -- Installing: /home/kango/musia_ws/install/musia_msgs/include/musia_msgs/musia_msgs/srv/detail/set_tour_mode__functions.h
[21.014s] -- Installing: /home/kango/musia_ws/install/musia_msgs/include/musia_msgs/musia_msgs/srv/detail/play_audio__description.c
[21.014s] -- Installing: /home/kango/musia_ws/install/musia_msgs/include/musia_msgs/musia_msgs/srv/detail/navigate_to_poi__functions.h
[21.014s] -- Installing: /home/kango/musia_ws/install/musia_msgs/include/musia_msgs/musia_msgs/srv/detail/detect_person__description.c
[21.015s] -- Installing: /home/kango/musia_ws/install/musia_msgs/include/musia_msgs/musia_msgs/srv/detail/navigate_to_poi__functions.c
[21.015s] -- Installing: /home/kango/musia_ws/install/musia_msgs/include/musia_msgs/musia_msgs/srv/detail/play_audio__functions.h
[21.015s] -- Installing: /home/kango/musia_ws/install/musia_msgs/include/musia_msgs/musia_msgs/srv/navigate_to_poi.h
[21.015s] -- Installing: /home/kango/musia_ws/install/musia_msgs/include/musia_msgs/musia_msgs/srv/detect_person.h
[21.015s] -- Installing: /home/kango/musia_ws/install/musia_msgs/include/musia_msgs/musia_msgs/srv/play_audio.h
[21.016s] -- Up-to-date: /home/kango/musia_ws/install/musia_msgs/share/musia_msgs/environment/library_path.sh
[21.016s] -- Up-to-date: /home/kango/musia_ws/install/musia_msgs/share/musia_msgs/environment/library_path.dsv
[21.016s] -- Installing: /home/kango/musia_ws/install/musia_msgs/lib/libmusia_msgs__rosidl_generator_c.so
[21.017s] -- Set non-toolchain portion of runtime path of "/home/kango/musia_ws/install/musia_msgs/lib/libmusia_msgs__rosidl_generator_c.so" to ""
[21.017s] -- Up-to-date: /home/kango/musia_ws/install/musia_msgs/include/musia_msgs/musia_msgs
[21.017s] -- Up-to-date: /home/kango/musia_ws/install/musia_msgs/include/musia_msgs/musia_msgs/msg
[21.017s] -- Up-to-date: /home/kango/musia_ws/install/musia_msgs/include/musia_msgs/musia_msgs/msg/detail
[21.017s] -- Installing: /home/kango/musia_ws/install/musia_msgs/include/musia_msgs/musia_msgs/msg/detail/tour_state__rosidl_typesupport_fastrtps_c.h
[21.017s] -- Installing: /home/kango/musia_ws/install/musia_msgs/include/musia_msgs/musia_msgs/msg/detail/person_detection__rosidl_typesupport_fastrtps_c.h
[21.017s] -- Installing: /home/kango/musia_ws/install/musia_msgs/include/musia_msgs/musia_msgs/msg/detail/audio_command__rosidl_typesupport_fastrtps_c.h
[21.018s] -- Up-to-date: /home/kango/musia_ws/install/musia_msgs/include/musia_msgs/musia_msgs/msg/rosidl_typesupport_fastrtps_c__visibility_control.h
[21.018s] -- Up-to-date: /home/kango/musia_ws/install/musia_msgs/include/musia_msgs/musia_msgs/srv
[21.018s] -- Up-to-date: /home/kango/musia_ws/install/musia_msgs/include/musia_msgs/musia_msgs/srv/detail
[21.018s] -- Installing: /home/kango/musia_ws/install/musia_msgs/include/musia_msgs/musia_msgs/srv/detail/play_audio__rosidl_typesupport_fastrtps_c.h
[21.018s] -- Installing: /home/kango/musia_ws/install/musia_msgs/include/musia_msgs/musia_msgs/srv/detail/detect_person__rosidl_typesupport_fastrtps_c.h
[21.018s] -- Installing: /home/kango/musia_ws/install/musia_msgs/include/musia_msgs/musia_msgs/srv/detail/get_current_zone__rosidl_typesupport_fastrtps_c.h
[21.018s] -- Installing: /home/kango/musia_ws/install/musia_msgs/include/musia_msgs/musia_msgs/srv/detail/set_tour_mode__rosidl_typesupport_fastrtps_c.h
[21.018s] -- Installing: /home/kango/musia_ws/install/musia_msgs/include/musia_msgs/musia_msgs/srv/detail/navigate_to_poi__rosidl_typesupport_fastrtps_c.h
[21.019s] -- Installing: /home/kango/musia_ws/install/musia_msgs/lib/libmusia_msgs__rosidl_typesupport_fastrtps_c.so
[21.020s] -- Set non-toolchain portion of runtime path of "/home/kango/musia_ws/install/musia_msgs/lib/libmusia_msgs__rosidl_typesupport_fastrtps_c.so" to ""
[21.020s] -- Up-to-date: /home/kango/musia_ws/install/musia_msgs/include/musia_msgs/musia_msgs
[21.020s] -- Up-to-date: /home/kango/musia_ws/install/musia_msgs/include/musia_msgs/musia_msgs/msg
[21.020s] -- Installing: /home/kango/musia_ws/install/musia_msgs/include/musia_msgs/musia_msgs/msg/rosidl_generator_cpp__visibility_control.hpp
[21.020s] -- Up-to-date: /home/kango/musia_ws/install/musia_msgs/include/musia_msgs/musia_msgs/msg/detail
[21.020s] -- Installing: /home/kango/musia_ws/install/musia_msgs/include/musia_msgs/musia_msgs/msg/detail/person_detection__struct.hpp
[21.020s] -- Installing: /home/kango/musia_ws/install/musia_msgs/include/musia_msgs/musia_msgs/msg/detail/person_detection__traits.hpp
[21.020s] -- Installing: /home/kango/musia_ws/install/musia_msgs/include/musia_msgs/musia_msgs/msg/detail/audio_command__struct.hpp
[21.020s] -- Installing: /home/kango/musia_ws/install/musia_msgs/include/musia_msgs/musia_msgs/msg/detail/audio_command__traits.hpp
[21.021s] -- Installing: /home/kango/musia_ws/install/musia_msgs/include/musia_msgs/musia_msgs/msg/detail/person_detection__builder.hpp
[21.021s] -- Installing: /home/kango/musia_ws/install/musia_msgs/include/musia_msgs/musia_msgs/msg/detail/audio_command__type_support.hpp
[21.021s] -- Installing: /home/kango/musia_ws/install/musia_msgs/include/musia_msgs/musia_msgs/msg/detail/tour_state__traits.hpp
[21.021s] -- Installing: /home/kango/musia_ws/install/musia_msgs/include/musia_msgs/musia_msgs/msg/detail/tour_state__type_support.hpp
[21.021s] -- Installing: /home/kango/musia_ws/install/musia_msgs/include/musia_msgs/musia_msgs/msg/detail/person_detection__type_support.hpp
[21.021s] -- Installing: /home/kango/musia_ws/install/musia_msgs/include/musia_msgs/musia_msgs/msg/detail/tour_state__struct.hpp
[21.022s] -- Installing: /home/kango/musia_ws/install/musia_msgs/include/musia_msgs/musia_msgs/msg/detail/tour_state__builder.hpp
[21.022s] -- Installing: /home/kango/musia_ws/install/musia_msgs/include/musia_msgs/musia_msgs/msg/detail/audio_command__builder.hpp
[21.022s] -- Installing: /home/kango/musia_ws/install/musia_msgs/include/musia_msgs/musia_msgs/msg/tour_state.hpp
[21.022s] -- Installing: /home/kango/musia_ws/install/musia_msgs/include/musia_msgs/musia_msgs/msg/person_detection.hpp
[21.022s] -- Installing: /home/kango/musia_ws/install/musia_msgs/include/musia_msgs/musia_msgs/msg/audio_command.hpp
[21.022s] -- Up-to-date: /home/kango/musia_ws/install/musia_msgs/include/musia_msgs/musia_msgs/srv
[21.022s] -- Installing: /home/kango/musia_ws/install/musia_msgs/include/musia_msgs/musia_msgs/srv/detect_person.hpp
[21.023s] -- Installing: /home/kango/musia_ws/install/musia_msgs/include/musia_msgs/musia_msgs/srv/play_audio.hpp
[21.023s] -- Installing: /home/kango/musia_ws/install/musia_msgs/include/musia_msgs/musia_msgs/srv/get_current_zone.hpp
[21.023s] -- Up-to-date: /home/kango/musia_ws/install/musia_msgs/include/musia_msgs/musia_msgs/srv/detail
[21.023s] -- Installing: /home/kango/musia_ws/install/musia_msgs/include/musia_msgs/musia_msgs/srv/detail/get_current_zone__type_support.hpp
[21.023s] -- Installing: /home/kango/musia_ws/install/musia_msgs/include/musia_msgs/musia_msgs/srv/detail/navigate_to_poi__builder.hpp
[21.023s] -- Installing: /home/kango/musia_ws/install/musia_msgs/include/musia_msgs/musia_msgs/srv/detail/set_tour_mode__type_support.hpp
[21.023s] -- Installing: /home/kango/musia_ws/install/musia_msgs/include/musia_msgs/musia_msgs/srv/detail/get_current_zone__traits.hpp
[21.024s] -- Installing: /home/kango/musia_ws/install/musia_msgs/include/musia_msgs/musia_msgs/srv/detail/detect_person__traits.hpp
[21.024s] -- Installing: /home/kango/musia_ws/install/musia_msgs/include/musia_msgs/musia_msgs/srv/detail/set_tour_mode__builder.hpp
[21.024s] -- Installing: /home/kango/musia_ws/install/musia_msgs/include/musia_msgs/musia_msgs/srv/detail/navigate_to_poi__type_support.hpp
[21.024s] -- Installing: /home/kango/musia_ws/install/musia_msgs/include/musia_msgs/musia_msgs/srv/detail/detect_person__type_support.hpp
[21.024s] -- Installing: /home/kango/musia_ws/install/musia_msgs/include/musia_msgs/musia_msgs/srv/detail/play_audio__type_support.hpp
[21.024s] -- Installing: /home/kango/musia_ws/install/musia_msgs/include/musia_msgs/musia_msgs/srv/detail/get_current_zone__builder.hpp
[21.025s] -- Installing: /home/kango/musia_ws/install/musia_msgs/include/musia_msgs/musia_msgs/srv/detail/navigate_to_poi__struct.hpp
[21.025s] -- Installing: /home/kango/musia_ws/install/musia_msgs/include/musia_msgs/musia_msgs/srv/detail/get_current_zone__struct.hpp
[21.025s] -- Installing: /home/kango/musia_ws/install/musia_msgs/include/musia_msgs/musia_msgs/srv/detail/set_tour_mode__struct.hpp
[21.025s] -- Installing: /home/kango/musia_ws/install/musia_msgs/include/musia_msgs/musia_msgs/srv/detail/set_tour_mode__traits.hpp
[21.025s] -- Installing: /home/kango/musia_ws/install/musia_msgs/include/musia_msgs/musia_msgs/srv/detail/play_audio__builder.hpp
[21.025s] -- Installing: /home/kango/musia_ws/install/musia_msgs/include/musia_msgs/musia_msgs/srv/detail/detect_person__struct.hpp
[21.026s] -- Installing: /home/kango/musia_ws/install/musia_msgs/include/musia_msgs/musia_msgs/srv/detail/detect_person__builder.hpp
[21.026s] -- Installing: /home/kango/musia_ws/install/musia_msgs/include/musia_msgs/musia_msgs/srv/detail/navigate_to_poi__traits.hpp
[21.026s] -- Installing: /home/kango/musia_ws/install/musia_msgs/include/musia_msgs/musia_msgs/srv/detail/play_audio__traits.hpp
[21.026s] -- Installing: /home/kango/musia_ws/install/musia_msgs/include/musia_msgs/musia_msgs/srv/detail/play_audio__struct.hpp
[21.026s] -- Installing: /home/kango/musia_ws/install/musia_msgs/include/musia_msgs/musia_msgs/srv/navigate_to_poi.hpp
[21.027s] -- Installing: /home/kango/musia_ws/install/musia_msgs/include/musia_msgs/musia_msgs/srv/set_tour_mode.hpp
[21.027s] -- Up-to-date: /home/kango/musia_ws/install/musia_msgs/include/musia_msgs/musia_msgs
[21.027s] -- Up-to-date: /home/kango/musia_ws/install/musia_msgs/include/musia_msgs/musia_msgs/msg
[21.027s] -- Up-to-date: /home/kango/musia_ws/install/musia_msgs/include/musia_msgs/musia_msgs/msg/rosidl_typesupport_fastrtps_cpp__visibility_control.h
[21.027s] -- Up-to-date: /home/kango/musia_ws/install/musia_msgs/include/musia_msgs/musia_msgs/msg/detail
[21.027s] -- Installing: /home/kango/musia_ws/install/musia_msgs/include/musia_msgs/musia_msgs/msg/detail/person_detection__rosidl_typesupport_fastrtps_cpp.hpp
[21.027s] -- Up-to-date: /home/kango/musia_ws/install/musia_msgs/include/musia_msgs/musia_msgs/msg/detail/dds_fastrtps
[21.027s] -- Installing: /home/kango/musia_ws/install/musia_msgs/include/musia_msgs/musia_msgs/msg/detail/audio_command__rosidl_typesupport_fastrtps_cpp.hpp
[21.027s] -- Installing: /home/kango/musia_ws/install/musia_msgs/include/musia_msgs/musia_msgs/msg/detail/tour_state__rosidl_typesupport_fastrtps_cpp.hpp
[21.028s] -- Up-to-date: /home/kango/musia_ws/install/musia_msgs/include/musia_msgs/musia_msgs/srv
[21.028s] -- Up-to-date: /home/kango/musia_ws/install/musia_msgs/include/musia_msgs/musia_msgs/srv/detail
[21.028s] -- Installing: /home/kango/musia_ws/install/musia_msgs/include/musia_msgs/musia_msgs/srv/detail/get_current_zone__rosidl_typesupport_fastrtps_cpp.hpp
[21.028s] -- Up-to-date: /home/kango/musia_ws/install/musia_msgs/include/musia_msgs/musia_msgs/srv/detail/dds_fastrtps
[21.028s] -- Installing: /home/kango/musia_ws/install/musia_msgs/include/musia_msgs/musia_msgs/srv/detail/play_audio__rosidl_typesupport_fastrtps_cpp.hpp
[21.028s] -- Installing: /home/kango/musia_ws/install/musia_msgs/include/musia_msgs/musia_msgs/srv/detail/navigate_to_poi__rosidl_typesupport_fastrtps_cpp.hpp
[21.028s] -- Installing: /home/kango/musia_ws/install/musia_msgs/include/musia_msgs/musia_msgs/srv/detail/detect_person__rosidl_typesupport_fastrtps_cpp.hpp
[21.028s] -- Installing: /home/kango/musia_ws/install/musia_msgs/include/musia_msgs/musia_msgs/srv/detail/set_tour_mode__rosidl_typesupport_fastrtps_cpp.hpp
[21.029s] -- Installing: /home/kango/musia_ws/install/musia_msgs/lib/libmusia_msgs__rosidl_typesupport_fastrtps_cpp.so
[21.030s] -- Set non-toolchain portion of runtime path of "/home/kango/musia_ws/install/musia_msgs/lib/libmusia_msgs__rosidl_typesupport_fastrtps_cpp.so" to ""
[21.030s] -- Up-to-date: /home/kango/musia_ws/install/musia_msgs/include/musia_msgs/musia_msgs
[21.030s] -- Up-to-date: /home/kango/musia_ws/install/musia_msgs/include/musia_msgs/musia_msgs/msg
[21.030s] -- Up-to-date: /home/kango/musia_ws/install/musia_msgs/include/musia_msgs/musia_msgs/msg/rosidl_typesupport_introspection_c__visibility_control.h
[21.030s] -- Up-to-date: /home/kango/musia_ws/install/musia_msgs/include/musia_msgs/musia_msgs/msg/detail
[21.031s] -- Installing: /home/kango/musia_ws/install/musia_msgs/include/musia_msgs/musia_msgs/msg/detail/tour_state__type_support.c
[21.031s] -- Installing: /home/kango/musia_ws/install/musia_msgs/include/musia_msgs/musia_msgs/msg/detail/audio_command__type_support.c
[21.031s] -- Installing: /home/kango/musia_ws/install/musia_msgs/include/musia_msgs/musia_msgs/msg/detail/tour_state__rosidl_typesupport_introspection_c.h
[21.031s] -- Installing: /home/kango/musia_ws/install/musia_msgs/include/musia_msgs/musia_msgs/msg/detail/audio_command__rosidl_typesupport_introspection_c.h
[21.031s] -- Installing: /home/kango/musia_ws/install/musia_msgs/include/musia_msgs/musia_msgs/msg/detail/person_detection__rosidl_typesupport_introspection_c.h
[21.031s] -- Installing: /home/kango/musia_ws/install/musia_msgs/include/musia_msgs/musia_msgs/msg/detail/person_detection__type_support.c
[21.031s] -- Up-to-date: /home/kango/musia_ws/install/musia_msgs/include/musia_msgs/musia_msgs/srv
[21.031s] -- Up-to-date: /home/kango/musia_ws/install/musia_msgs/include/musia_msgs/musia_msgs/srv/detail
[21.031s] -- Installing: /home/kango/musia_ws/install/musia_msgs/include/musia_msgs/musia_msgs/srv/detail/detect_person__type_support.c
[21.032s] -- Installing: /home/kango/musia_ws/install/musia_msgs/include/musia_msgs/musia_msgs/srv/detail/detect_person__rosidl_typesupport_introspection_c.h
[21.032s] -- Installing: /home/kango/musia_ws/install/musia_msgs/include/musia_msgs/musia_msgs/srv/detail/set_tour_mode__type_support.c
[21.032s] -- Installing: /home/kango/musia_ws/install/musia_msgs/include/musia_msgs/musia_msgs/srv/detail/navigate_to_poi__type_support.c
[21.032s] -- Installing: /home/kango/musia_ws/install/musia_msgs/include/musia_msgs/musia_msgs/srv/detail/play_audio__rosidl_typesupport_introspection_c.h
[21.032s] -- Installing: /home/kango/musia_ws/install/musia_msgs/include/musia_msgs/musia_msgs/srv/detail/navigate_to_poi__rosidl_typesupport_introspection_c.h
[21.032s] -- Installing: /home/kango/musia_ws/install/musia_msgs/include/musia_msgs/musia_msgs/srv/detail/set_tour_mode__rosidl_typesupport_introspection_c.h
[21.033s] -- Installing: /home/kango/musia_ws/install/musia_msgs/include/musia_msgs/musia_msgs/srv/detail/get_current_zone__type_support.c
[21.033s] -- Installing: /home/kango/musia_ws/install/musia_msgs/include/musia_msgs/musia_msgs/srv/detail/play_audio__type_support.c
[21.033s] -- Installing: /home/kango/musia_ws/install/musia_msgs/include/musia_msgs/musia_msgs/srv/detail/get_current_zone__rosidl_typesupport_introspection_c.h
[21.033s] -- Installing: /home/kango/musia_ws/install/musia_msgs/lib/libmusia_msgs__rosidl_typesupport_introspection_c.so
[21.034s] -- Set non-toolchain portion of runtime path of "/home/kango/musia_ws/install/musia_msgs/lib/libmusia_msgs__rosidl_typesupport_introspection_c.so" to ""
[21.034s] -- Installing: /home/kango/musia_ws/install/musia_msgs/lib/libmusia_msgs__rosidl_typesupport_c.so
[21.035s] -- Set non-toolchain portion of runtime path of "/home/kango/musia_ws/install/musia_msgs/lib/libmusia_msgs__rosidl_typesupport_c.so" to ""
[21.035s] -- Up-to-date: /home/kango/musia_ws/install/musia_msgs/include/musia_msgs/musia_msgs
[21.035s] -- Up-to-date: /home/kango/musia_ws/install/musia_msgs/include/musia_msgs/musia_msgs/msg
[21.035s] -- Up-to-date: /home/kango/musia_ws/install/musia_msgs/include/musia_msgs/musia_msgs/msg/detail
[21.035s] -- Installing: /home/kango/musia_ws/install/musia_msgs/include/musia_msgs/musia_msgs/msg/detail/person_detection__rosidl_typesupport_introspection_cpp.hpp
[21.035s] -- Installing: /home/kango/musia_ws/install/musia_msgs/include/musia_msgs/musia_msgs/msg/detail/audio_command__rosidl_typesupport_introspection_cpp.hpp
[21.035s] -- Installing: /home/kango/musia_ws/install/musia_msgs/include/musia_msgs/musia_msgs/msg/detail/person_detection__type_support.cpp
[21.036s] -- Installing: /home/kango/musia_ws/install/musia_msgs/include/musia_msgs/musia_msgs/msg/detail/tour_state__rosidl_typesupport_introspection_cpp.hpp
[21.036s] -- Installing: /home/kango/musia_ws/install/musia_msgs/include/musia_msgs/musia_msgs/msg/detail/tour_state__type_support.cpp
[21.036s] -- Installing: /home/kango/musia_ws/install/musia_msgs/include/musia_msgs/musia_msgs/msg/detail/audio_command__type_support.cpp
[21.036s] -- Up-to-date: /home/kango/musia_ws/install/musia_msgs/include/musia_msgs/musia_msgs/srv
[21.036s] -- Up-to-date: /home/kango/musia_ws/install/musia_msgs/include/musia_msgs/musia_msgs/srv/detail
[21.036s] -- Installing: /home/kango/musia_ws/install/musia_msgs/include/musia_msgs/musia_msgs/srv/detail/navigate_to_poi__rosidl_typesupport_introspection_cpp.hpp
[21.036s] -- Installing: /home/kango/musia_ws/install/musia_msgs/include/musia_msgs/musia_msgs/srv/detail/play_audio__type_support.cpp
[21.036s] -- Installing: /home/kango/musia_ws/install/musia_msgs/include/musia_msgs/musia_msgs/srv/detail/navigate_to_poi__type_support.cpp
[21.037s] -- Installing: /home/kango/musia_ws/install/musia_msgs/include/musia_msgs/musia_msgs/srv/detail/play_audio__rosidl_typesupport_introspection_cpp.hpp
[21.037s] -- Installing: /home/kango/musia_ws/install/musia_msgs/include/musia_msgs/musia_msgs/srv/detail/set_tour_mode__rosidl_typesupport_introspection_cpp.hpp
[21.037s] -- Installing: /home/kango/musia_ws/install/musia_msgs/include/musia_msgs/musia_msgs/srv/detail/detect_person__type_support.cpp
[21.037s] -- Installing: /home/kango/musia_ws/install/musia_msgs/include/musia_msgs/musia_msgs/srv/detail/get_current_zone__type_support.cpp
[21.037s] -- Installing: /home/kango/musia_ws/install/musia_msgs/include/musia_msgs/musia_msgs/srv/detail/detect_person__rosidl_typesupport_introspection_cpp.hpp
[21.038s] -- Installing: /home/kango/musia_ws/install/musia_msgs/include/musia_msgs/musia_msgs/srv/detail/set_tour_mode__type_support.cpp
[21.038s] -- Installing: /home/kango/musia_ws/install/musia_msgs/include/musia_msgs/musia_msgs/srv/detail/get_current_zone__rosidl_typesupport_introspection_cpp.hpp
[21.038s] -- Installing: /home/kango/musia_ws/install/musia_msgs/lib/libmusia_msgs__rosidl_typesupport_introspection_cpp.so
[21.039s] -- Set non-toolchain portion of runtime path of "/home/kango/musia_ws/install/musia_msgs/lib/libmusia_msgs__rosidl_typesupport_introspection_cpp.so" to ""
[21.040s] -- Installing: /home/kango/musia_ws/install/musia_msgs/lib/libmusia_msgs__rosidl_typesupport_cpp.so
[21.041s] -- Set non-toolchain portion of runtime path of "/home/kango/musia_ws/install/musia_msgs/lib/libmusia_msgs__rosidl_typesupport_cpp.so" to ""
[21.041s] -- Up-to-date: /home/kango/musia_ws/install/musia_msgs/share/musia_msgs/environment/pythonpath.sh
[21.041s] -- Up-to-date: /home/kango/musia_ws/install/musia_msgs/share/musia_msgs/environment/pythonpath.dsv
[21.041s] -- Up-to-date: /home/kango/musia_ws/install/musia_msgs/lib/python3.12/site-packages/musia_msgs-0.1.0-py3.12.egg-info
[21.041s] -- Installing: /home/kango/musia_ws/install/musia_msgs/lib/python3.12/site-packages/musia_msgs-0.1.0-py3.12.egg-info/dependency_links.txt
[21.041s] -- Installing: /home/kango/musia_ws/install/musia_msgs/lib/python3.12/site-packages/musia_msgs-0.1.0-py3.12.egg-info/SOURCES.txt
[21.041s] -- Installing: /home/kango/musia_ws/install/musia_msgs/lib/python3.12/site-packages/musia_msgs-0.1.0-py3.12.egg-info/top_level.txt
[21.042s] -- Installing: /home/kango/musia_ws/install/musia_msgs/lib/python3.12/site-packages/musia_msgs-0.1.0-py3.12.egg-info/PKG-INFO
[21.042s] -- Up-to-date: /home/kango/musia_ws/install/musia_msgs/lib/python3.12/site-packages/musia_msgs
[21.042s] -- Installing: /home/kango/musia_ws/install/musia_msgs/lib/python3.12/site-packages/musia_msgs/_musia_msgs_s.ep.rosidl_typesupport_fastrtps_c.c
[21.042s] -- Installing: /home/kango/musia_ws/install/musia_msgs/lib/python3.12/site-packages/musia_msgs/musia_msgs_s__rosidl_typesupport_fastrtps_c.so
[21.042s] -- Installing: /home/kango/musia_ws/install/musia_msgs/lib/python3.12/site-packages/musia_msgs/_musia_msgs_s.ep.rosidl_typesupport_introspection_c.c
[21.043s] -- Up-to-date: /home/kango/musia_ws/install/musia_msgs/lib/python3.12/site-packages/musia_msgs/msg
[21.043s] -- Installing: /home/kango/musia_ws/install/musia_msgs/lib/python3.12/site-packages/musia_msgs/msg/_audio_command_s.c
[21.043s] -- Installing: /home/kango/musia_ws/install/musia_msgs/lib/python3.12/site-packages/musia_msgs/msg/_tour_state_s.c
[21.043s] -- Installing: /home/kango/musia_ws/install/musia_msgs/lib/python3.12/site-packages/musia_msgs/msg/_person_detection_s.c
[21.043s] -- Installing: /home/kango/musia_ws/install/musia_msgs/lib/python3.12/site-packages/musia_msgs/msg/__init__.py
[21.043s] -- Installing: /home/kango/musia_ws/install/musia_msgs/lib/python3.12/site-packages/musia_msgs/msg/_audio_command.py
[21.044s] -- Installing: /home/kango/musia_ws/install/musia_msgs/lib/python3.12/site-packages/musia_msgs/msg/_person_detection.py
[21.044s] -- Installing: /home/kango/musia_ws/install/musia_msgs/lib/python3.12/site-packages/musia_msgs/msg/_tour_state.py
[21.044s] -- Up-to-date: /home/kango/musia_ws/install/musia_msgs/lib/python3.12/site-packages/musia_msgs/srv
[21.044s] -- Installing: /home/kango/musia_ws/install/musia_msgs/lib/python3.12/site-packages/musia_msgs/srv/_play_audio_s.c
[21.044s] -- Installing: /home/kango/musia_ws/install/musia_msgs/lib/python3.12/site-packages/musia_msgs/srv/_set_tour_mode_s.c
[21.044s] -- Installing: /home/kango/musia_ws/install/musia_msgs/lib/python3.12/site-packages/musia_msgs/srv/_detect_person_s.c
[21.045s] -- Installing: /home/kango/musia_ws/install/musia_msgs/lib/python3.12/site-packages/musia_msgs/srv/_get_current_zone.py
[21.045s] -- Installing: /home/kango/musia_ws/install/musia_msgs/lib/python3.12/site-packages/musia_msgs/srv/_navigate_to_poi_s.c
[21.045s] -- Installing: /home/kango/musia_ws/install/musia_msgs/lib/python3.12/site-packages/musia_msgs/srv/_get_current_zone_s.c
[21.045s] -- Installing: /home/kango/musia_ws/install/musia_msgs/lib/python3.12/site-packages/musia_msgs/srv/__init__.py
[21.045s] -- Installing: /home/kango/musia_ws/install/musia_msgs/lib/python3.12/site-packages/musia_msgs/srv/_detect_person.py
[21.045s] -- Installing: /home/kango/musia_ws/install/musia_msgs/lib/python3.12/site-packages/musia_msgs/srv/_play_audio.py
[21.046s] -- Installing: /home/kango/musia_ws/install/musia_msgs/lib/python3.12/site-packages/musia_msgs/srv/_set_tour_mode.py
[21.046s] -- Installing: /home/kango/musia_ws/install/musia_msgs/lib/python3.12/site-packages/musia_msgs/srv/_navigate_to_poi.py
[21.046s] -- Installing: /home/kango/musia_ws/install/musia_msgs/lib/python3.12/site-packages/musia_msgs/__init__.py
[21.046s] -- Installing: /home/kango/musia_ws/install/musia_msgs/lib/python3.12/site-packages/musia_msgs/musia_msgs_s__rosidl_typesupport_c.so
[21.046s] -- Installing: /home/kango/musia_ws/install/musia_msgs/lib/python3.12/site-packages/musia_msgs/_musia_msgs_s.ep.rosidl_typesupport_c.c
[21.047s] -- Installing: /home/kango/musia_ws/install/musia_msgs/lib/python3.12/site-packages/musia_msgs/musia_msgs_s__rosidl_typesupport_introspection_c.so
[21.132s] Listing '/home/kango/musia_ws/install/musia_msgs/lib/python3.12/site-packages/musia_msgs'...
[21.132s] Compiling '/home/kango/musia_ws/install/musia_msgs/lib/python3.12/site-packages/musia_msgs/__init__.py'...
[21.132s] Listing '/home/kango/musia_ws/install/musia_msgs/lib/python3.12/site-packages/musia_msgs/msg'...
[21.132s] Compiling '/home/kango/musia_ws/install/musia_msgs/lib/python3.12/site-packages/musia_msgs/msg/__init__.py'...
[21.132s] Compiling '/home/kango/musia_ws/install/musia_msgs/lib/python3.12/site-packages/musia_msgs/msg/_audio_command.py'...
[21.132s] Compiling '/home/kango/musia_ws/install/musia_msgs/lib/python3.12/site-packages/musia_msgs/msg/_person_detection.py'...
[21.132s] Compiling '/home/kango/musia_ws/install/musia_msgs/lib/python3.12/site-packages/musia_msgs/msg/_tour_state.py'...
[21.132s] Listing '/home/kango/musia_ws/install/musia_msgs/lib/python3.12/site-packages/musia_msgs/srv'...
[21.133s] Compiling '/home/kango/musia_ws/install/musia_msgs/lib/python3.12/site-packages/musia_msgs/srv/__init__.py'...
[21.133s] Compiling '/home/kango/musia_ws/install/musia_msgs/lib/python3.12/site-packages/musia_msgs/srv/_detect_person.py'...
[21.133s] Compiling '/home/kango/musia_ws/install/musia_msgs/lib/python3.12/site-packages/musia_msgs/srv/_get_current_zone.py'...
[21.133s] Compiling '/home/kango/musia_ws/install/musia_msgs/lib/python3.12/site-packages/musia_msgs/srv/_navigate_to_poi.py'...
[21.133s] Compiling '/home/kango/musia_ws/install/musia_msgs/lib/python3.12/site-packages/musia_msgs/srv/_play_audio.py'...
[21.133s] Compiling '/home/kango/musia_ws/install/musia_msgs/lib/python3.12/site-packages/musia_msgs/srv/_set_tour_mode.py'...
[21.145s] -- Installing: /home/kango/musia_ws/install/musia_msgs/lib/python3.12/site-packages/musia_msgs/musia_msgs_s__rosidl_typesupport_fastrtps_c.so
[21.145s] -- Set non-toolchain portion of runtime path of "/home/kango/musia_ws/install/musia_msgs/lib/python3.12/site-packages/musia_msgs/musia_msgs_s__rosidl_typesupport_fastrtps_c.so" to ""
[21.146s] -- Installing: /home/kango/musia_ws/install/musia_msgs/lib/python3.12/site-packages/musia_msgs/musia_msgs_s__rosidl_typesupport_introspection_c.so
[21.146s] -- Set non-toolchain portion of runtime path of "/home/kango/musia_ws/install/musia_msgs/lib/python3.12/site-packages/musia_msgs/musia_msgs_s__rosidl_typesupport_introspection_c.so" to ""
[21.147s] -- Installing: /home/kango/musia_ws/install/musia_msgs/lib/python3.12/site-packages/musia_msgs/musia_msgs_s__rosidl_typesupport_c.so
[21.147s] -- Set non-toolchain portion of runtime path of "/home/kango/musia_ws/install/musia_msgs/lib/python3.12/site-packages/musia_msgs/musia_msgs_s__rosidl_typesupport_c.so" to ""
[21.148s] -- Installing: /home/kango/musia_ws/install/musia_msgs/lib/libmusia_msgs__rosidl_generator_py.so
[21.148s] -- Set non-toolchain portion of runtime path of "/home/kango/musia_ws/install/musia_msgs/lib/libmusia_msgs__rosidl_generator_py.so" to ""
[21.149s] -- Up-to-date: /home/kango/musia_ws/install/musia_msgs/share/ament_index/resource_index/rust_packages/musia_msgs
[21.149s] -- Up-to-date: /home/kango/musia_ws/install/musia_msgs/share/musia_msgs/rust
[21.149s] -- Up-to-date: /home/kango/musia_ws/install/musia_msgs/share/musia_msgs/rust/src
[21.149s] -- Up-to-date: /home/kango/musia_ws/install/musia_msgs/share/musia_msgs/rust/src/msg
[21.150s] -- Installing: /home/kango/musia_ws/install/musia_msgs/share/musia_msgs/rust/src/msg/rmw.rs
[21.150s] -- Up-to-date: /home/kango/musia_ws/install/musia_msgs/share/musia_msgs/rust/src/srv
[21.150s] -- Installing: /home/kango/musia_ws/install/musia_msgs/share/musia_msgs/rust/src/srv/rmw.rs
[21.150s] -- Installing: /home/kango/musia_ws/install/musia_msgs/share/musia_msgs/rust/src/msg.rs
[21.150s] -- Installing: /home/kango/musia_ws/install/musia_msgs/share/musia_msgs/rust/src/lib.rs
[21.150s] -- Installing: /home/kango/musia_ws/install/musia_msgs/share/musia_msgs/rust/src/srv.rs
[21.150s] -- Installing: /home/kango/musia_ws/install/musia_msgs/share/musia_msgs/rust/build.rs
[21.150s] -- Installing: /home/kango/musia_ws/install/musia_msgs/share/musia_msgs/rust/Cargo.toml
[21.150s] -- Installing: /home/kango/musia_ws/install/musia_msgs/share/musia_msgs/msg/TourState.idl
[21.151s] -- Up-to-date: /home/kango/musia_ws/install/musia_msgs/share/musia_msgs/msg/PersonDetection.idl
[21.151s] -- Up-to-date: /home/kango/musia_ws/install/musia_msgs/share/musia_msgs/msg/AudioCommand.idl
[21.151s] -- Up-to-date: /home/kango/musia_ws/install/musia_msgs/share/musia_msgs/srv/SetTourMode.idl
[21.151s] -- Up-to-date: /home/kango/musia_ws/install/musia_msgs/share/musia_msgs/srv/GetCurrentZone.idl
[21.151s] -- Up-to-date: /home/kango/musia_ws/install/musia_msgs/share/musia_msgs/srv/NavigateToPOI.idl
[21.151s] -- Up-to-date: /home/kango/musia_ws/install/musia_msgs/share/musia_msgs/srv/PlayAudio.idl
[21.151s] -- Up-to-date: /home/kango/musia_ws/install/musia_msgs/share/musia_msgs/srv/DetectPerson.idl
[21.151s] -- Installing: /home/kango/musia_ws/install/musia_msgs/share/musia_msgs/msg/TourState.msg
[21.151s] -- Up-to-date: /home/kango/musia_ws/install/musia_msgs/share/musia_msgs/msg/PersonDetection.msg
[21.151s] -- Up-to-date: /home/kango/musia_ws/install/musia_msgs/share/musia_msgs/msg/AudioCommand.msg
[21.152s] -- Up-to-date: /home/kango/musia_ws/install/musia_msgs/share/musia_msgs/srv/SetTourMode.srv
[21.152s] -- Up-to-date: /home/kango/musia_ws/install/musia_msgs/share/musia_msgs/srv/GetCurrentZone.srv
[21.152s] -- Up-to-date: /home/kango/musia_ws/install/musia_msgs/share/musia_msgs/srv/NavigateToPOI.srv
[21.152s] -- Up-to-date: /home/kango/musia_ws/install/musia_msgs/share/musia_msgs/srv/PlayAudio.srv
[21.152s] -- Up-to-date: /home/kango/musia_ws/install/musia_msgs/share/musia_msgs/srv/DetectPerson.srv
[21.152s] -- Up-to-date: /home/kango/musia_ws/install/musia_msgs/share/ament_index/resource_index/package_run_dependencies/musia_msgs
[21.152s] -- Installing: /home/kango/musia_ws/install/musia_msgs/share/ament_index/resource_index/parent_prefix_path/musia_msgs
[21.152s] -- Up-to-date: /home/kango/musia_ws/install/musia_msgs/share/musia_msgs/environment/ament_prefix_path.sh
[21.152s] -- Up-to-date: /home/kango/musia_ws/install/musia_msgs/share/musia_msgs/environment/ament_prefix_path.dsv
[21.152s] -- Up-to-date: /home/kango/musia_ws/install/musia_msgs/share/musia_msgs/environment/path.sh
[21.152s] -- Up-to-date: /home/kango/musia_ws/install/musia_msgs/share/musia_msgs/environment/path.dsv
[21.153s] -- Up-to-date: /home/kango/musia_ws/install/musia_msgs/share/musia_msgs/local_setup.bash
[21.153s] -- Up-to-date: /home/kango/musia_ws/install/musia_msgs/share/musia_msgs/local_setup.sh
[21.153s] -- Up-to-date: /home/kango/musia_ws/install/musia_msgs/share/musia_msgs/local_setup.zsh
[21.153s] -- Up-to-date: /home/kango/musia_ws/install/musia_msgs/share/musia_msgs/local_setup.dsv
[21.153s] -- Installing: /home/kango/musia_ws/install/musia_msgs/share/musia_msgs/package.dsv
[21.153s] -- Up-to-date: /home/kango/musia_ws/install/musia_msgs/share/ament_index/resource_index/packages/musia_msgs
[21.153s] -- Up-to-date: /home/kango/musia_ws/install/musia_msgs/share/musia_msgs/cmake/export_musia_msgs__rosidl_generator_cExport.cmake
[21.153s] -- Up-to-date: /home/kango/musia_ws/install/musia_msgs/share/musia_msgs/cmake/export_musia_msgs__rosidl_generator_cExport-noconfig.cmake
[21.153s] -- Up-to-date: /home/kango/musia_ws/install/musia_msgs/share/musia_msgs/cmake/export_musia_msgs__rosidl_typesupport_fastrtps_cExport.cmake
[21.153s] -- Up-to-date: /home/kango/musia_ws/install/musia_msgs/share/musia_msgs/cmake/export_musia_msgs__rosidl_typesupport_fastrtps_cExport-noconfig.cmake
[21.154s] -- Up-to-date: /home/kango/musia_ws/install/musia_msgs/share/musia_msgs/cmake/export_musia_msgs__rosidl_generator_cppExport.cmake
[21.154s] -- Up-to-date: /home/kango/musia_ws/install/musia_msgs/share/musia_msgs/cmake/export_musia_msgs__rosidl_typesupport_fastrtps_cppExport.cmake
[21.154s] -- Up-to-date: /home/kango/musia_ws/install/musia_msgs/share/musia_msgs/cmake/export_musia_msgs__rosidl_typesupport_fastrtps_cppExport-noconfig.cmake
[21.154s] -- Up-to-date: /home/kango/musia_ws/install/musia_msgs/share/musia_msgs/cmake/musia_msgs__rosidl_typesupport_introspection_cExport.cmake
[21.154s] -- Up-to-date: /home/kango/musia_ws/install/musia_msgs/share/musia_msgs/cmake/musia_msgs__rosidl_typesupport_introspection_cExport-noconfig.cmake
[21.154s] -- Up-to-date: /home/kango/musia_ws/install/musia_msgs/share/musia_msgs/cmake/musia_msgs__rosidl_typesupport_cExport.cmake
[21.154s] -- Up-to-date: /home/kango/musia_ws/install/musia_msgs/share/musia_msgs/cmake/musia_msgs__rosidl_typesupport_cExport-noconfig.cmake
[21.154s] -- Up-to-date: /home/kango/musia_ws/install/musia_msgs/share/musia_msgs/cmake/musia_msgs__rosidl_typesupport_introspection_cppExport.cmake
[21.154s] -- Up-to-date: /home/kango/musia_ws/install/musia_msgs/share/musia_msgs/cmake/musia_msgs__rosidl_typesupport_introspection_cppExport-noconfig.cmake
[21.154s] -- Up-to-date: /home/kango/musia_ws/install/musia_msgs/share/musia_msgs/cmake/musia_msgs__rosidl_typesupport_cppExport.cmake
[21.155s] -- Up-to-date: /home/kango/musia_ws/install/musia_msgs/share/musia_msgs/cmake/musia_msgs__rosidl_typesupport_cppExport-noconfig.cmake
[21.155s] -- Up-to-date: /home/kango/musia_ws/install/musia_msgs/share/musia_msgs/cmake/export_musia_msgs__rosidl_generator_pyExport.cmake
[21.155s] -- Up-to-date: /home/kango/musia_ws/install/musia_msgs/share/musia_msgs/cmake/export_musia_msgs__rosidl_generator_pyExport-noconfig.cmake
[21.155s] -- Up-to-date: /home/kango/musia_ws/install/musia_msgs/share/musia_msgs/cmake/rosidl_cmake-extras.cmake
[21.155s] -- Up-to-date: /home/kango/musia_ws/install/musia_msgs/share/musia_msgs/cmake/ament_cmake_export_dependencies-extras.cmake
[21.155s] -- Up-to-date: /home/kango/musia_ws/install/musia_msgs/share/musia_msgs/cmake/ament_cmake_export_include_directories-extras.cmake
[21.155s] -- Up-to-date: /home/kango/musia_ws/install/musia_msgs/share/musia_msgs/cmake/ament_cmake_export_libraries-extras.cmake
[21.155s] -- Up-to-date: /home/kango/musia_ws/install/musia_msgs/share/musia_msgs/cmake/ament_cmake_export_targets-extras.cmake
[21.155s] -- Up-to-date: /home/kango/musia_ws/install/musia_msgs/share/musia_msgs/cmake/rosidl_cmake_export_typesupport_targets-extras.cmake
[21.155s] -- Up-to-date: /home/kango/musia_ws/install/musia_msgs/share/musia_msgs/cmake/rosidl_cmake_export_typesupport_libraries-extras.cmake
[21.155s] -- Up-to-date: /home/kango/musia_ws/install/musia_msgs/share/musia_msgs/cmake/musia_msgsConfig.cmake
[21.155s] -- Up-to-date: /home/kango/musia_ws/install/musia_msgs/share/musia_msgs/cmake/musia_msgsConfig-version.cmake
[21.156s] -- Up-to-date: /home/kango/musia_ws/install/musia_msgs/share/musia_msgs/package.xml
[21.159s] Invoked command in '/home/kango/musia_ws/build/musia_msgs' returned '0': CMAKE_PREFIX_PATH=${CMAKE_PREFIX_PATH}:/home/kango/musia_ws/install/musia_arduino_bridge:/home/kango/musia_ws/install/musia_tour_manager:/home/kango/musia_ws/install/musia_bringup:/opt/ros/jazzy /usr/bin/cmake --install /home/kango/musia_ws/build/musia_msgs
