[0.138s] DEBUG:colcon:Command line arguments: ['/usr/bin/colcon', 'build', '--packages-select', 'musia_bringup']
[0.138s] DEBUG:colcon:Parsed command line arguments: Namespace(log_base=None, log_level=None, verb_name='build', build_base='build', install_base='install', merge_install=False, symlink_install=False, test_result_base=None, continue_on_error=False, executor='parallel', parallel_workers=4, event_handlers=None, ignore_user_meta=False, metas=['./colcon.meta'], base_paths=['.'], packages_ignore=None, packages_ignore_regex=None, paths=None, packages_up_to=None, packages_up_to_regex=None, packages_above=None, packages_above_and_dependencies=None, packages_above_depth=None, packages_select_by_dep=None, packages_skip_by_dep=None, packages_skip_up_to=None, packages_select_build_failed=False, packages_skip_build_finished=False, packages_select_test_failures=False, packages_skip_test_passed=False, packages_select=['musia_bringup'], packages_skip=None, packages_select_regex=None, packages_skip_regex=None, packages_start=None, packages_end=None, allow_overriding=[], cmake_args=None, cmake_target=None, cmake_target_skip_unavailable=False, cmake_clean_cache=False, cmake_clean_first=False, cmake_force_configure=False, ament_cmake_args=None, catkin_cmake_args=None, catkin_skip_building_tests=False, verb_parser=<colcon_defaults.argument_parser.defaults.DefaultArgumentsDecorator object at 0xffff8f6881a0>, verb_extension=<colcon_core.verb.build.BuildVerb object at 0xffff900de0f0>, main=<bound method BuildVerb.main of <colcon_core.verb.build.BuildVerb object at 0xffff900de0f0>>)
[0.193s] Level 1:colcon.colcon_core.package_discovery:discover_packages(colcon_meta) check parameters
[0.193s] Level 1:colcon.colcon_core.package_discovery:discover_packages(recursive) check parameters
[0.193s] Level 1:colcon.colcon_core.package_discovery:discover_packages(ignore) check parameters
[0.193s] Level 1:colcon.colcon_core.package_discovery:discover_packages(path) check parameters
[0.193s] Level 1:colcon.colcon_core.package_discovery:discover_packages(colcon_meta) discover
[0.194s] Level 1:colcon.colcon_core.package_discovery:discover_packages(recursive) discover
[0.194s] INFO:colcon.colcon_core.package_discovery:Crawling recursively for packages in '/home/kango/musia_ws'
[0.194s] Level 1:colcon.colcon_core.package_identification:_identify(.) by extensions ['ignore', 'ignore_ament_install']
[0.194s] Level 1:colcon.colcon_core.package_identification:_identify(.) by extension 'ignore'
[0.194s] Level 1:colcon.colcon_core.package_identification:_identify(.) by extension 'ignore_ament_install'
[0.194s] Level 1:colcon.colcon_core.package_identification:_identify(.) by extensions ['colcon_pkg']
[0.194s] Level 1:colcon.colcon_core.package_identification:_identify(.) by extension 'colcon_pkg'
[0.194s] Level 1:colcon.colcon_core.package_identification:_identify(.) by extensions ['colcon_meta']
[0.194s] Level 1:colcon.colcon_core.package_identification:_identify(.) by extension 'colcon_meta'
[0.194s] Level 1:colcon.colcon_core.package_identification:_identify(.) by extensions ['ros']
[0.194s] Level 1:colcon.colcon_core.package_identification:_identify(.) by extension 'ros'
[0.229s] Level 1:colcon.colcon_core.package_identification:_identify(.) by extensions ['cmake', 'python']
[0.230s] Level 1:colcon.colcon_core.package_identification:_identify(.) by extension 'cmake'
[0.230s] Level 1:colcon.colcon_core.package_identification:_identify(.) by extension 'python'
[0.230s] Level 1:colcon.colcon_core.package_identification:_identify(.) by extensions ['python_setup_py']
[0.230s] Level 1:colcon.colcon_core.package_identification:_identify(.) by extension 'python_setup_py'
[0.230s] Level 1:colcon.colcon_core.package_identification:_identify(build) by extensions ['ignore', 'ignore_ament_install']
[0.230s] Level 1:colcon.colcon_core.package_identification:_identify(build) by extension 'ignore'
[0.230s] Level 1:colcon.colcon_core.package_identification:_identify(build) ignored
[0.230s] Level 1:colcon.colcon_core.package_identification:_identify(install) by extensions ['ignore', 'ignore_ament_install']
[0.230s] Level 1:colcon.colcon_core.package_identification:_identify(install) by extension 'ignore'
[0.230s] Level 1:colcon.colcon_core.package_identification:_identify(install) ignored
[0.230s] Level 1:colcon.colcon_core.package_identification:_identify(log) by extensions ['ignore', 'ignore_ament_install']
[0.231s] Level 1:colcon.colcon_core.package_identification:_identify(log) by extension 'ignore'
[0.231s] Level 1:colcon.colcon_core.package_identification:_identify(log) ignored
[0.231s] Level 1:colcon.colcon_core.package_identification:_identify(src) by extensions ['ignore', 'ignore_ament_install']
[0.231s] Level 1:colcon.colcon_core.package_identification:_identify(src) by extension 'ignore'
[0.231s] Level 1:colcon.colcon_core.package_identification:_identify(src) by extension 'ignore_ament_install'
[0.231s] Level 1:colcon.colcon_core.package_identification:_identify(src) by extensions ['colcon_pkg']
[0.231s] Level 1:colcon.colcon_core.package_identification:_identify(src) by extension 'colcon_pkg'
[0.231s] Level 1:colcon.colcon_core.package_identification:_identify(src) by extensions ['colcon_meta']
[0.231s] Level 1:colcon.colcon_core.package_identification:_identify(src) by extension 'colcon_meta'
[0.231s] Level 1:colcon.colcon_core.package_identification:_identify(src) by extensions ['ros']
[0.231s] Level 1:colcon.colcon_core.package_identification:_identify(src) by extension 'ros'
[0.231s] Level 1:colcon.colcon_core.package_identification:_identify(src) by extensions ['cmake', 'python']
[0.231s] Level 1:colcon.colcon_core.package_identification:_identify(src) by extension 'cmake'
[0.231s] Level 1:colcon.colcon_core.package_identification:_identify(src) by extension 'python'
[0.231s] Level 1:colcon.colcon_core.package_identification:_identify(src) by extensions ['python_setup_py']
[0.231s] Level 1:colcon.colcon_core.package_identification:_identify(src) by extension 'python_setup_py'
[0.231s] Level 1:colcon.colcon_core.package_identification:_identify(src/musia_arduino_bridge) by extensions ['ignore', 'ignore_ament_install']
[0.231s] Level 1:colcon.colcon_core.package_identification:_identify(src/musia_arduino_bridge) by extension 'ignore'
[0.232s] Level 1:colcon.colcon_core.package_identification:_identify(src/musia_arduino_bridge) by extension 'ignore_ament_install'
[0.232s] Level 1:colcon.colcon_core.package_identification:_identify(src/musia_arduino_bridge) by extensions ['colcon_pkg']
[0.232s] Level 1:colcon.colcon_core.package_identification:_identify(src/musia_arduino_bridge) by extension 'colcon_pkg'
[0.232s] Level 1:colcon.colcon_core.package_identification:_identify(src/musia_arduino_bridge) by extensions ['colcon_meta']
[0.232s] Level 1:colcon.colcon_core.package_identification:_identify(src/musia_arduino_bridge) by extension 'colcon_meta'
[0.232s] Level 1:colcon.colcon_core.package_identification:_identify(src/musia_arduino_bridge) by extensions ['ros']
[0.232s] Level 1:colcon.colcon_core.package_identification:_identify(src/musia_arduino_bridge) by extension 'ros'
[0.237s] DEBUG:colcon.colcon_core.package_identification:Package 'src/musia_arduino_bridge' with type 'ros.ament_python' and name 'musia_arduino_bridge'
[0.237s] Level 1:colcon.colcon_core.package_identification:_identify(src/musia_bringup) by extensions ['ignore', 'ignore_ament_install']
[0.237s] Level 1:colcon.colcon_core.package_identification:_identify(src/musia_bringup) by extension 'ignore'
[0.237s] Level 1:colcon.colcon_core.package_identification:_identify(src/musia_bringup) by extension 'ignore_ament_install'
[0.237s] Level 1:colcon.colcon_core.package_identification:_identify(src/musia_bringup) by extensions ['colcon_pkg']
[0.237s] Level 1:colcon.colcon_core.package_identification:_identify(src/musia_bringup) by extension 'colcon_pkg'
[0.237s] Level 1:colcon.colcon_core.package_identification:_identify(src/musia_bringup) by extensions ['colcon_meta']
[0.237s] Level 1:colcon.colcon_core.package_identification:_identify(src/musia_bringup) by extension 'colcon_meta'
[0.237s] Level 1:colcon.colcon_core.package_identification:_identify(src/musia_bringup) by extensions ['ros']
[0.237s] Level 1:colcon.colcon_core.package_identification:_identify(src/musia_bringup) by extension 'ros'
[0.238s] DEBUG:colcon.colcon_core.package_identification:Package 'src/musia_bringup' with type 'ros.ament_cmake' and name 'musia_bringup'
[0.238s] Level 1:colcon.colcon_core.package_identification:_identify(src/musia_msgs) by extensions ['ignore', 'ignore_ament_install']
[0.239s] Level 1:colcon.colcon_core.package_identification:_identify(src/musia_msgs) by extension 'ignore'
[0.239s] Level 1:colcon.colcon_core.package_identification:_identify(src/musia_msgs) by extension 'ignore_ament_install'
[0.239s] Level 1:colcon.colcon_core.package_identification:_identify(src/musia_msgs) by extensions ['colcon_pkg']
[0.239s] Level 1:colcon.colcon_core.package_identification:_identify(src/musia_msgs) by extension 'colcon_pkg'
[0.239s] Level 1:colcon.colcon_core.package_identification:_identify(src/musia_msgs) by extensions ['colcon_meta']
[0.239s] Level 1:colcon.colcon_core.package_identification:_identify(src/musia_msgs) by extension 'colcon_meta'
[0.239s] Level 1:colcon.colcon_core.package_identification:_identify(src/musia_msgs) by extensions ['ros']
[0.239s] Level 1:colcon.colcon_core.package_identification:_identify(src/musia_msgs) by extension 'ros'
[0.239s] DEBUG:colcon.colcon_core.package_identification:Package 'src/musia_msgs' with type 'ros.ament_cmake' and name 'musia_msgs'
[0.240s] Level 1:colcon.colcon_core.package_identification:_identify(src/musia_tour_manager) by extensions ['ignore', 'ignore_ament_install']
[0.240s] Level 1:colcon.colcon_core.package_identification:_identify(src/musia_tour_manager) by extension 'ignore'
[0.240s] Level 1:colcon.colcon_core.package_identification:_identify(src/musia_tour_manager) by extension 'ignore_ament_install'
[0.240s] Level 1:colcon.colcon_core.package_identification:_identify(src/musia_tour_manager) by extensions ['colcon_pkg']
[0.240s] Level 1:colcon.colcon_core.package_identification:_identify(src/musia_tour_manager) by extension 'colcon_pkg'
[0.240s] Level 1:colcon.colcon_core.package_identification:_identify(src/musia_tour_manager) by extensions ['colcon_meta']
[0.240s] Level 1:colcon.colcon_core.package_identification:_identify(src/musia_tour_manager) by extension 'colcon_meta'
[0.240s] Level 1:colcon.colcon_core.package_identification:_identify(src/musia_tour_manager) by extensions ['ros']
[0.240s] Level 1:colcon.colcon_core.package_identification:_identify(src/musia_tour_manager) by extension 'ros'
[0.241s] DEBUG:colcon.colcon_core.package_identification:Package 'src/musia_tour_manager' with type 'ros.ament_python' and name 'musia_tour_manager'
[0.241s] Level 1:colcon.colcon_core.package_discovery:discover_packages(recursive) using defaults
[0.241s] Level 1:colcon.colcon_core.package_discovery:discover_packages(ignore) discover
[0.241s] Level 1:colcon.colcon_core.package_discovery:discover_packages(ignore) using defaults
[0.241s] Level 1:colcon.colcon_core.package_discovery:discover_packages(path) discover
[0.241s] Level 1:colcon.colcon_core.package_discovery:discover_packages(path) using defaults
[0.265s] INFO:colcon.colcon_core.package_selection:Skipping not selected package 'musia_arduino_bridge' in 'src/musia_arduino_bridge'
[0.265s] INFO:colcon.colcon_core.package_selection:Skipping not selected package 'musia_msgs' in 'src/musia_msgs'
[0.265s] INFO:colcon.colcon_core.package_selection:Skipping not selected package 'musia_tour_manager' in 'src/musia_tour_manager'
[0.265s] Level 1:colcon.colcon_core.package_discovery:discover_packages(prefix_path) check parameters
[0.266s] Level 1:colcon.colcon_core.package_discovery:discover_packages(prefix_path) discover
[0.268s] DEBUG:colcon.colcon_installed_package_information.package_discovery:Found 4 installed packages in /home/kango/musia_ws/install
[0.270s] DEBUG:colcon.colcon_installed_package_information.package_discovery:Found 313 installed packages in /opt/ros/jazzy
[0.271s] Level 1:colcon.colcon_core.package_discovery:discover_packages(prefix_path) using defaults
[0.328s] Level 5:colcon.colcon_core.verb:set package 'musia_bringup' build argument 'cmake_args' from command line to 'None'
[0.328s] Level 5:colcon.colcon_core.verb:set package 'musia_bringup' build argument 'cmake_target' from command line to 'None'
[0.328s] Level 5:colcon.colcon_core.verb:set package 'musia_bringup' build argument 'cmake_target_skip_unavailable' from command line to 'False'
[0.328s] Level 5:colcon.colcon_core.verb:set package 'musia_bringup' build argument 'cmake_clean_cache' from command line to 'False'
[0.328s] Level 5:colcon.colcon_core.verb:set package 'musia_bringup' build argument 'cmake_clean_first' from command line to 'False'
[0.329s] Level 5:colcon.colcon_core.verb:set package 'musia_bringup' build argument 'cmake_force_configure' from command line to 'False'
[0.329s] Level 5:colcon.colcon_core.verb:set package 'musia_bringup' build argument 'ament_cmake_args' from command line to 'None'
[0.329s] Level 5:colcon.colcon_core.verb:set package 'musia_bringup' build argument 'catkin_cmake_args' from command line to 'None'
[0.329s] Level 5:colcon.colcon_core.verb:set package 'musia_bringup' build argument 'catkin_skip_building_tests' from command line to 'False'
[0.329s] DEBUG:colcon.colcon_core.verb:Building package 'musia_bringup' with the following arguments: {'ament_cmake_args': None, 'build_base': '/home/kango/musia_ws/build/musia_bringup', 'catkin_cmake_args': None, 'catkin_skip_building_tests': False, 'cmake_args': None, 'cmake_clean_cache': False, 'cmake_clean_first': False, 'cmake_force_configure': False, 'cmake_target': None, 'cmake_target_skip_unavailable': False, 'install_base': '/home/kango/musia_ws/install/musia_bringup', 'merge_install': False, 'path': '/home/kango/musia_ws/src/musia_bringup', 'symlink_install': False, 'test_result_base': None}
[0.329s] INFO:colcon.colcon_core.executor:Executing jobs using 'parallel' executor
[0.330s] DEBUG:colcon.colcon_parallel_executor.executor.parallel:run_until_complete
[0.330s] INFO:colcon.colcon_ros.task.ament_cmake.build:Building ROS package in '/home/kango/musia_ws/src/musia_bringup' with build type 'ament_cmake'
[0.331s] INFO:colcon.colcon_cmake.task.cmake.build:Building CMake package in '/home/kango/musia_ws/src/musia_bringup'
[0.333s] INFO:colcon.colcon_core.plugin_system:Skipping extension 'colcon_core.shell.bat': Not used on non-Windows systems
[0.333s] INFO:colcon.colcon_core.shell:Skip shell extension 'powershell' for command environment: Not usable outside of PowerShell
[0.333s] DEBUG:colcon.colcon_core.shell:Skip shell extension 'dsv' for command environment
[0.355s] DEBUG:colcon.colcon_core.event_handler.log_command:Invoking command in '/home/kango/musia_ws/build/musia_bringup': AMENT_PREFIX_PATH=/home/kango/musia_ws/install/musia_tour_manager:/home/kango/musia_ws/install/musia_arduino_bridge:/home/kango/musia_ws/install/musia_bringup:/home/kango/musia_ws/install/musia_msgs:/opt/ros/jazzy CMAKE_PREFIX_PATH=/home/kango/musia_ws/install/musia_msgs:/home/kango/musia_ws/install/musia_bringup:/opt/ros/jazzy/opt/gz_sim_vendor:/opt/ros/jazzy/opt/gz_sensors_vendor:/opt/ros/jazzy/opt/gz_physics_vendor:/opt/ros/jazzy/opt/sdformat_vendor:/opt/ros/jazzy/opt/gz_gui_vendor:/opt/ros/jazzy/opt/gz_transport_vendor:/opt/ros/jazzy/opt/gz_rendering_vendor:/opt/ros/jazzy/opt/gz_plugin_vendor:/opt/ros/jazzy/opt/gz_fuel_tools_vendor:/opt/ros/jazzy/opt/gz_msgs_vendor:/opt/ros/jazzy/opt/gz_common_vendor:/opt/ros/jazzy/opt/gz_math_vendor:/opt/ros/jazzy/opt/gz_utils_vendor:/opt/ros/jazzy/opt/gz_tools_vendor:/opt/ros/jazzy/opt/gz_ogre_next_vendor:/opt/ros/jazzy/opt/gz_dartsim_vendor:/opt/ros/jazzy/opt/gz_cmake_vendor:/home/kango/musia_ws/install/musia_tour_manager:/home/kango/musia_ws/install/musia_arduino_bridge:/opt/ros/jazzy PYTHONPATH=/home/kango/musia_ws/install/musia_tour_manager/lib/python3.12/site-packages:/home/kango/musia_ws/install/musia_msgs/lib/python3.12/site-packages:/home/kango/musia_ws/build/musia_arduino_bridge:/home/kango/musia_ws/install/musia_arduino_bridge/lib/python3.12/site-packages:/home/kango/musia_ws/build/musia_tour_manager:/home/kango/musia_ws/build/musia_bringup:/home/kango/musia_ws/install/musia_bringup/lib/python3.12/site-packages:/opt/ros/jazzy/lib/python3.12/site-packages /usr/bin/cmake --build /home/kango/musia_ws/build/musia_bringup -- -j4 -l4
[0.432s] DEBUG:colcon.colcon_core.event_handler.log_command:Invoked command in '/home/kango/musia_ws/build/musia_bringup' returned '0': AMENT_PREFIX_PATH=/home/kango/musia_ws/install/musia_tour_manager:/home/kango/musia_ws/install/musia_arduino_bridge:/home/kango/musia_ws/install/musia_bringup:/home/kango/musia_ws/install/musia_msgs:/opt/ros/jazzy CMAKE_PREFIX_PATH=/home/kango/musia_ws/install/musia_msgs:/home/kango/musia_ws/install/musia_bringup:/opt/ros/jazzy/opt/gz_sim_vendor:/opt/ros/jazzy/opt/gz_sensors_vendor:/opt/ros/jazzy/opt/gz_physics_vendor:/opt/ros/jazzy/opt/sdformat_vendor:/opt/ros/jazzy/opt/gz_gui_vendor:/opt/ros/jazzy/opt/gz_transport_vendor:/opt/ros/jazzy/opt/gz_rendering_vendor:/opt/ros/jazzy/opt/gz_plugin_vendor:/opt/ros/jazzy/opt/gz_fuel_tools_vendor:/opt/ros/jazzy/opt/gz_msgs_vendor:/opt/ros/jazzy/opt/gz_common_vendor:/opt/ros/jazzy/opt/gz_math_vendor:/opt/ros/jazzy/opt/gz_utils_vendor:/opt/ros/jazzy/opt/gz_tools_vendor:/opt/ros/jazzy/opt/gz_ogre_next_vendor:/opt/ros/jazzy/opt/gz_dartsim_vendor:/opt/ros/jazzy/opt/gz_cmake_vendor:/home/kango/musia_ws/install/musia_tour_manager:/home/kango/musia_ws/install/musia_arduino_bridge:/opt/ros/jazzy PYTHONPATH=/home/kango/musia_ws/install/musia_tour_manager/lib/python3.12/site-packages:/home/kango/musia_ws/install/musia_msgs/lib/python3.12/site-packages:/home/kango/musia_ws/build/musia_arduino_bridge:/home/kango/musia_ws/install/musia_arduino_bridge/lib/python3.12/site-packages:/home/kango/musia_ws/build/musia_tour_manager:/home/kango/musia_ws/build/musia_bringup:/home/kango/musia_ws/install/musia_bringup/lib/python3.12/site-packages:/opt/ros/jazzy/lib/python3.12/site-packages /usr/bin/cmake --build /home/kango/musia_ws/build/musia_bringup -- -j4 -l4
[0.453s] DEBUG:colcon.colcon_core.event_handler.log_command:Invoking command in '/home/kango/musia_ws/build/musia_bringup': AMENT_PREFIX_PATH=/home/kango/musia_ws/install/musia_tour_manager:/home/kango/musia_ws/install/musia_arduino_bridge:/home/kango/musia_ws/install/musia_bringup:/home/kango/musia_ws/install/musia_msgs:/opt/ros/jazzy CMAKE_PREFIX_PATH=/home/kango/musia_ws/install/musia_msgs:/home/kango/musia_ws/install/musia_bringup:/opt/ros/jazzy/opt/gz_sim_vendor:/opt/ros/jazzy/opt/gz_sensors_vendor:/opt/ros/jazzy/opt/gz_physics_vendor:/opt/ros/jazzy/opt/sdformat_vendor:/opt/ros/jazzy/opt/gz_gui_vendor:/opt/ros/jazzy/opt/gz_transport_vendor:/opt/ros/jazzy/opt/gz_rendering_vendor:/opt/ros/jazzy/opt/gz_plugin_vendor:/opt/ros/jazzy/opt/gz_fuel_tools_vendor:/opt/ros/jazzy/opt/gz_msgs_vendor:/opt/ros/jazzy/opt/gz_common_vendor:/opt/ros/jazzy/opt/gz_math_vendor:/opt/ros/jazzy/opt/gz_utils_vendor:/opt/ros/jazzy/opt/gz_tools_vendor:/opt/ros/jazzy/opt/gz_ogre_next_vendor:/opt/ros/jazzy/opt/gz_dartsim_vendor:/opt/ros/jazzy/opt/gz_cmake_vendor:/home/kango/musia_ws/install/musia_tour_manager:/home/kango/musia_ws/install/musia_arduino_bridge:/opt/ros/jazzy PYTHONPATH=/home/kango/musia_ws/install/musia_tour_manager/lib/python3.12/site-packages:/home/kango/musia_ws/install/musia_msgs/lib/python3.12/site-packages:/home/kango/musia_ws/build/musia_arduino_bridge:/home/kango/musia_ws/install/musia_arduino_bridge/lib/python3.12/site-packages:/home/kango/musia_ws/build/musia_tour_manager:/home/kango/musia_ws/build/musia_bringup:/home/kango/musia_ws/install/musia_bringup/lib/python3.12/site-packages:/opt/ros/jazzy/lib/python3.12/site-packages /usr/bin/cmake --install /home/kango/musia_ws/build/musia_bringup
[0.471s] Level 1:colcon.colcon_core.environment:create_environment_scripts_only(musia_bringup)
[0.472s] DEBUG:colcon.colcon_core.event_handler.log_command:Invoked command in '/home/kango/musia_ws/build/musia_bringup' returned '0': AMENT_PREFIX_PATH=/home/kango/musia_ws/install/musia_tour_manager:/home/kango/musia_ws/install/musia_arduino_bridge:/home/kango/musia_ws/install/musia_bringup:/home/kango/musia_ws/install/musia_msgs:/opt/ros/jazzy CMAKE_PREFIX_PATH=/home/kango/musia_ws/install/musia_msgs:/home/kango/musia_ws/install/musia_bringup:/opt/ros/jazzy/opt/gz_sim_vendor:/opt/ros/jazzy/opt/gz_sensors_vendor:/opt/ros/jazzy/opt/gz_physics_vendor:/opt/ros/jazzy/opt/sdformat_vendor:/opt/ros/jazzy/opt/gz_gui_vendor:/opt/ros/jazzy/opt/gz_transport_vendor:/opt/ros/jazzy/opt/gz_rendering_vendor:/opt/ros/jazzy/opt/gz_plugin_vendor:/opt/ros/jazzy/opt/gz_fuel_tools_vendor:/opt/ros/jazzy/opt/gz_msgs_vendor:/opt/ros/jazzy/opt/gz_common_vendor:/opt/ros/jazzy/opt/gz_math_vendor:/opt/ros/jazzy/opt/gz_utils_vendor:/opt/ros/jazzy/opt/gz_tools_vendor:/opt/ros/jazzy/opt/gz_ogre_next_vendor:/opt/ros/jazzy/opt/gz_dartsim_vendor:/opt/ros/jazzy/opt/gz_cmake_vendor:/home/kango/musia_ws/install/musia_tour_manager:/home/kango/musia_ws/install/musia_arduino_bridge:/opt/ros/jazzy PYTHONPATH=/home/kango/musia_ws/install/musia_tour_manager/lib/python3.12/site-packages:/home/kango/musia_ws/install/musia_msgs/lib/python3.12/site-packages:/home/kango/musia_ws/build/musia_arduino_bridge:/home/kango/musia_ws/install/musia_arduino_bridge/lib/python3.12/site-packages:/home/kango/musia_ws/build/musia_tour_manager:/home/kango/musia_ws/build/musia_bringup:/home/kango/musia_ws/install/musia_bringup/lib/python3.12/site-packages:/opt/ros/jazzy/lib/python3.12/site-packages /usr/bin/cmake --install /home/kango/musia_ws/build/musia_bringup
[0.475s] Level 1:colcon.colcon_core.environment:checking '/home/kango/musia_ws/install/musia_bringup' for CMake module files
[0.475s] Level 1:colcon.colcon_core.environment:checking '/home/kango/musia_ws/install/musia_bringup' for CMake config files
[0.476s] Level 1:colcon.colcon_core.shell:create_environment_hook('musia_bringup', 'cmake_prefix_path')
[0.476s] INFO:colcon.colcon_core.shell:Creating environment hook '/home/kango/musia_ws/install/musia_bringup/share/musia_bringup/hook/cmake_prefix_path.ps1'
[0.477s] INFO:colcon.colcon_core.shell:Creating environment descriptor '/home/kango/musia_ws/install/musia_bringup/share/musia_bringup/hook/cmake_prefix_path.dsv'
[0.478s] INFO:colcon.colcon_core.shell:Creating environment hook '/home/kango/musia_ws/install/musia_bringup/share/musia_bringup/hook/cmake_prefix_path.sh'
[0.479s] Level 1:colcon.colcon_core.environment:checking '/home/kango/musia_ws/install/musia_bringup/lib'
[0.479s] Level 1:colcon.colcon_core.environment:checking '/home/kango/musia_ws/install/musia_bringup/bin'
[0.479s] Level 1:colcon.colcon_core.environment:checking '/home/kango/musia_ws/install/musia_bringup/lib/pkgconfig/musia_bringup.pc'
[0.479s] Level 1:colcon.colcon_core.environment:checking '/home/kango/musia_ws/install/musia_bringup/lib/python3.12/site-packages'
[0.479s] Level 1:colcon.colcon_core.shell:create_environment_hook('musia_bringup', 'pythonpath')
[0.480s] INFO:colcon.colcon_core.shell:Creating environment hook '/home/kango/musia_ws/install/musia_bringup/share/musia_bringup/hook/pythonpath.ps1'
[0.480s] INFO:colcon.colcon_core.shell:Creating environment descriptor '/home/kango/musia_ws/install/musia_bringup/share/musia_bringup/hook/pythonpath.dsv'
[0.481s] INFO:colcon.colcon_core.shell:Creating environment hook '/home/kango/musia_ws/install/musia_bringup/share/musia_bringup/hook/pythonpath.sh'
[0.482s] Level 1:colcon.colcon_core.environment:checking '/home/kango/musia_ws/install/musia_bringup/bin'
[0.482s] INFO:colcon.colcon_core.shell:Creating package script '/home/kango/musia_ws/install/musia_bringup/share/musia_bringup/package.ps1'
[0.484s] INFO:colcon.colcon_core.shell:Creating package descriptor '/home/kango/musia_ws/install/musia_bringup/share/musia_bringup/package.dsv'
[0.484s] INFO:colcon.colcon_core.shell:Creating package script '/home/kango/musia_ws/install/musia_bringup/share/musia_bringup/package.sh'
[0.485s] INFO:colcon.colcon_core.shell:Creating package script '/home/kango/musia_ws/install/musia_bringup/share/musia_bringup/package.bash'
[0.486s] INFO:colcon.colcon_core.shell:Creating package script '/home/kango/musia_ws/install/musia_bringup/share/musia_bringup/package.zsh'
[0.486s] Level 1:colcon.colcon_core.environment:create_file_with_runtime_dependencies(/home/kango/musia_ws/install/musia_bringup/share/colcon-core/packages/musia_bringup)
[0.488s] Level 1:colcon.colcon_core.environment:create_environment_scripts_only(musia_bringup)
[0.488s] Level 1:colcon.colcon_core.environment:checking '/home/kango/musia_ws/install/musia_bringup' for CMake module files
[0.488s] Level 1:colcon.colcon_core.environment:checking '/home/kango/musia_ws/install/musia_bringup' for CMake config files
[0.489s] Level 1:colcon.colcon_core.shell:create_environment_hook('musia_bringup', 'cmake_prefix_path')
[0.489s] INFO:colcon.colcon_core.shell:Creating environment hook '/home/kango/musia_ws/install/musia_bringup/share/musia_bringup/hook/cmake_prefix_path.ps1'
[0.490s] INFO:colcon.colcon_core.shell:Creating environment descriptor '/home/kango/musia_ws/install/musia_bringup/share/musia_bringup/hook/cmake_prefix_path.dsv'
[0.490s] INFO:colcon.colcon_core.shell:Creating environment hook '/home/kango/musia_ws/install/musia_bringup/share/musia_bringup/hook/cmake_prefix_path.sh'
[0.491s] Level 1:colcon.colcon_core.environment:checking '/home/kango/musia_ws/install/musia_bringup/lib'
[0.491s] Level 1:colcon.colcon_core.environment:checking '/home/kango/musia_ws/install/musia_bringup/bin'
[0.491s] Level 1:colcon.colcon_core.environment:checking '/home/kango/musia_ws/install/musia_bringup/lib/pkgconfig/musia_bringup.pc'
[0.492s] Level 1:colcon.colcon_core.environment:checking '/home/kango/musia_ws/install/musia_bringup/lib/python3.12/site-packages'
[0.492s] Level 1:colcon.colcon_core.shell:create_environment_hook('musia_bringup', 'pythonpath')
[0.492s] INFO:colcon.colcon_core.shell:Creating environment hook '/home/kango/musia_ws/install/musia_bringup/share/musia_bringup/hook/pythonpath.ps1'
[0.493s] INFO:colcon.colcon_core.shell:Creating environment descriptor '/home/kango/musia_ws/install/musia_bringup/share/musia_bringup/hook/pythonpath.dsv'
[0.493s] INFO:colcon.colcon_core.shell:Creating environment hook '/home/kango/musia_ws/install/musia_bringup/share/musia_bringup/hook/pythonpath.sh'
[0.494s] Level 1:colcon.colcon_core.environment:checking '/home/kango/musia_ws/install/musia_bringup/bin'
[0.495s] INFO:colcon.colcon_core.shell:Creating package script '/home/kango/musia_ws/install/musia_bringup/share/musia_bringup/package.ps1'
[0.496s] INFO:colcon.colcon_core.shell:Creating package descriptor '/home/kango/musia_ws/install/musia_bringup/share/musia_bringup/package.dsv'
[0.496s] INFO:colcon.colcon_core.shell:Creating package script '/home/kango/musia_ws/install/musia_bringup/share/musia_bringup/package.sh'
[0.497s] INFO:colcon.colcon_core.shell:Creating package script '/home/kango/musia_ws/install/musia_bringup/share/musia_bringup/package.bash'
[0.498s] INFO:colcon.colcon_core.shell:Creating package script '/home/kango/musia_ws/install/musia_bringup/share/musia_bringup/package.zsh'
[0.498s] Level 1:colcon.colcon_core.environment:create_file_with_runtime_dependencies(/home/kango/musia_ws/install/musia_bringup/share/colcon-core/packages/musia_bringup)
[0.499s] DEBUG:colcon.colcon_parallel_executor.executor.parallel:closing loop
[0.500s] DEBUG:colcon.colcon_parallel_executor.executor.parallel:loop closed
[0.500s] DEBUG:colcon.colcon_parallel_executor.executor.parallel:run_until_complete finished with '0'
[0.500s] DEBUG:colcon.colcon_core.event_reactor:joining thread
[0.500s] DEBUG:colcon.colcon_core.event_reactor:joined thread
[0.501s] INFO:colcon.colcon_core.shell:Creating prefix script '/home/kango/musia_ws/install/local_setup.ps1'
[0.502s] INFO:colcon.colcon_core.shell:Creating prefix util module '/home/kango/musia_ws/install/_local_setup_util_ps1.py'
[0.503s] INFO:colcon.colcon_core.shell:Creating prefix chain script '/home/kango/musia_ws/install/setup.ps1'
[0.505s] INFO:colcon.colcon_core.shell:Creating prefix script '/home/kango/musia_ws/install/local_setup.sh'
[0.505s] INFO:colcon.colcon_core.shell:Creating prefix util module '/home/kango/musia_ws/install/_local_setup_util_sh.py'
[0.506s] INFO:colcon.colcon_core.shell:Creating prefix chain script '/home/kango/musia_ws/install/setup.sh'
[0.508s] INFO:colcon.colcon_core.shell:Creating prefix script '/home/kango/musia_ws/install/local_setup.bash'
[0.508s] INFO:colcon.colcon_core.shell:Creating prefix chain script '/home/kango/musia_ws/install/setup.bash'
[0.509s] INFO:colcon.colcon_core.shell:Creating prefix script '/home/kango/musia_ws/install/local_setup.zsh'
[0.510s] INFO:colcon.colcon_core.shell:Creating prefix chain script '/home/kango/musia_ws/install/setup.zsh'
