running egg_info
creating ../../build/musia_arduino_bridge/musia_arduino_bridge.egg-info
writing ../../build/musia_arduino_bridge/musia_arduino_bridge.egg-info/PKG-INFO
writing dependency_links to ../../build/musia_arduino_bridge/musia_arduino_bridge.egg-info/dependency_links.txt
writing entry points to ../../build/musia_arduino_bridge/musia_arduino_bridge.egg-info/entry_points.txt
writing requirements to ../../build/musia_arduino_bridge/musia_arduino_bridge.egg-info/requires.txt
writing top-level names to ../../build/musia_arduino_bridge/musia_arduino_bridge.egg-info/top_level.txt
writing manifest file '../../build/musia_arduino_bridge/musia_arduino_bridge.egg-info/SOURCES.txt'
reading manifest file '../../build/musia_arduino_bridge/musia_arduino_bridge.egg-info/SOURCES.txt'
writing manifest file '../../build/musia_arduino_bridge/musia_arduino_bridge.egg-info/SOURCES.txt'
running build
running build_py
creating /home/kango/musia_ws/build/musia_arduino_bridge/build
creating /home/kango/musia_ws/build/musia_arduino_bridge/build/lib
creating /home/kango/musia_ws/build/musia_arduino_bridge/build/lib/musia_arduino_bridge
copying musia_arduino_bridge/__init__.py -> /home/kango/musia_ws/build/musia_arduino_bridge/build/lib/musia_arduino_bridge
copying musia_arduino_bridge/arduino_bridge_node.py -> /home/kango/musia_ws/build/musia_arduino_bridge/build/lib/musia_arduino_bridge
running install
running install_lib
creating /home/kango/musia_ws/install/musia_arduino_bridge/lib/python3.12/site-packages/musia_arduino_bridge
copying /home/kango/musia_ws/build/musia_arduino_bridge/build/lib/musia_arduino_bridge/__init__.py -> /home/kango/musia_ws/install/musia_arduino_bridge/lib/python3.12/site-packages/musia_arduino_bridge
copying /home/kango/musia_ws/build/musia_arduino_bridge/build/lib/musia_arduino_bridge/arduino_bridge_node.py -> /home/kango/musia_ws/install/musia_arduino_bridge/lib/python3.12/site-packages/musia_arduino_bridge
byte-compiling /home/kango/musia_ws/install/musia_arduino_bridge/lib/python3.12/site-packages/musia_arduino_bridge/__init__.py to __init__.cpython-312.pyc
byte-compiling /home/kango/musia_ws/install/musia_arduino_bridge/lib/python3.12/site-packages/musia_arduino_bridge/arduino_bridge_node.py to arduino_bridge_node.cpython-312.pyc
running install_data
copying resource/musia_arduino_bridge -> /home/kango/musia_ws/install/musia_arduino_bridge/share/ament_index/resource_index/packages
running install_egg_info
Copying ../../build/musia_arduino_bridge/musia_arduino_bridge.egg-info to /home/kango/musia_ws/install/musia_arduino_bridge/lib/python3.12/site-packages/musia_arduino_bridge-0.1.0-py3.12.egg-info
running install_scripts
Installing arduino_bridge_node script to /home/kango/musia_ws/install/musia_arduino_bridge/bin
writing list of installed files to '/home/kango/musia_ws/build/musia_arduino_bridge/install.log'
