[0.020s] Invoking command in '/home/kango/musia_ws/build/ldlidar_stl_ros2': CMAKE_PREFIX_PATH=${CMAKE_PREFIX_PATH}:/home/kango/musia_ws/install/musia_tour_manager:/home/kango/musia_ws/install/musia_navigation:/home/kango/musia_ws/install/musia_arduino_bridge:/opt/ros/jazzy /usr/bin/cmake /home/kango/musia_ws/src/ldlidar_stl_ros2 -DCMAKE_INSTALL_PREFIX=/home/kango/musia_ws/install/ldlidar_stl_ros2
[0.586s] -- The C compiler identification is GNU 13.3.0
[0.954s] -- The CXX compiler identification is GNU 13.3.0
[0.993s] -- Detecting C compiler ABI info
[1.193s] -- Detecting C compiler ABI info - done
[1.209s] -- Check for working C compiler: /usr/bin/cc - skipped
[1.210s] -- Detecting C compile features
[1.211s] -- Detecting C compile features - done
[1.227s] -- Detecting CXX compiler ABI info
[1.417s] -- Detecting CXX compiler ABI info - done
[1.433s] -- Check for working CXX compiler: /usr/bin/c++ - skipped
[1.433s] -- Detecting CXX compile features
[1.434s] -- Detecting CXX compile features - done
[1.452s] -- Found ament_cmake: 2.5.6 (/opt/ros/jazzy/share/ament_cmake/cmake)
[1.717s] -- Found Python3: /usr/bin/python3 (found version "3.12.3") found components: Interpreter 
[1.962s] -- Found rclcpp: 28.1.18 (/opt/ros/jazzy/share/rclcpp/cmake)
[2.074s] -- Found rosidl_generator_c: 4.6.7 (/opt/ros/jazzy/share/rosidl_generator_c/cmake)
[2.112s] -- Found rosidl_generator_cpp: 4.6.7 (/opt/ros/jazzy/share/rosidl_generator_cpp/cmake)
[2.157s] -- Using all available rosidl_typesupport_c: rosidl_typesupport_fastrtps_c;rosidl_typesupport_introspection_c
[2.203s] -- Using all available rosidl_typesupport_cpp: rosidl_typesupport_fastrtps_cpp;rosidl_typesupport_introspection_cpp
[2.379s] -- Found rmw_implementation_cmake: 7.3.3 (/opt/ros/jazzy/share/rmw_implementation_cmake/cmake)
[2.389s] -- Found rmw_fastrtps_cpp: 8.4.3 (/opt/ros/jazzy/share/rmw_fastrtps_cpp/cmake)
[2.601s] -- Found OpenSSL: /usr/lib/aarch64-linux-gnu/libcrypto.so (found version "3.0.13")  
[2.632s] -- Found FastRTPS: /opt/ros/jazzy/include (Required is at least version "2.13") 
[2.669s] -- Using RMW implementation 'rmw_fastrtps_cpp' as default
[2.826s] -- Found sensor_msgs: 5.3.7 (/opt/ros/jazzy/share/sensor_msgs/cmake)
[2.941s] -- Found ament_lint_auto: 0.17.5 (/opt/ros/jazzy/share/ament_lint_auto/cmake)
[3.177s] -- Added test 'copyright' to check source files copyright and LICENSE
[3.186s] -- Added test 'cppcheck' to perform static code analysis on C / C++ code
[3.187s] -- Configured cppcheck include dirs: /home/kango/musia_ws/src/ldlidar_stl_ros2/include;/home/kango/musia_ws/src/ldlidar_stl_ros2/ldlidar_driver/include/core;/home/kango/musia_ws/src/ldlidar_stl_ros2/ldlidar_driver/include/dataprocess;/home/kango/musia_ws/src/ldlidar_stl_ros2/ldlidar_driver/include/filter;/home/kango/musia_ws/src/ldlidar_stl_ros2/ldlidar_driver/include/logger;/home/kango/musia_ws/src/ldlidar_stl_ros2/ldlidar_driver/include/networkcom;/home/kango/musia_ws/src/ldlidar_stl_ros2/ldlidar_driver/include/serialcom
[3.187s] -- Configured cppcheck exclude dirs and/or files: 
[3.195s] -- Added test 'cpplint' to check C / C++ code against the Google style
[3.195s] -- Configured cpplint exclude dirs and/or files: 
[3.197s] -- Added test 'flake8' to check Python code syntax and style conventions
[3.197s] -- Configured 'flake8' exclude dirs and/or files: 
[3.200s] -- Added test 'lint_cmake' to check CMake code style
[3.202s] -- Added test 'pep257' to check Python code against some of the docstring style conventions in PEP 257
[3.210s] -- Added test 'uncrustify' to check C / C++ code style
[3.210s] -- Configured uncrustify additional arguments: 
[3.212s] -- Added test 'xmllint' to check XML markup files
[3.216s] -- Configuring done (3.1s)
[3.236s] -- Generating done (0.0s)
[3.242s] -- Build files have been written to: /home/kango/musia_ws/build/ldlidar_stl_ros2
[3.265s] Invoked command in '/home/kango/musia_ws/build/ldlidar_stl_ros2' returned '0': CMAKE_PREFIX_PATH=${CMAKE_PREFIX_PATH}:/home/kango/musia_ws/install/musia_tour_manager:/home/kango/musia_ws/install/musia_navigation:/home/kango/musia_ws/install/musia_arduino_bridge:/opt/ros/jazzy /usr/bin/cmake /home/kango/musia_ws/src/ldlidar_stl_ros2 -DCMAKE_INSTALL_PREFIX=/home/kango/musia_ws/install/ldlidar_stl_ros2
[3.267s] Invoking command in '/home/kango/musia_ws/build/ldlidar_stl_ros2': CMAKE_PREFIX_PATH=${CMAKE_PREFIX_PATH}:/home/kango/musia_ws/install/musia_tour_manager:/home/kango/musia_ws/install/musia_navigation:/home/kango/musia_ws/install/musia_arduino_bridge:/opt/ros/jazzy /usr/bin/cmake --build /home/kango/musia_ws/build/ldlidar_stl_ros2 -- -j4 -l4
[3.368s] [ 50%] [32mBuilding CXX object CMakeFiles/ldlidar_stl_ros2_node.dir/src/demo.cpp.o[0m
[3.369s] [ 50%] [32mBuilding CXX object CMakeFiles/ldlidar_stl_ros2_node.dir/ldlidar_driver/src/core/ldlidar_driver.cpp.o[0m
[3.371s] [ 50%] [32mBuilding CXX object CMakeFiles/ldlidar_stl_ros2_node.dir/ldlidar_driver/src/dataprocess/lipkg.cpp.o[0m
[3.371s] [ 50%] [32mBuilding CXX object CMakeFiles/ldlidar_stl_ros2_node.dir/ldlidar_driver/src/filter/tofbf.cpp.o[0m
[5.009s] [ 62%] [32mBuilding CXX object CMakeFiles/ldlidar_stl_ros2_node.dir/ldlidar_driver/src/logger/log_module.cpp.o[0m
[5.177s] [ 75%] [32mBuilding CXX object CMakeFiles/ldlidar_stl_ros2_node.dir/ldlidar_driver/src/networkcom/network_socket_interface_linux.cpp.o[0m
[5.596s] [01m[K/home/kango/musia_ws/src/ldlidar_stl_ros2/ldlidar_driver/src/logger/log_module.cpp:[m[K In member function ‘[01m[Kvoid LogModule::[01;32m[KInitLock[m[K()[m[K’:
[5.596s] [01m[K/home/kango/musia_ws/src/ldlidar_stl_ros2/ldlidar_driver/src/logger/log_module.cpp:172:3:[m[K [01;31m[Kerror: [m[K‘[01m[Kpthread_mutex_init[m[K’ was not declared in this scope; did you mean ‘[01m[Kpthread_mutex_t[m[K’?
[5.597s]   172 |   [01;31m[Kpthread_mutex_init[m[K(&mutex_lock_,NULL);
[5.597s]       |   [01;31m[K^~~~~~~~~~~~~~~~~~[m[K
[5.597s]       |   [32m[Kpthread_mutex_t[m[K
[5.605s] [01m[K/home/kango/musia_ws/src/ldlidar_stl_ros2/ldlidar_driver/src/logger/log_module.cpp:[m[K In member function ‘[01m[Kvoid LogModule::[01;32m[KRealseLock[m[K()[m[K’:
[5.605s] [01m[K/home/kango/musia_ws/src/ldlidar_stl_ros2/ldlidar_driver/src/logger/log_module.cpp:180:9:[m[K [01;31m[Kerror: [m[K‘[01m[Kpthread_mutex_unlock[m[K’ was not declared in this scope; did you mean ‘[01m[Kpthread_mutex_t[m[K’?
[5.606s]   180 |         [01;31m[Kpthread_mutex_unlock[m[K(&mutex_lock_);
[5.606s]       |         [01;31m[K^~~~~~~~~~~~~~~~~~~~[m[K
[5.607s]       |         [32m[Kpthread_mutex_t[m[K
[5.609s] [ 87%] [32mBuilding CXX object CMakeFiles/ldlidar_stl_ros2_node.dir/ldlidar_driver/src/serialcom/serial_interface_linux.cpp.o[0m
[5.615s] [01m[K/home/kango/musia_ws/src/ldlidar_stl_ros2/ldlidar_driver/src/logger/log_module.cpp:[m[K In member function ‘[01m[Kvoid LogModule::[01;32m[KLock[m[K()[m[K’:
[5.618s] [01m[K/home/kango/musia_ws/src/ldlidar_stl_ros2/ldlidar_driver/src/logger/log_module.cpp:188:9:[m[K [01;31m[Kerror: [m[K‘[01m[Kpthread_mutex_lock[m[K’ was not declared in this scope; did you mean ‘[01m[Kpthread_mutex_t[m[K’?
[5.618s]   188 |         [01;31m[Kpthread_mutex_lock[m[K(&mutex_lock_);
[5.618s]       |         [01;31m[K^~~~~~~~~~~~~~~~~~[m[K
[5.618s]       |         [32m[Kpthread_mutex_t[m[K
[5.626s] [01m[K/home/kango/musia_ws/src/ldlidar_stl_ros2/ldlidar_driver/src/logger/log_module.cpp:[m[K In member function ‘[01m[Kvoid LogModule::[01;32m[KUnLock[m[K()[m[K’:
[5.626s] [01m[K/home/kango/musia_ws/src/ldlidar_stl_ros2/ldlidar_driver/src/logger/log_module.cpp:196:9:[m[K [01;31m[Kerror: [m[K‘[01m[Kpthread_mutex_unlock[m[K’ was not declared in this scope; did you mean ‘[01m[Kpthread_mutex_t[m[K’?
[5.626s]   196 |         [01;31m[Kpthread_mutex_unlock[m[K(&mutex_lock_);
[5.627s]       |         [01;31m[K^~~~~~~~~~~~~~~~~~~~[m[K
[5.627s]       |         [32m[Kpthread_mutex_t[m[K
[5.701s] gmake[2]: *** [CMakeFiles/ldlidar_stl_ros2_node.dir/build.make:132: CMakeFiles/ldlidar_stl_ros2_node.dir/ldlidar_driver/src/logger/log_module.cpp.o] Error 1
[5.701s] gmake[2]: *** Waiting for unfinished jobs....
[11.452s] gmake[1]: *** [CMakeFiles/Makefile2:137: CMakeFiles/ldlidar_stl_ros2_node.dir/all] Error 2
[11.453s] gmake: *** [Makefile:146: all] Error 2
[11.456s] Invoked command in '/home/kango/musia_ws/build/ldlidar_stl_ros2' returned '2': CMAKE_PREFIX_PATH=${CMAKE_PREFIX_PATH}:/home/kango/musia_ws/install/musia_tour_manager:/home/kango/musia_ws/install/musia_navigation:/home/kango/musia_ws/install/musia_arduino_bridge:/opt/ros/jazzy /usr/bin/cmake --build /home/kango/musia_ws/build/ldlidar_stl_ros2 -- -j4 -l4
