[0.137s] DEBUG:colcon:Command line arguments: ['/usr/bin/colcon', 'build', '--packages-select', 'musia_arduino_bridge', '--symlink-install']
[0.137s] DEBUG:colcon:Parsed command line arguments: Namespace(log_base=None, log_level=None, verb_name='build', build_base='build', install_base='install', merge_install=False, symlink_install=True, test_result_base=None, continue_on_error=False, executor='parallel', parallel_workers=4, event_handlers=None, ignore_user_meta=False, metas=['./colcon.meta'], base_paths=['.'], packages_ignore=None, packages_ignore_regex=None, paths=None, packages_up_to=None, packages_up_to_regex=None, packages_above=None, packages_above_and_dependencies=None, packages_above_depth=None, packages_select_by_dep=None, packages_skip_by_dep=None, packages_skip_up_to=None, packages_select_build_failed=False, packages_skip_build_finished=False, packages_select_test_failures=False, packages_skip_test_passed=False, packages_select=['musia_arduino_bridge'], packages_skip=None, packages_select_regex=None, packages_skip_regex=None, packages_start=None, packages_end=None, allow_overriding=[], cmake_args=None, cmake_target=None, cmake_target_skip_unavailable=False, cmake_clean_cache=False, cmake_clean_first=False, cmake_force_configure=False, ament_cmake_args=None, catkin_cmake_args=None, catkin_skip_building_tests=False, verb_parser=<colcon_defaults.argument_parser.defaults.DefaultArgumentsDecorator object at 0xffff8b193b30>, verb_extension=<colcon_core.verb.build.BuildVerb object at 0xffff8c1ff530>, main=<bound method BuildVerb.main of <colcon_core.verb.build.BuildVerb object at 0xffff8c1ff530>>)
[0.191s] Level 1:colcon.colcon_core.package_discovery:discover_packages(colcon_meta) check parameters
[0.191s] Level 1:colcon.colcon_core.package_discovery:discover_packages(recursive) check parameters
[0.191s] Level 1:colcon.colcon_core.package_discovery:discover_packages(ignore) check parameters
[0.191s] Level 1:colcon.colcon_core.package_discovery:discover_packages(path) check parameters
[0.191s] Level 1:colcon.colcon_core.package_discovery:discover_packages(colcon_meta) discover
[0.192s] Level 1:colcon.colcon_core.package_discovery:discover_packages(recursive) discover
[0.192s] INFO:colcon.colcon_core.package_discovery:Crawling recursively for packages in '/home/kango/musia_ws'
[0.192s] Level 1:colcon.colcon_core.package_identification:_identify(.) by extensions ['ignore', 'ignore_ament_install']
[0.192s] Level 1:colcon.colcon_core.package_identification:_identify(.) by extension 'ignore'
[0.192s] Level 1:colcon.colcon_core.package_identification:_identify(.) by extension 'ignore_ament_install'
[0.192s] Level 1:colcon.colcon_core.package_identification:_identify(.) by extensions ['colcon_pkg']
[0.192s] Level 1:colcon.colcon_core.package_identification:_identify(.) by extension 'colcon_pkg'
[0.192s] Level 1:colcon.colcon_core.package_identification:_identify(.) by extensions ['colcon_meta']
[0.192s] Level 1:colcon.colcon_core.package_identification:_identify(.) by extension 'colcon_meta'
[0.192s] Level 1:colcon.colcon_core.package_identification:_identify(.) by extensions ['ros']
[0.192s] Level 1:colcon.colcon_core.package_identification:_identify(.) by extension 'ros'
[0.227s] Level 1:colcon.colcon_core.package_identification:_identify(.) by extensions ['cmake', 'python']
[0.227s] Level 1:colcon.colcon_core.package_identification:_identify(.) by extension 'cmake'
[0.227s] Level 1:colcon.colcon_core.package_identification:_identify(.) by extension 'python'
[0.227s] Level 1:colcon.colcon_core.package_identification:_identify(.) by extensions ['python_setup_py']
[0.227s] Level 1:colcon.colcon_core.package_identification:_identify(.) by extension 'python_setup_py'
[0.228s] Level 1:colcon.colcon_core.package_identification:_identify(build) by extensions ['ignore', 'ignore_ament_install']
[0.228s] Level 1:colcon.colcon_core.package_identification:_identify(build) by extension 'ignore'
[0.228s] Level 1:colcon.colcon_core.package_identification:_identify(build) ignored
[0.228s] Level 1:colcon.colcon_core.package_identification:_identify(install) by extensions ['ignore', 'ignore_ament_install']
[0.228s] Level 1:colcon.colcon_core.package_identification:_identify(install) by extension 'ignore'
[0.228s] Level 1:colcon.colcon_core.package_identification:_identify(install) ignored
[0.228s] Level 1:colcon.colcon_core.package_identification:_identify(log) by extensions ['ignore', 'ignore_ament_install']
[0.228s] Level 1:colcon.colcon_core.package_identification:_identify(log) by extension 'ignore'
[0.228s] Level 1:colcon.colcon_core.package_identification:_identify(log) ignored
[0.228s] Level 1:colcon.colcon_core.package_identification:_identify(src) by extensions ['ignore', 'ignore_ament_install']
[0.229s] Level 1:colcon.colcon_core.package_identification:_identify(src) by extension 'ignore'
[0.229s] Level 1:colcon.colcon_core.package_identification:_identify(src) by extension 'ignore_ament_install'
[0.229s] Level 1:colcon.colcon_core.package_identification:_identify(src) by extensions ['colcon_pkg']
[0.229s] Level 1:colcon.colcon_core.package_identification:_identify(src) by extension 'colcon_pkg'
[0.229s] Level 1:colcon.colcon_core.package_identification:_identify(src) by extensions ['colcon_meta']
[0.229s] Level 1:colcon.colcon_core.package_identification:_identify(src) by extension 'colcon_meta'
[0.229s] Level 1:colcon.colcon_core.package_identification:_identify(src) by extensions ['ros']
[0.229s] Level 1:colcon.colcon_core.package_identification:_identify(src) by extension 'ros'
[0.229s] Level 1:colcon.colcon_core.package_identification:_identify(src) by extensions ['cmake', 'python']
[0.229s] Level 1:colcon.colcon_core.package_identification:_identify(src) by extension 'cmake'
[0.229s] Level 1:colcon.colcon_core.package_identification:_identify(src) by extension 'python'
[0.229s] Level 1:colcon.colcon_core.package_identification:_identify(src) by extensions ['python_setup_py']
[0.229s] Level 1:colcon.colcon_core.package_identification:_identify(src) by extension 'python_setup_py'
[0.229s] Level 1:colcon.colcon_core.package_identification:_identify(src/musia_arduino_bridge) by extensions ['ignore', 'ignore_ament_install']
[0.229s] Level 1:colcon.colcon_core.package_identification:_identify(src/musia_arduino_bridge) by extension 'ignore'
[0.229s] Level 1:colcon.colcon_core.package_identification:_identify(src/musia_arduino_bridge) by extension 'ignore_ament_install'
[0.229s] Level 1:colcon.colcon_core.package_identification:_identify(src/musia_arduino_bridge) by extensions ['colcon_pkg']
[0.229s] Level 1:colcon.colcon_core.package_identification:_identify(src/musia_arduino_bridge) by extension 'colcon_pkg'
[0.229s] Level 1:colcon.colcon_core.package_identification:_identify(src/musia_arduino_bridge) by extensions ['colcon_meta']
[0.229s] Level 1:colcon.colcon_core.package_identification:_identify(src/musia_arduino_bridge) by extension 'colcon_meta'
[0.230s] Level 1:colcon.colcon_core.package_identification:_identify(src/musia_arduino_bridge) by extensions ['ros']
[0.230s] Level 1:colcon.colcon_core.package_identification:_identify(src/musia_arduino_bridge) by extension 'ros'
[0.235s] DEBUG:colcon.colcon_core.package_identification:Package 'src/musia_arduino_bridge' with type 'ros.ament_python' and name 'musia_arduino_bridge'
[0.235s] Level 1:colcon.colcon_core.package_identification:_identify(src/musia_bringup) by extensions ['ignore', 'ignore_ament_install']
[0.235s] Level 1:colcon.colcon_core.package_identification:_identify(src/musia_bringup) by extension 'ignore'
[0.235s] Level 1:colcon.colcon_core.package_identification:_identify(src/musia_bringup) by extension 'ignore_ament_install'
[0.235s] Level 1:colcon.colcon_core.package_identification:_identify(src/musia_bringup) by extensions ['colcon_pkg']
[0.235s] Level 1:colcon.colcon_core.package_identification:_identify(src/musia_bringup) by extension 'colcon_pkg'
[0.235s] Level 1:colcon.colcon_core.package_identification:_identify(src/musia_bringup) by extensions ['colcon_meta']
[0.235s] Level 1:colcon.colcon_core.package_identification:_identify(src/musia_bringup) by extension 'colcon_meta'
[0.235s] Level 1:colcon.colcon_core.package_identification:_identify(src/musia_bringup) by extensions ['ros']
[0.235s] Level 1:colcon.colcon_core.package_identification:_identify(src/musia_bringup) by extension 'ros'
[0.236s] DEBUG:colcon.colcon_core.package_identification:Package 'src/musia_bringup' with type 'ros.ament_python' and name 'musia_bringup'
[0.236s] Level 1:colcon.colcon_core.package_identification:_identify(src/musia_msgs) by extensions ['ignore', 'ignore_ament_install']
[0.236s] Level 1:colcon.colcon_core.package_identification:_identify(src/musia_msgs) by extension 'ignore'
[0.236s] Level 1:colcon.colcon_core.package_identification:_identify(src/musia_msgs) by extension 'ignore_ament_install'
[0.236s] Level 1:colcon.colcon_core.package_identification:_identify(src/musia_msgs) by extensions ['colcon_pkg']
[0.236s] Level 1:colcon.colcon_core.package_identification:_identify(src/musia_msgs) by extension 'colcon_pkg'
[0.236s] Level 1:colcon.colcon_core.package_identification:_identify(src/musia_msgs) by extensions ['colcon_meta']
[0.236s] Level 1:colcon.colcon_core.package_identification:_identify(src/musia_msgs) by extension 'colcon_meta'
[0.236s] Level 1:colcon.colcon_core.package_identification:_identify(src/musia_msgs) by extensions ['ros']
[0.236s] Level 1:colcon.colcon_core.package_identification:_identify(src/musia_msgs) by extension 'ros'
[0.237s] DEBUG:colcon.colcon_core.package_identification:Package 'src/musia_msgs' with type 'ros.ament_cmake' and name 'musia_msgs'
[0.237s] Level 1:colcon.colcon_core.package_identification:_identify(src/musia_tour_manager) by extensions ['ignore', 'ignore_ament_install']
[0.237s] Level 1:colcon.colcon_core.package_identification:_identify(src/musia_tour_manager) by extension 'ignore'
[0.237s] Level 1:colcon.colcon_core.package_identification:_identify(src/musia_tour_manager) by extension 'ignore_ament_install'
[0.237s] Level 1:colcon.colcon_core.package_identification:_identify(src/musia_tour_manager) by extensions ['colcon_pkg']
[0.237s] Level 1:colcon.colcon_core.package_identification:_identify(src/musia_tour_manager) by extension 'colcon_pkg'
[0.237s] Level 1:colcon.colcon_core.package_identification:_identify(src/musia_tour_manager) by extensions ['colcon_meta']
[0.237s] Level 1:colcon.colcon_core.package_identification:_identify(src/musia_tour_manager) by extension 'colcon_meta'
[0.237s] Level 1:colcon.colcon_core.package_identification:_identify(src/musia_tour_manager) by extensions ['ros']
[0.237s] Level 1:colcon.colcon_core.package_identification:_identify(src/musia_tour_manager) by extension 'ros'
[0.238s] DEBUG:colcon.colcon_core.package_identification:Package 'src/musia_tour_manager' with type 'ros.ament_python' and name 'musia_tour_manager'
[0.238s] Level 1:colcon.colcon_core.package_discovery:discover_packages(recursive) using defaults
[0.238s] Level 1:colcon.colcon_core.package_discovery:discover_packages(ignore) discover
[0.238s] Level 1:colcon.colcon_core.package_discovery:discover_packages(ignore) using defaults
[0.238s] Level 1:colcon.colcon_core.package_discovery:discover_packages(path) discover
[0.238s] Level 1:colcon.colcon_core.package_discovery:discover_packages(path) using defaults
[0.261s] INFO:colcon.colcon_core.package_selection:Skipping not selected package 'musia_msgs' in 'src/musia_msgs'
[0.261s] INFO:colcon.colcon_core.package_selection:Skipping not selected package 'musia_bringup' in 'src/musia_bringup'
[0.262s] INFO:colcon.colcon_core.package_selection:Skipping not selected package 'musia_tour_manager' in 'src/musia_tour_manager'
[0.262s] Level 1:colcon.colcon_core.package_discovery:discover_packages(prefix_path) check parameters
[0.262s] Level 1:colcon.colcon_core.package_discovery:discover_packages(prefix_path) discover
[0.264s] DEBUG:colcon.colcon_installed_package_information.package_discovery:Found 4 installed packages in /home/kango/musia_ws/install
[0.267s] DEBUG:colcon.colcon_installed_package_information.package_discovery:Found 313 installed packages in /opt/ros/jazzy
[0.268s] Level 1:colcon.colcon_core.package_discovery:discover_packages(prefix_path) using defaults
[0.324s] Level 5:colcon.colcon_core.verb:set package 'musia_arduino_bridge' build argument 'cmake_args' from command line to 'None'
[0.324s] Level 5:colcon.colcon_core.verb:set package 'musia_arduino_bridge' build argument 'cmake_target' from command line to 'None'
[0.324s] Level 5:colcon.colcon_core.verb:set package 'musia_arduino_bridge' build argument 'cmake_target_skip_unavailable' from command line to 'False'
[0.324s] Level 5:colcon.colcon_core.verb:set package 'musia_arduino_bridge' build argument 'cmake_clean_cache' from command line to 'False'
[0.324s] Level 5:colcon.colcon_core.verb:set package 'musia_arduino_bridge' build argument 'cmake_clean_first' from command line to 'False'
[0.324s] Level 5:colcon.colcon_core.verb:set package 'musia_arduino_bridge' build argument 'cmake_force_configure' from command line to 'False'
[0.324s] Level 5:colcon.colcon_core.verb:set package 'musia_arduino_bridge' build argument 'ament_cmake_args' from command line to 'None'
[0.325s] Level 5:colcon.colcon_core.verb:set package 'musia_arduino_bridge' build argument 'catkin_cmake_args' from command line to 'None'
[0.325s] Level 5:colcon.colcon_core.verb:set package 'musia_arduino_bridge' build argument 'catkin_skip_building_tests' from command line to 'False'
[0.325s] DEBUG:colcon.colcon_core.verb:Building package 'musia_arduino_bridge' with the following arguments: {'ament_cmake_args': None, 'build_base': '/home/kango/musia_ws/build/musia_arduino_bridge', 'catkin_cmake_args': None, 'catkin_skip_building_tests': False, 'cmake_args': None, 'cmake_clean_cache': False, 'cmake_clean_first': False, 'cmake_force_configure': False, 'cmake_target': None, 'cmake_target_skip_unavailable': False, 'install_base': '/home/kango/musia_ws/install/musia_arduino_bridge', 'merge_install': False, 'path': '/home/kango/musia_ws/src/musia_arduino_bridge', 'symlink_install': True, 'test_result_base': None}
[0.325s] INFO:colcon.colcon_core.executor:Executing jobs using 'parallel' executor
[0.326s] DEBUG:colcon.colcon_parallel_executor.executor.parallel:run_until_complete
[0.326s] INFO:colcon.colcon_ros.task.ament_python.build:Building ROS package in '/home/kango/musia_ws/src/musia_arduino_bridge' with build type 'ament_python'
[0.327s] Level 1:colcon.colcon_core.shell:create_environment_hook('musia_arduino_bridge', 'ament_prefix_path')
[0.329s] INFO:colcon.colcon_core.plugin_system:Skipping extension 'colcon_core.shell.bat': Not used on non-Windows systems
[0.329s] INFO:colcon.colcon_core.shell:Creating environment hook '/home/kango/musia_ws/install/musia_arduino_bridge/share/musia_arduino_bridge/hook/ament_prefix_path.ps1'
[0.330s] INFO:colcon.colcon_core.shell:Creating environment descriptor '/home/kango/musia_ws/install/musia_arduino_bridge/share/musia_arduino_bridge/hook/ament_prefix_path.dsv'
[0.331s] INFO:colcon.colcon_core.shell:Creating environment hook '/home/kango/musia_ws/install/musia_arduino_bridge/share/musia_arduino_bridge/hook/ament_prefix_path.sh'
[0.332s] INFO:colcon.colcon_core.shell:Skip shell extension 'powershell' for command environment: Not usable outside of PowerShell
[0.332s] DEBUG:colcon.colcon_core.shell:Skip shell extension 'dsv' for command environment
[0.633s] INFO:colcon.colcon_core.task.python.build:Building Python package in '/home/kango/musia_ws/src/musia_arduino_bridge'
[0.633s] INFO:colcon.colcon_core.shell:Skip shell extension 'powershell' for command environment: Not usable outside of PowerShell
[0.633s] DEBUG:colcon.colcon_core.shell:Skip shell extension 'dsv' for command environment
[1.404s] DEBUG:colcon.colcon_core.event_handler.log_command:Invoking command in '/home/kango/musia_ws/build/musia_arduino_bridge': PYTHONPATH=/home/kango/musia_ws/build/musia_arduino_bridge/prefix_override:/usr/lib/python3/dist-packages/colcon_core/task/python/colcon_distutils_commands:/home/kango/musia_ws/install/musia_arduino_bridge/lib/python3.12/site-packages:${PYTHONPATH} /usr/bin/python3 -W ignore:setup.py install is deprecated -W ignore:easy_install command is deprecated setup.py develop --editable --build-directory /home/kango/musia_ws/build/musia_arduino_bridge/build --no-deps symlink_data
[2.204s] Level 1:colcon.colcon_core.shell:create_environment_hook('musia_arduino_bridge', 'pythonpath_develop')
[2.204s] INFO:colcon.colcon_core.shell:Creating environment hook '/home/kango/musia_ws/build/musia_arduino_bridge/share/musia_arduino_bridge/hook/pythonpath_develop.ps1'
[2.205s] DEBUG:colcon.colcon_core.event_handler.log_command:Invoked command in '/home/kango/musia_ws/build/musia_arduino_bridge' returned '0': PYTHONPATH=/home/kango/musia_ws/build/musia_arduino_bridge/prefix_override:/usr/lib/python3/dist-packages/colcon_core/task/python/colcon_distutils_commands:/home/kango/musia_ws/install/musia_arduino_bridge/lib/python3.12/site-packages:${PYTHONPATH} /usr/bin/python3 -W ignore:setup.py install is deprecated -W ignore:easy_install command is deprecated setup.py develop --editable --build-directory /home/kango/musia_ws/build/musia_arduino_bridge/build --no-deps symlink_data
[2.205s] INFO:colcon.colcon_core.shell:Creating environment descriptor '/home/kango/musia_ws/build/musia_arduino_bridge/share/musia_arduino_bridge/hook/pythonpath_develop.dsv'
[2.206s] INFO:colcon.colcon_core.shell:Creating environment hook '/home/kango/musia_ws/build/musia_arduino_bridge/share/musia_arduino_bridge/hook/pythonpath_develop.sh'
[2.209s] Level 1:colcon.colcon_core.environment:checking '/home/kango/musia_ws/install/musia_arduino_bridge' for CMake module files
[2.210s] Level 1:colcon.colcon_core.environment:checking '/home/kango/musia_ws/install/musia_arduino_bridge' for CMake config files
[2.211s] Level 1:colcon.colcon_core.environment:checking '/home/kango/musia_ws/install/musia_arduino_bridge/lib'
[2.211s] Level 1:colcon.colcon_core.environment:checking '/home/kango/musia_ws/install/musia_arduino_bridge/bin'
[2.211s] Level 1:colcon.colcon_core.shell:create_environment_hook('musia_arduino_bridge', 'path')
[2.211s] INFO:colcon.colcon_core.shell:Creating environment hook '/home/kango/musia_ws/install/musia_arduino_bridge/share/musia_arduino_bridge/hook/path.ps1'
[2.212s] INFO:colcon.colcon_core.shell:Creating environment descriptor '/home/kango/musia_ws/install/musia_arduino_bridge/share/musia_arduino_bridge/hook/path.dsv'
[2.213s] INFO:colcon.colcon_core.shell:Creating environment hook '/home/kango/musia_ws/install/musia_arduino_bridge/share/musia_arduino_bridge/hook/path.sh'
[2.213s] Level 1:colcon.colcon_core.environment:checking '/home/kango/musia_ws/install/musia_arduino_bridge/lib/pkgconfig/musia_arduino_bridge.pc'
[2.213s] Level 1:colcon.colcon_core.environment:checking '/home/kango/musia_ws/install/musia_arduino_bridge/lib/python3.12/site-packages'
[2.214s] Level 1:colcon.colcon_core.shell:create_environment_hook('musia_arduino_bridge', 'pythonpath')
[2.214s] INFO:colcon.colcon_core.shell:Creating environment hook '/home/kango/musia_ws/install/musia_arduino_bridge/share/musia_arduino_bridge/hook/pythonpath.ps1'
[2.214s] INFO:colcon.colcon_core.shell:Creating environment descriptor '/home/kango/musia_ws/install/musia_arduino_bridge/share/musia_arduino_bridge/hook/pythonpath.dsv'
[2.215s] INFO:colcon.colcon_core.shell:Creating environment hook '/home/kango/musia_ws/install/musia_arduino_bridge/share/musia_arduino_bridge/hook/pythonpath.sh'
[2.216s] Level 1:colcon.colcon_core.environment:checking '/home/kango/musia_ws/install/musia_arduino_bridge/bin'
[2.216s] Level 1:colcon.colcon_core.shell:create_environment_hook('musia_arduino_bridge', 'pythonscriptspath')
[2.217s] INFO:colcon.colcon_core.shell:Creating environment hook '/home/kango/musia_ws/install/musia_arduino_bridge/share/musia_arduino_bridge/hook/pythonscriptspath.ps1'
[2.217s] INFO:colcon.colcon_core.shell:Creating environment descriptor '/home/kango/musia_ws/install/musia_arduino_bridge/share/musia_arduino_bridge/hook/pythonscriptspath.dsv'
[2.218s] INFO:colcon.colcon_core.shell:Creating environment hook '/home/kango/musia_ws/install/musia_arduino_bridge/share/musia_arduino_bridge/hook/pythonscriptspath.sh'
[2.219s] Level 1:colcon.colcon_core.environment:create_environment_scripts_only(musia_arduino_bridge)
[2.219s] INFO:colcon.colcon_core.shell:Creating package script '/home/kango/musia_ws/install/musia_arduino_bridge/share/musia_arduino_bridge/package.ps1'
[2.221s] INFO:colcon.colcon_core.shell:Creating package descriptor '/home/kango/musia_ws/install/musia_arduino_bridge/share/musia_arduino_bridge/package.dsv'
[2.221s] INFO:colcon.colcon_core.shell:Creating package script '/home/kango/musia_ws/install/musia_arduino_bridge/share/musia_arduino_bridge/package.sh'
[2.222s] INFO:colcon.colcon_core.shell:Creating package script '/home/kango/musia_ws/install/musia_arduino_bridge/share/musia_arduino_bridge/package.bash'
[2.223s] INFO:colcon.colcon_core.shell:Creating package script '/home/kango/musia_ws/install/musia_arduino_bridge/share/musia_arduino_bridge/package.zsh'
[2.224s] Level 1:colcon.colcon_core.environment:create_file_with_runtime_dependencies(/home/kango/musia_ws/install/musia_arduino_bridge/share/colcon-core/packages/musia_arduino_bridge)
[2.225s] DEBUG:colcon.colcon_parallel_executor.executor.parallel:closing loop
[2.225s] DEBUG:colcon.colcon_parallel_executor.executor.parallel:loop closed
[2.225s] DEBUG:colcon.colcon_parallel_executor.executor.parallel:run_until_complete finished with '0'
[2.225s] DEBUG:colcon.colcon_core.event_reactor:joining thread
[2.226s] DEBUG:colcon.colcon_core.event_reactor:joined thread
[2.226s] INFO:colcon.colcon_core.shell:Creating prefix script '/home/kango/musia_ws/install/local_setup.ps1'
[2.227s] INFO:colcon.colcon_core.shell:Creating prefix util module '/home/kango/musia_ws/install/_local_setup_util_ps1.py'
[2.228s] INFO:colcon.colcon_core.shell:Creating prefix chain script '/home/kango/musia_ws/install/setup.ps1'
[2.230s] INFO:colcon.colcon_core.shell:Creating prefix script '/home/kango/musia_ws/install/local_setup.sh'
[2.231s] INFO:colcon.colcon_core.shell:Creating prefix util module '/home/kango/musia_ws/install/_local_setup_util_sh.py'
[2.231s] INFO:colcon.colcon_core.shell:Creating prefix chain script '/home/kango/musia_ws/install/setup.sh'
[2.233s] INFO:colcon.colcon_core.shell:Creating prefix script '/home/kango/musia_ws/install/local_setup.bash'
[2.233s] INFO:colcon.colcon_core.shell:Creating prefix chain script '/home/kango/musia_ws/install/setup.bash'
[2.235s] INFO:colcon.colcon_core.shell:Creating prefix script '/home/kango/musia_ws/install/local_setup.zsh'
[2.235s] INFO:colcon.colcon_core.shell:Creating prefix chain script '/home/kango/musia_ws/install/setup.zsh'
