running develop
running egg_info
writing musia_bringup.egg-info/PKG-INFO
writing dependency_links to musia_bringup.egg-info/dependency_links.txt
writing requirements to musia_bringup.egg-info/requires.txt
writing top-level names to musia_bringup.egg-info/top_level.txt
reading manifest file 'musia_bringup.egg-info/SOURCES.txt'
writing manifest file 'musia_bringup.egg-info/SOURCES.txt'
running build_ext
Creating /home/kango/musia_ws/install/musia_bringup/lib/python3.12/site-packages/musia-bringup.egg-link (link to .)

Installed /home/kango/musia_ws/build/musia_bringup
running symlink_data
symbolically linking /home/kango/musia_ws/build/musia_bringup/resource/musia_bringup -> /home/kango/musia_ws/install/musia_bringup/share/ament_index/resource_index/packages
symbolically linking /home/kango/musia_ws/build/musia_bringup/package.xml -> /home/kango/musia_ws/install/musia_bringup/share/musia_bringup
symbolically linking /home/kango/musia_ws/build/musia_bringup/launch/navigation.launch.py -> /home/kango/musia_ws/install/musia_bringup/share/musia_bringup/launch
symbolically linking /home/kango/musia_ws/build/musia_bringup/launch/demo.launch.py -> /home/kango/musia_ws/install/musia_bringup/share/musia_bringup/launch
symbolically linking /home/kango/musia_ws/build/musia_bringup/launch/musia.launch.py -> /home/kango/musia_ws/install/musia_bringup/share/musia_bringup/launch
symbolically linking /home/kango/musia_ws/build/musia_bringup/config/musia_params.yaml -> /home/kango/musia_ws/install/musia_bringup/share/musia_bringup/config
symbolically linking /home/kango/musia_ws/build/musia_bringup/config/nav2_params.yaml -> /home/kango/musia_ws/install/musia_bringup/share/musia_bringup/config
symbolically linking /home/kango/musia_ws/build/musia_bringup/maps/famienkro.pgm -> /home/kango/musia_ws/install/musia_bringup/share/musia_bringup/maps
symbolically linking /home/kango/musia_ws/build/musia_bringup/maps/famienkro.yaml -> /home/kango/musia_ws/install/musia_bringup/share/musia_bringup/maps
