[1.538s] Invoking command in '/home/kango/musia_ws/build/musia_bringup': PYTHONPATH=/home/kango/musia_ws/build/musia_bringup/prefix_override:/usr/lib/python3/dist-packages/colcon_core/task/python/colcon_distutils_commands:/home/kango/musia_ws/install/musia_bringup/lib/python3.12/site-packages:/home/kango/musia_ws/install/musia_msgs/lib/python3.12/site-packages:/home/kango/musia_ws/install/musia_tour_manager/lib/python3.12/site-packages:/home/kango/musia_ws/install/musia_bringup/lib/python3.12/site-packages:/home/kango/musia_ws/install/musia_arduino_bridge/lib/python3.12/site-packages:/opt/ros/jazzy/lib/python3.12/site-packages /usr/bin/python3 -W ignore:setup.py install is deprecated -W ignore:easy_install command is deprecated setup.py develop --editable --build-directory /home/kango/musia_ws/build/musia_bringup/build --no-deps symlink_data --force
[1.962s] running develop
[2.185s] running egg_info
[2.206s] writing musia_bringup.egg-info/PKG-INFO
[2.207s] writing dependency_links to musia_bringup.egg-info/dependency_links.txt
[2.207s] writing requirements to musia_bringup.egg-info/requires.txt
[2.207s] writing top-level names to musia_bringup.egg-info/top_level.txt
[2.234s] reading manifest file 'musia_bringup.egg-info/SOURCES.txt'
[2.236s] writing manifest file 'musia_bringup.egg-info/SOURCES.txt'
[2.260s] running build_ext
[2.282s] Creating /home/kango/musia_ws/install/musia_bringup/lib/python3.12/site-packages/musia-bringup.egg-link (link to .)
[2.283s] 
[2.283s] Installed /home/kango/musia_ws/build/musia_bringup
[2.283s] running symlink_data
[2.283s] symbolically linking /home/kango/musia_ws/build/musia_bringup/resource/musia_bringup -> /home/kango/musia_ws/install/musia_bringup/share/ament_index/resource_index/packages
[2.283s] symbolically linking /home/kango/musia_ws/build/musia_bringup/package.xml -> /home/kango/musia_ws/install/musia_bringup/share/musia_bringup
[2.284s] symbolically linking /home/kango/musia_ws/build/musia_bringup/launch/navigation.launch.py -> /home/kango/musia_ws/install/musia_bringup/share/musia_bringup/launch
[2.284s] symbolically linking /home/kango/musia_ws/build/musia_bringup/launch/demo.launch.py -> /home/kango/musia_ws/install/musia_bringup/share/musia_bringup/launch
[2.284s] symbolically linking /home/kango/musia_ws/build/musia_bringup/launch/musia.launch.py -> /home/kango/musia_ws/install/musia_bringup/share/musia_bringup/launch
[2.284s] symbolically linking /home/kango/musia_ws/build/musia_bringup/config/musia_params.yaml -> /home/kango/musia_ws/install/musia_bringup/share/musia_bringup/config
[2.285s] symbolically linking /home/kango/musia_ws/build/musia_bringup/config/nav2_params.yaml -> /home/kango/musia_ws/install/musia_bringup/share/musia_bringup/config
[2.285s] symbolically linking /home/kango/musia_ws/build/musia_bringup/maps/famienkro.pgm -> /home/kango/musia_ws/install/musia_bringup/share/musia_bringup/maps
[2.285s] symbolically linking /home/kango/musia_ws/build/musia_bringup/maps/famienkro.yaml -> /home/kango/musia_ws/install/musia_bringup/share/musia_bringup/maps
[2.442s] Invoked command in '/home/kango/musia_ws/build/musia_bringup' returned '0': PYTHONPATH=/home/kango/musia_ws/build/musia_bringup/prefix_override:/usr/lib/python3/dist-packages/colcon_core/task/python/colcon_distutils_commands:/home/kango/musia_ws/install/musia_bringup/lib/python3.12/site-packages:/home/kango/musia_ws/install/musia_msgs/lib/python3.12/site-packages:/home/kango/musia_ws/install/musia_tour_manager/lib/python3.12/site-packages:/home/kango/musia_ws/install/musia_bringup/lib/python3.12/site-packages:/home/kango/musia_ws/install/musia_arduino_bridge/lib/python3.12/site-packages:/opt/ros/jazzy/lib/python3.12/site-packages /usr/bin/python3 -W ignore:setup.py install is deprecated -W ignore:easy_install command is deprecated setup.py develop --editable --build-directory /home/kango/musia_ws/build/musia_bringup/build --no-deps symlink_data --force
