[1.080s] Invoking command in '/home/kango/musia_ws/build/musia_tour_manager': CMAKE_PREFIX_PATH=/home/kango/musia_ws/install/musia_msgs:/home/kango/musia_ws/install/musia_bringup:/opt/ros/jazzy/opt/gz_sim_vendor:/opt/ros/jazzy/opt/gz_sensors_vendor:/opt/ros/jazzy/opt/gz_physics_vendor:/opt/ros/jazzy/opt/sdformat_vendor:/opt/ros/jazzy/opt/gz_gui_vendor:/opt/ros/jazzy/opt/gz_transport_vendor:/opt/ros/jazzy/opt/gz_rendering_vendor:/opt/ros/jazzy/opt/gz_plugin_vendor:/opt/ros/jazzy/opt/gz_fuel_tools_vendor:/opt/ros/jazzy/opt/gz_msgs_vendor:/opt/ros/jazzy/opt/gz_common_vendor:/opt/ros/jazzy/opt/gz_math_vendor:/opt/ros/jazzy/opt/gz_utils_vendor:/opt/ros/jazzy/opt/gz_tools_vendor:/opt/ros/jazzy/opt/gz_ogre_next_vendor:/opt/ros/jazzy/opt/gz_dartsim_vendor:/opt/ros/jazzy/opt/gz_cmake_vendor PYTHONPATH=/home/kango/musia_ws/build/musia_tour_manager/prefix_override:/usr/lib/python3/dist-packages/colcon_core/task/python/colcon_distutils_commands:/home/kango/musia_ws/install/musia_tour_manager/lib/python3.12/site-packages:/home/kango/musia_ws/install/musia_msgs/lib/python3.12/site-packages:/home/kango/musia_ws/build/musia_tour_manager:/home/kango/musia_ws/install/musia_tour_manager/lib/python3.12/site-packages:/home/kango/musia_ws/build/musia_bringup:/home/kango/musia_ws/install/musia_bringup/lib/python3.12/site-packages:/home/kango/musia_ws/build/musia_arduino_bridge:/home/kango/musia_ws/install/musia_arduino_bridge/lib/python3.12/site-packages:/opt/ros/jazzy/lib/python3.12/site-packages /usr/bin/python3 -W ignore:setup.py install is deprecated -W ignore:easy_install command is deprecated setup.py develop --editable --build-directory /home/kango/musia_ws/build/musia_tour_manager/build --no-deps symlink_data --force
[1.478s] running develop
[1.703s] running egg_info
[1.725s] writing musia_tour_manager.egg-info/PKG-INFO
[1.725s] writing dependency_links to musia_tour_manager.egg-info/dependency_links.txt
[1.726s] writing entry points to musia_tour_manager.egg-info/entry_points.txt
[1.727s] writing requirements to musia_tour_manager.egg-info/requires.txt
[1.727s] writing top-level names to musia_tour_manager.egg-info/top_level.txt
[1.774s] reading manifest file 'musia_tour_manager.egg-info/SOURCES.txt'
[1.774s] writing manifest file 'musia_tour_manager.egg-info/SOURCES.txt'
[1.799s] running build_ext
[1.799s] Creating /home/kango/musia_ws/install/musia_tour_manager/lib/python3.12/site-packages/musia-tour-manager.egg-link (link to .)
[1.799s] Installing tour_manager_node script to /home/kango/musia_ws/install/musia_tour_manager/bin
[1.800s] 
[1.800s] Installed /home/kango/musia_ws/build/musia_tour_manager
[1.800s] running symlink_data
[1.800s] symbolically linking /home/kango/musia_ws/build/musia_tour_manager/resource/musia_tour_manager -> /home/kango/musia_ws/install/musia_tour_manager/share/ament_index/resource_index/packages
[1.800s] symbolically linking /home/kango/musia_ws/build/musia_tour_manager/package.xml -> /home/kango/musia_ws/install/musia_tour_manager/share/musia_tour_manager
[1.800s] symbolically linking /home/kango/musia_ws/build/musia_tour_manager/scripts/tour_manager_node -> /home/kango/musia_ws/install/musia_tour_manager/lib/musia_tour_manager
[1.884s] Invoked command in '/home/kango/musia_ws/build/musia_tour_manager' returned '0': CMAKE_PREFIX_PATH=/home/kango/musia_ws/install/musia_msgs:/home/kango/musia_ws/install/musia_bringup:/opt/ros/jazzy/opt/gz_sim_vendor:/opt/ros/jazzy/opt/gz_sensors_vendor:/opt/ros/jazzy/opt/gz_physics_vendor:/opt/ros/jazzy/opt/sdformat_vendor:/opt/ros/jazzy/opt/gz_gui_vendor:/opt/ros/jazzy/opt/gz_transport_vendor:/opt/ros/jazzy/opt/gz_rendering_vendor:/opt/ros/jazzy/opt/gz_plugin_vendor:/opt/ros/jazzy/opt/gz_fuel_tools_vendor:/opt/ros/jazzy/opt/gz_msgs_vendor:/opt/ros/jazzy/opt/gz_common_vendor:/opt/ros/jazzy/opt/gz_math_vendor:/opt/ros/jazzy/opt/gz_utils_vendor:/opt/ros/jazzy/opt/gz_tools_vendor:/opt/ros/jazzy/opt/gz_ogre_next_vendor:/opt/ros/jazzy/opt/gz_dartsim_vendor:/opt/ros/jazzy/opt/gz_cmake_vendor PYTHONPATH=/home/kango/musia_ws/build/musia_tour_manager/prefix_override:/usr/lib/python3/dist-packages/colcon_core/task/python/colcon_distutils_commands:/home/kango/musia_ws/install/musia_tour_manager/lib/python3.12/site-packages:/home/kango/musia_ws/install/musia_msgs/lib/python3.12/site-packages:/home/kango/musia_ws/build/musia_tour_manager:/home/kango/musia_ws/install/musia_tour_manager/lib/python3.12/site-packages:/home/kango/musia_ws/build/musia_bringup:/home/kango/musia_ws/install/musia_bringup/lib/python3.12/site-packages:/home/kango/musia_ws/build/musia_arduino_bridge:/home/kango/musia_ws/install/musia_arduino_bridge/lib/python3.12/site-packages:/opt/ros/jazzy/lib/python3.12/site-packages /usr/bin/python3 -W ignore:setup.py install is deprecated -W ignore:easy_install command is deprecated setup.py develop --editable --build-directory /home/kango/musia_ws/build/musia_tour_manager/build --no-deps symlink_data --force
