[0.035s] Invoking command in '/home/kango/musia_ws/build/musia_msgs': CMAKE_PREFIX_PATH=${CMAKE_PREFIX_PATH}:/home/kango/musia_ws/install/musia_tour_manager:/home/kango/musia_ws/install/musia_bringup:/home/kango/musia_ws/install/musia_arduino_bridge:/opt/ros/jazzy /usr/bin/cmake /home/kango/musia_ws/src/musia_msgs -DAMENT_CMAKE_SYMLINK_INSTALL=1 -DCMAKE_INSTALL_PREFIX=/home/kango/musia_ws/install/musia_msgs
[0.403s] -- Found ament_cmake: 2.5.6 (/opt/ros/jazzy/share/ament_cmake/cmake)
[0.423s] -- Override CMake install command with custom implementation using symlinks instead of copying resources
[0.460s] -- Found std_msgs: 5.3.7 (/opt/ros/jazzy/share/std_msgs/cmake)
[0.520s] -- Found rosidl_generator_c: 4.6.7 (/opt/ros/jazzy/share/rosidl_generator_c/cmake)
[0.541s] -- Found rosidl_generator_cpp: 4.6.7 (/opt/ros/jazzy/share/rosidl_generator_cpp/cmake)
[0.568s] -- Using all available rosidl_typesupport_c: rosidl_typesupport_fastrtps_c;rosidl_typesupport_introspection_c
[0.596s] -- Using all available rosidl_typesupport_cpp: rosidl_typesupport_fastrtps_cpp;rosidl_typesupport_introspection_cpp
[0.646s] -- Found geometry_msgs: 5.3.7 (/opt/ros/jazzy/share/geometry_msgs/cmake)
[0.672s] -- Found rosidl_default_generators: 1.6.0 (/opt/ros/jazzy/share/rosidl_default_generators/cmake)
[0.696s] -- Found rosidl_adapter: 4.6.7 (/opt/ros/jazzy/share/rosidl_adapter/cmake)
[1.326s] -- Found ament_cmake_ros: 0.12.0 (/opt/ros/jazzy/share/ament_cmake_ros/cmake)
[1.807s] -- Using all available rosidl_typesupport_c: rosidl_typesupport_fastrtps_c;rosidl_typesupport_introspection_c
[1.987s] -- Using all available rosidl_typesupport_cpp: rosidl_typesupport_fastrtps_cpp;rosidl_typesupport_introspection_cpp
[1.991s] -- Found python_cmake_module: 0.11.1 (/opt/ros/jazzy/share/python_cmake_module/cmake)
[2.503s] -- Found Python3: /usr/bin/python3 (found version "3.12.3") found components: Interpreter Development NumPy Development.Module Development.Embed 
[2.642s] -- Found Python3: /usr/bin/python3 (found version "3.12.3") found components: Interpreter 
[2.675s] -- Configuring done (2.5s)
[2.891s] -- Generating done (0.2s)
[2.928s] -- Build files have been written to: /home/kango/musia_ws/build/musia_msgs
[2.951s] Invoked command in '/home/kango/musia_ws/build/musia_msgs' returned '0': CMAKE_PREFIX_PATH=${CMAKE_PREFIX_PATH}:/home/kango/musia_ws/install/musia_tour_manager:/home/kango/musia_ws/install/musia_bringup:/home/kango/musia_ws/install/musia_arduino_bridge:/opt/ros/jazzy /usr/bin/cmake /home/kango/musia_ws/src/musia_msgs -DAMENT_CMAKE_SYMLINK_INSTALL=1 -DCMAKE_INSTALL_PREFIX=/home/kango/musia_ws/install/musia_msgs
[2.953s] Invoking command in '/home/kango/musia_ws/build/musia_msgs': CMAKE_PREFIX_PATH=${CMAKE_PREFIX_PATH}:/home/kango/musia_ws/install/musia_tour_manager:/home/kango/musia_ws/install/musia_bringup:/home/kango/musia_ws/install/musia_arduino_bridge:/opt/ros/jazzy /usr/bin/cmake --build /home/kango/musia_ws/build/musia_msgs -- -j4 -l4
[3.061s] failed to create symbolic link '/home/kango/musia_ws/build/musia_msgs/ament_cmake_python/musia_msgs/musia_msgs' because existing path cannot be removed: Is a directory
[3.062s] [  2%] Built target musia_msgs__rosidl_generator_type_description
[3.062s] [  2%] Built target musia_msgs__rs
[3.063s] gmake[2]: *** [CMakeFiles/ament_cmake_python_symlink_musia_msgs.dir/build.make:70: CMakeFiles/ament_cmake_python_symlink_musia_msgs] Error 1
[3.063s] gmake[1]: *** [CMakeFiles/Makefile2:471: CMakeFiles/ament_cmake_python_symlink_musia_msgs.dir/all] Error 2
[3.063s] gmake[1]: *** Waiting for unfinished jobs....
[3.063s] gmake: *** [Makefile:146: all] Error 2
[3.066s] Invoked command in '/home/kango/musia_ws/build/musia_msgs' returned '2': CMAKE_PREFIX_PATH=${CMAKE_PREFIX_PATH}:/home/kango/musia_ws/install/musia_tour_manager:/home/kango/musia_ws/install/musia_bringup:/home/kango/musia_ws/install/musia_arduino_bridge:/opt/ros/jazzy /usr/bin/cmake --build /home/kango/musia_ws/build/musia_msgs -- -j4 -l4
