[0.136s] DEBUG:colcon:Command line arguments: ['/usr/bin/colcon', 'build', '--packages-select', 'musia_msgs']
[0.136s] DEBUG:colcon:Parsed command line arguments: Namespace(log_base=None, log_level=None, verb_name='build', build_base='build', install_base='install', merge_install=False, symlink_install=False, test_result_base=None, continue_on_error=False, executor='parallel', parallel_workers=4, event_handlers=None, ignore_user_meta=False, metas=['./colcon.meta'], base_paths=['.'], packages_ignore=None, packages_ignore_regex=None, paths=None, packages_up_to=None, packages_up_to_regex=None, packages_above=None, packages_above_and_dependencies=None, packages_above_depth=None, packages_select_by_dep=None, packages_skip_by_dep=None, packages_skip_up_to=None, packages_select_build_failed=False, packages_skip_build_finished=False, packages_select_test_failures=False, packages_skip_test_passed=False, packages_select=['musia_msgs'], packages_skip=None, packages_select_regex=None, packages_skip_regex=None, packages_start=None, packages_end=None, allow_overriding=[], cmake_args=None, cmake_target=None, cmake_target_skip_unavailable=False, cmake_clean_cache=False, cmake_clean_first=False, cmake_force_configure=False, ament_cmake_args=None, catkin_cmake_args=None, catkin_skip_building_tests=False, verb_parser=<colcon_defaults.argument_parser.defaults.DefaultArgumentsDecorator object at 0xffff8f66b4a0>, verb_extension=<colcon_core.verb.build.BuildVerb object at 0xffff8f827fe0>, main=<bound method BuildVerb.main of <colcon_core.verb.build.BuildVerb object at 0xffff8f827fe0>>)
[0.192s] Level 1:colcon.colcon_core.package_discovery:discover_packages(colcon_meta) check parameters
[0.192s] Level 1:colcon.colcon_core.package_discovery:discover_packages(recursive) check parameters
[0.192s] Level 1:colcon.colcon_core.package_discovery:discover_packages(ignore) check parameters
[0.192s] Level 1:colcon.colcon_core.package_discovery:discover_packages(path) check parameters
[0.192s] Level 1:colcon.colcon_core.package_discovery:discover_packages(colcon_meta) discover
[0.192s] Level 1:colcon.colcon_core.package_discovery:discover_packages(recursive) discover
[0.192s] INFO:colcon.colcon_core.package_discovery:Crawling recursively for packages in '/home/kango/musia_ws'
[0.192s] Level 1:colcon.colcon_core.package_identification:_identify(.) by extensions ['ignore', 'ignore_ament_install']
[0.192s] Level 1:colcon.colcon_core.package_identification:_identify(.) by extension 'ignore'
[0.192s] Level 1:colcon.colcon_core.package_identification:_identify(.) by extension 'ignore_ament_install'
[0.192s] Level 1:colcon.colcon_core.package_identification:_identify(.) by extensions ['colcon_pkg']
[0.192s] Level 1:colcon.colcon_core.package_identification:_identify(.) by extension 'colcon_pkg'
[0.193s] Level 1:colcon.colcon_core.package_identification:_identify(.) by extensions ['colcon_meta']
[0.193s] Level 1:colcon.colcon_core.package_identification:_identify(.) by extension 'colcon_meta'
[0.193s] Level 1:colcon.colcon_core.package_identification:_identify(.) by extensions ['ros']
[0.193s] Level 1:colcon.colcon_core.package_identification:_identify(.) by extension 'ros'
[0.228s] Level 1:colcon.colcon_core.package_identification:_identify(.) by extensions ['cmake', 'python']
[0.228s] Level 1:colcon.colcon_core.package_identification:_identify(.) by extension 'cmake'
[0.228s] Level 1:colcon.colcon_core.package_identification:_identify(.) by extension 'python'
[0.228s] Level 1:colcon.colcon_core.package_identification:_identify(.) by extensions ['python_setup_py']
[0.228s] Level 1:colcon.colcon_core.package_identification:_identify(.) by extension 'python_setup_py'
[0.229s] Level 1:colcon.colcon_core.package_identification:_identify(build) by extensions ['ignore', 'ignore_ament_install']
[0.229s] Level 1:colcon.colcon_core.package_identification:_identify(build) by extension 'ignore'
[0.229s] Level 1:colcon.colcon_core.package_identification:_identify(build) ignored
[0.229s] Level 1:colcon.colcon_core.package_identification:_identify(install) by extensions ['ignore', 'ignore_ament_install']
[0.229s] Level 1:colcon.colcon_core.package_identification:_identify(install) by extension 'ignore'
[0.229s] Level 1:colcon.colcon_core.package_identification:_identify(install) ignored
[0.229s] Level 1:colcon.colcon_core.package_identification:_identify(log) by extensions ['ignore', 'ignore_ament_install']
[0.229s] Level 1:colcon.colcon_core.package_identification:_identify(log) by extension 'ignore'
[0.229s] Level 1:colcon.colcon_core.package_identification:_identify(log) ignored
[0.229s] Level 1:colcon.colcon_core.package_identification:_identify(src) by extensions ['ignore', 'ignore_ament_install']
[0.230s] Level 1:colcon.colcon_core.package_identification:_identify(src) by extension 'ignore'
[0.230s] Level 1:colcon.colcon_core.package_identification:_identify(src) by extension 'ignore_ament_install'
[0.230s] Level 1:colcon.colcon_core.package_identification:_identify(src) by extensions ['colcon_pkg']
[0.230s] Level 1:colcon.colcon_core.package_identification:_identify(src) by extension 'colcon_pkg'
[0.230s] Level 1:colcon.colcon_core.package_identification:_identify(src) by extensions ['colcon_meta']
[0.230s] Level 1:colcon.colcon_core.package_identification:_identify(src) by extension 'colcon_meta'
[0.230s] Level 1:colcon.colcon_core.package_identification:_identify(src) by extensions ['ros']
[0.230s] Level 1:colcon.colcon_core.package_identification:_identify(src) by extension 'ros'
[0.230s] Level 1:colcon.colcon_core.package_identification:_identify(src) by extensions ['cmake', 'python']
[0.230s] Level 1:colcon.colcon_core.package_identification:_identify(src) by extension 'cmake'
[0.230s] Level 1:colcon.colcon_core.package_identification:_identify(src) by extension 'python'
[0.230s] Level 1:colcon.colcon_core.package_identification:_identify(src) by extensions ['python_setup_py']
[0.230s] Level 1:colcon.colcon_core.package_identification:_identify(src) by extension 'python_setup_py'
[0.230s] Level 1:colcon.colcon_core.package_identification:_identify(src/arduino_bridge) by extensions ['ignore', 'ignore_ament_install']
[0.230s] Level 1:colcon.colcon_core.package_identification:_identify(src/arduino_bridge) by extension 'ignore'
[0.230s] Level 1:colcon.colcon_core.package_identification:_identify(src/arduino_bridge) by extension 'ignore_ament_install'
[0.230s] Level 1:colcon.colcon_core.package_identification:_identify(src/arduino_bridge) by extensions ['colcon_pkg']
[0.230s] Level 1:colcon.colcon_core.package_identification:_identify(src/arduino_bridge) by extension 'colcon_pkg'
[0.230s] Level 1:colcon.colcon_core.package_identification:_identify(src/arduino_bridge) by extensions ['colcon_meta']
[0.230s] Level 1:colcon.colcon_core.package_identification:_identify(src/arduino_bridge) by extension 'colcon_meta'
[0.230s] Level 1:colcon.colcon_core.package_identification:_identify(src/arduino_bridge) by extensions ['ros']
[0.231s] Level 1:colcon.colcon_core.package_identification:_identify(src/arduino_bridge) by extension 'ros'
[0.231s] Level 1:colcon.colcon_core.package_identification:_identify(src/arduino_bridge) by extensions ['cmake', 'python']
[0.231s] Level 1:colcon.colcon_core.package_identification:_identify(src/arduino_bridge) by extension 'cmake'
[0.231s] Level 1:colcon.colcon_core.package_identification:_identify(src/arduino_bridge) by extension 'python'
[0.231s] Level 1:colcon.colcon_core.package_identification:_identify(src/arduino_bridge) by extensions ['python_setup_py']
[0.231s] Level 1:colcon.colcon_core.package_identification:_identify(src/arduino_bridge) by extension 'python_setup_py'
[0.231s] Level 1:colcon.colcon_core.package_identification:_identify(src/musia_msgs) by extensions ['ignore', 'ignore_ament_install']
[0.231s] Level 1:colcon.colcon_core.package_identification:_identify(src/musia_msgs) by extension 'ignore'
[0.231s] Level 1:colcon.colcon_core.package_identification:_identify(src/musia_msgs) by extension 'ignore_ament_install'
[0.231s] Level 1:colcon.colcon_core.package_identification:_identify(src/musia_msgs) by extensions ['colcon_pkg']
[0.231s] Level 1:colcon.colcon_core.package_identification:_identify(src/musia_msgs) by extension 'colcon_pkg'
[0.231s] Level 1:colcon.colcon_core.package_identification:_identify(src/musia_msgs) by extensions ['colcon_meta']
[0.231s] Level 1:colcon.colcon_core.package_identification:_identify(src/musia_msgs) by extension 'colcon_meta'
[0.231s] Level 1:colcon.colcon_core.package_identification:_identify(src/musia_msgs) by extensions ['ros']
[0.231s] Level 1:colcon.colcon_core.package_identification:_identify(src/musia_msgs) by extension 'ros'
[0.238s] DEBUG:colcon.colcon_core.package_identification:Package 'src/musia_msgs' with type 'ros.ament_cmake' and name 'musia_msgs'
[0.239s] Level 1:colcon.colcon_core.package_discovery:discover_packages(recursive) using defaults
[0.239s] Level 1:colcon.colcon_core.package_discovery:discover_packages(ignore) discover
[0.239s] Level 1:colcon.colcon_core.package_discovery:discover_packages(ignore) using defaults
[0.239s] Level 1:colcon.colcon_core.package_discovery:discover_packages(path) discover
[0.239s] Level 1:colcon.colcon_core.package_discovery:discover_packages(path) using defaults
[0.263s] Level 1:colcon.colcon_core.package_discovery:discover_packages(prefix_path) check parameters
[0.263s] Level 1:colcon.colcon_core.package_discovery:discover_packages(prefix_path) discover
[0.265s] DEBUG:colcon.colcon_installed_package_information.package_discovery:Found 0 installed packages in /home/kango/musia_ws/install
[0.267s] DEBUG:colcon.colcon_installed_package_information.package_discovery:Found 313 installed packages in /opt/ros/jazzy
[0.269s] Level 1:colcon.colcon_core.package_discovery:discover_packages(prefix_path) using defaults
[0.326s] Level 5:colcon.colcon_core.verb:set package 'musia_msgs' build argument 'cmake_args' from command line to 'None'
[0.326s] Level 5:colcon.colcon_core.verb:set package 'musia_msgs' build argument 'cmake_target' from command line to 'None'
[0.326s] Level 5:colcon.colcon_core.verb:set package 'musia_msgs' build argument 'cmake_target_skip_unavailable' from command line to 'False'
[0.326s] Level 5:colcon.colcon_core.verb:set package 'musia_msgs' build argument 'cmake_clean_cache' from command line to 'False'
[0.326s] Level 5:colcon.colcon_core.verb:set package 'musia_msgs' build argument 'cmake_clean_first' from command line to 'False'
[0.326s] Level 5:colcon.colcon_core.verb:set package 'musia_msgs' build argument 'cmake_force_configure' from command line to 'False'
[0.326s] Level 5:colcon.colcon_core.verb:set package 'musia_msgs' build argument 'ament_cmake_args' from command line to 'None'
[0.326s] Level 5:colcon.colcon_core.verb:set package 'musia_msgs' build argument 'catkin_cmake_args' from command line to 'None'
[0.327s] Level 5:colcon.colcon_core.verb:set package 'musia_msgs' build argument 'catkin_skip_building_tests' from command line to 'False'
[0.327s] DEBUG:colcon.colcon_core.verb:Building package 'musia_msgs' with the following arguments: {'ament_cmake_args': None, 'build_base': '/home/kango/musia_ws/build/musia_msgs', 'catkin_cmake_args': None, 'catkin_skip_building_tests': False, 'cmake_args': None, 'cmake_clean_cache': False, 'cmake_clean_first': False, 'cmake_force_configure': False, 'cmake_target': None, 'cmake_target_skip_unavailable': False, 'install_base': '/home/kango/musia_ws/install/musia_msgs', 'merge_install': False, 'path': '/home/kango/musia_ws/src/musia_msgs', 'symlink_install': False, 'test_result_base': None}
[0.327s] INFO:colcon.colcon_core.executor:Executing jobs using 'parallel' executor
[0.328s] DEBUG:colcon.colcon_parallel_executor.executor.parallel:run_until_complete
[0.329s] INFO:colcon.colcon_ros.task.ament_cmake.build:Building ROS package in '/home/kango/musia_ws/src/musia_msgs' with build type 'ament_cmake'
[0.329s] INFO:colcon.colcon_cmake.task.cmake.build:Building CMake package in '/home/kango/musia_ws/src/musia_msgs'
[0.331s] INFO:colcon.colcon_core.plugin_system:Skipping extension 'colcon_core.shell.bat': Not used on non-Windows systems
[0.331s] INFO:colcon.colcon_core.shell:Skip shell extension 'powershell' for command environment: Not usable outside of PowerShell
[0.331s] DEBUG:colcon.colcon_core.shell:Skip shell extension 'dsv' for command environment
[0.342s] DEBUG:colcon.colcon_core.event_handler.log_command:Invoking command in '/home/kango/musia_ws/build/musia_msgs': CMAKE_PREFIX_PATH=${CMAKE_PREFIX_PATH}:/opt/ros/jazzy /usr/bin/cmake /home/kango/musia_ws/src/musia_msgs -DCMAKE_INSTALL_PREFIX=/home/kango/musia_ws/install/musia_msgs
[6.776s] DEBUG:colcon.colcon_core.event_handler.log_command:Invoked command in '/home/kango/musia_ws/build/musia_msgs' returned '0': CMAKE_PREFIX_PATH=${CMAKE_PREFIX_PATH}:/opt/ros/jazzy /usr/bin/cmake /home/kango/musia_ws/src/musia_msgs -DCMAKE_INSTALL_PREFIX=/home/kango/musia_ws/install/musia_msgs
[6.778s] DEBUG:colcon.colcon_core.event_handler.log_command:Invoking command in '/home/kango/musia_ws/build/musia_msgs': CMAKE_PREFIX_PATH=${CMAKE_PREFIX_PATH}:/opt/ros/jazzy /usr/bin/cmake --build /home/kango/musia_ws/build/musia_msgs -- -j4 -l4
[25.079s] DEBUG:colcon.colcon_core.event_handler.log_command:Invoked command in '/home/kango/musia_ws/build/musia_msgs' returned '0': CMAKE_PREFIX_PATH=${CMAKE_PREFIX_PATH}:/opt/ros/jazzy /usr/bin/cmake --build /home/kango/musia_ws/build/musia_msgs -- -j4 -l4
[25.098s] DEBUG:colcon.colcon_core.event_handler.log_command:Invoking command in '/home/kango/musia_ws/build/musia_msgs': CMAKE_PREFIX_PATH=${CMAKE_PREFIX_PATH}:/opt/ros/jazzy /usr/bin/cmake --install /home/kango/musia_ws/build/musia_msgs
[25.269s] Level 1:colcon.colcon_core.environment:create_environment_scripts_only(musia_msgs)
[25.269s] DEBUG:colcon.colcon_core.event_handler.log_command:Invoked command in '/home/kango/musia_ws/build/musia_msgs' returned '0': CMAKE_PREFIX_PATH=${CMAKE_PREFIX_PATH}:/opt/ros/jazzy /usr/bin/cmake --install /home/kango/musia_ws/build/musia_msgs
[25.277s] Level 1:colcon.colcon_core.environment:checking '/home/kango/musia_ws/install/musia_msgs' for CMake module files
[25.278s] Level 1:colcon.colcon_core.environment:checking '/home/kango/musia_ws/install/musia_msgs' for CMake config files
[25.280s] Level 1:colcon.colcon_core.shell:create_environment_hook('musia_msgs', 'cmake_prefix_path')
[25.280s] INFO:colcon.colcon_core.shell:Creating environment hook '/home/kango/musia_ws/install/musia_msgs/share/musia_msgs/hook/cmake_prefix_path.ps1'
[25.281s] INFO:colcon.colcon_core.shell:Creating environment descriptor '/home/kango/musia_ws/install/musia_msgs/share/musia_msgs/hook/cmake_prefix_path.dsv'
[25.282s] INFO:colcon.colcon_core.shell:Creating environment hook '/home/kango/musia_ws/install/musia_msgs/share/musia_msgs/hook/cmake_prefix_path.sh'
[25.283s] Level 1:colcon.colcon_core.environment:checking '/home/kango/musia_ws/install/musia_msgs/lib'
[25.284s] Level 1:colcon.colcon_core.shell:create_environment_hook('musia_msgs', 'ld_library_path_lib')
[25.284s] INFO:colcon.colcon_core.shell:Creating environment hook '/home/kango/musia_ws/install/musia_msgs/share/musia_msgs/hook/ld_library_path_lib.ps1'
[25.285s] INFO:colcon.colcon_core.shell:Creating environment descriptor '/home/kango/musia_ws/install/musia_msgs/share/musia_msgs/hook/ld_library_path_lib.dsv'
[25.285s] INFO:colcon.colcon_core.shell:Creating environment hook '/home/kango/musia_ws/install/musia_msgs/share/musia_msgs/hook/ld_library_path_lib.sh'
[25.285s] Level 1:colcon.colcon_core.environment:checking '/home/kango/musia_ws/install/musia_msgs/bin'
[25.286s] Level 1:colcon.colcon_core.environment:checking '/home/kango/musia_ws/install/musia_msgs/lib/pkgconfig/musia_msgs.pc'
[25.286s] Level 1:colcon.colcon_core.environment:checking '/home/kango/musia_ws/install/musia_msgs/lib/python3.12/site-packages'
[25.286s] Level 1:colcon.colcon_core.shell:create_environment_hook('musia_msgs', 'pythonpath')
[25.286s] INFO:colcon.colcon_core.shell:Creating environment hook '/home/kango/musia_ws/install/musia_msgs/share/musia_msgs/hook/pythonpath.ps1'
[25.287s] INFO:colcon.colcon_core.shell:Creating environment descriptor '/home/kango/musia_ws/install/musia_msgs/share/musia_msgs/hook/pythonpath.dsv'
[25.287s] INFO:colcon.colcon_core.shell:Creating environment hook '/home/kango/musia_ws/install/musia_msgs/share/musia_msgs/hook/pythonpath.sh'
[25.288s] Level 1:colcon.colcon_core.environment:checking '/home/kango/musia_ws/install/musia_msgs/bin'
[25.289s] INFO:colcon.colcon_core.shell:Creating package script '/home/kango/musia_ws/install/musia_msgs/share/musia_msgs/package.ps1'
[25.290s] INFO:colcon.colcon_core.shell:Creating package descriptor '/home/kango/musia_ws/install/musia_msgs/share/musia_msgs/package.dsv'
[25.291s] INFO:colcon.colcon_core.shell:Creating package script '/home/kango/musia_ws/install/musia_msgs/share/musia_msgs/package.sh'
[25.294s] INFO:colcon.colcon_core.shell:Creating package script '/home/kango/musia_ws/install/musia_msgs/share/musia_msgs/package.bash'
[25.295s] INFO:colcon.colcon_core.shell:Creating package script '/home/kango/musia_ws/install/musia_msgs/share/musia_msgs/package.zsh'
[25.296s] Level 1:colcon.colcon_core.environment:create_file_with_runtime_dependencies(/home/kango/musia_ws/install/musia_msgs/share/colcon-core/packages/musia_msgs)
[25.296s] Level 1:colcon.colcon_core.environment:create_environment_scripts_only(musia_msgs)
[25.297s] Level 1:colcon.colcon_core.environment:checking '/home/kango/musia_ws/install/musia_msgs' for CMake module files
[25.298s] Level 1:colcon.colcon_core.environment:checking '/home/kango/musia_ws/install/musia_msgs' for CMake config files
[25.299s] Level 1:colcon.colcon_core.shell:create_environment_hook('musia_msgs', 'cmake_prefix_path')
[25.299s] INFO:colcon.colcon_core.shell:Creating environment hook '/home/kango/musia_ws/install/musia_msgs/share/musia_msgs/hook/cmake_prefix_path.ps1'
[25.299s] INFO:colcon.colcon_core.shell:Creating environment descriptor '/home/kango/musia_ws/install/musia_msgs/share/musia_msgs/hook/cmake_prefix_path.dsv'
[25.300s] INFO:colcon.colcon_core.shell:Creating environment hook '/home/kango/musia_ws/install/musia_msgs/share/musia_msgs/hook/cmake_prefix_path.sh'
[25.301s] Level 1:colcon.colcon_core.environment:checking '/home/kango/musia_ws/install/musia_msgs/lib'
[25.302s] Level 1:colcon.colcon_core.shell:create_environment_hook('musia_msgs', 'ld_library_path_lib')
[25.302s] INFO:colcon.colcon_core.shell:Creating environment hook '/home/kango/musia_ws/install/musia_msgs/share/musia_msgs/hook/ld_library_path_lib.ps1'
[25.302s] INFO:colcon.colcon_core.shell:Creating environment descriptor '/home/kango/musia_ws/install/musia_msgs/share/musia_msgs/hook/ld_library_path_lib.dsv'
[25.303s] INFO:colcon.colcon_core.shell:Creating environment hook '/home/kango/musia_ws/install/musia_msgs/share/musia_msgs/hook/ld_library_path_lib.sh'
[25.304s] Level 1:colcon.colcon_core.environment:checking '/home/kango/musia_ws/install/musia_msgs/bin'
[25.304s] Level 1:colcon.colcon_core.environment:checking '/home/kango/musia_ws/install/musia_msgs/lib/pkgconfig/musia_msgs.pc'
[25.304s] Level 1:colcon.colcon_core.environment:checking '/home/kango/musia_ws/install/musia_msgs/lib/python3.12/site-packages'
[25.304s] Level 1:colcon.colcon_core.shell:create_environment_hook('musia_msgs', 'pythonpath')
[25.304s] INFO:colcon.colcon_core.shell:Creating environment hook '/home/kango/musia_ws/install/musia_msgs/share/musia_msgs/hook/pythonpath.ps1'
[25.305s] INFO:colcon.colcon_core.shell:Creating environment descriptor '/home/kango/musia_ws/install/musia_msgs/share/musia_msgs/hook/pythonpath.dsv'
[25.306s] INFO:colcon.colcon_core.shell:Creating environment hook '/home/kango/musia_ws/install/musia_msgs/share/musia_msgs/hook/pythonpath.sh'
[25.307s] Level 1:colcon.colcon_core.environment:checking '/home/kango/musia_ws/install/musia_msgs/bin'
[25.307s] INFO:colcon.colcon_core.shell:Creating package script '/home/kango/musia_ws/install/musia_msgs/share/musia_msgs/package.ps1'
[25.308s] INFO:colcon.colcon_core.shell:Creating package descriptor '/home/kango/musia_ws/install/musia_msgs/share/musia_msgs/package.dsv'
[25.309s] INFO:colcon.colcon_core.shell:Creating package script '/home/kango/musia_ws/install/musia_msgs/share/musia_msgs/package.sh'
[25.310s] INFO:colcon.colcon_core.shell:Creating package script '/home/kango/musia_ws/install/musia_msgs/share/musia_msgs/package.bash'
[25.310s] INFO:colcon.colcon_core.shell:Creating package script '/home/kango/musia_ws/install/musia_msgs/share/musia_msgs/package.zsh'
[25.311s] Level 1:colcon.colcon_core.environment:create_file_with_runtime_dependencies(/home/kango/musia_ws/install/musia_msgs/share/colcon-core/packages/musia_msgs)
[25.312s] DEBUG:colcon.colcon_parallel_executor.executor.parallel:closing loop
[25.312s] DEBUG:colcon.colcon_parallel_executor.executor.parallel:loop closed
[25.312s] DEBUG:colcon.colcon_parallel_executor.executor.parallel:run_until_complete finished with '0'
[25.312s] DEBUG:colcon.colcon_core.event_reactor:joining thread
[25.313s] DEBUG:colcon.colcon_core.event_reactor:joined thread
[25.313s] INFO:colcon.colcon_core.shell:Creating prefix script '/home/kango/musia_ws/install/local_setup.ps1'
[25.314s] INFO:colcon.colcon_core.shell:Creating prefix util module '/home/kango/musia_ws/install/_local_setup_util_ps1.py'
[25.316s] INFO:colcon.colcon_core.shell:Creating prefix chain script '/home/kango/musia_ws/install/setup.ps1'
[25.317s] INFO:colcon.colcon_core.shell:Creating prefix script '/home/kango/musia_ws/install/local_setup.sh'
[25.318s] INFO:colcon.colcon_core.shell:Creating prefix util module '/home/kango/musia_ws/install/_local_setup_util_sh.py'
[25.318s] INFO:colcon.colcon_core.shell:Creating prefix chain script '/home/kango/musia_ws/install/setup.sh'
[25.320s] INFO:colcon.colcon_core.shell:Creating prefix script '/home/kango/musia_ws/install/local_setup.bash'
[25.320s] INFO:colcon.colcon_core.shell:Creating prefix chain script '/home/kango/musia_ws/install/setup.bash'
[25.321s] INFO:colcon.colcon_core.shell:Creating prefix script '/home/kango/musia_ws/install/local_setup.zsh'
[25.322s] INFO:colcon.colcon_core.shell:Creating prefix chain script '/home/kango/musia_ws/install/setup.zsh'
