[0.247s] DEBUG:colcon:Command line arguments: ['/usr/bin/colcon', 'build', '--packages-select', 'ldlidar_stl_ros2']
[0.247s] DEBUG:colcon:Parsed command line arguments: Namespace(log_base=None, log_level=None, verb_name='build', build_base='build', install_base='install', merge_install=False, symlink_install=False, test_result_base=None, continue_on_error=False, executor='parallel', parallel_workers=4, event_handlers=None, ignore_user_meta=False, metas=['./colcon.meta'], base_paths=['.'], packages_ignore=None, packages_ignore_regex=None, paths=None, packages_up_to=None, packages_up_to_regex=None, packages_above=None, packages_above_and_dependencies=None, packages_above_depth=None, packages_select_by_dep=None, packages_skip_by_dep=None, packages_skip_up_to=None, packages_select_build_failed=False, packages_skip_build_finished=False, packages_select_test_failures=False, packages_skip_test_passed=False, packages_select=['ldlidar_stl_ros2'], packages_skip=None, packages_select_regex=None, packages_skip_regex=None, packages_start=None, packages_end=None, allow_overriding=[], cmake_args=None, cmake_target=None, cmake_target_skip_unavailable=False, cmake_clean_cache=False, cmake_clean_first=False, cmake_force_configure=False, ament_cmake_args=None, catkin_cmake_args=None, catkin_skip_building_tests=False, verb_parser=<colcon_defaults.argument_parser.defaults.DefaultArgumentsDecorator object at 0xffff960ac440>, verb_extension=<colcon_core.verb.build.BuildVerb object at 0xffff96397d10>, main=<bound method BuildVerb.main of <colcon_core.verb.build.BuildVerb object at 0xffff96397d10>>)
[0.354s] Level 1:colcon.colcon_core.package_discovery:discover_packages(colcon_meta) check parameters
[0.354s] Level 1:colcon.colcon_core.package_discovery:discover_packages(recursive) check parameters
[0.354s] Level 1:colcon.colcon_core.package_discovery:discover_packages(ignore) check parameters
[0.354s] Level 1:colcon.colcon_core.package_discovery:discover_packages(path) check parameters
[0.354s] Level 1:colcon.colcon_core.package_discovery:discover_packages(colcon_meta) discover
[0.354s] Level 1:colcon.colcon_core.package_discovery:discover_packages(recursive) discover
[0.354s] INFO:colcon.colcon_core.package_discovery:Crawling recursively for packages in '/home/kango/musia_ws'
[0.355s] Level 1:colcon.colcon_core.package_identification:_identify(.) by extensions ['ignore', 'ignore_ament_install']
[0.355s] Level 1:colcon.colcon_core.package_identification:_identify(.) by extension 'ignore'
[0.355s] Level 1:colcon.colcon_core.package_identification:_identify(.) by extension 'ignore_ament_install'
[0.355s] Level 1:colcon.colcon_core.package_identification:_identify(.) by extensions ['colcon_pkg']
[0.355s] Level 1:colcon.colcon_core.package_identification:_identify(.) by extension 'colcon_pkg'
[0.355s] Level 1:colcon.colcon_core.package_identification:_identify(.) by extensions ['colcon_meta']
[0.355s] Level 1:colcon.colcon_core.package_identification:_identify(.) by extension 'colcon_meta'
[0.355s] Level 1:colcon.colcon_core.package_identification:_identify(.) by extensions ['ros']
[0.355s] Level 1:colcon.colcon_core.package_identification:_identify(.) by extension 'ros'
[0.408s] Level 1:colcon.colcon_core.package_identification:_identify(.) by extensions ['cmake', 'python']
[0.408s] Level 1:colcon.colcon_core.package_identification:_identify(.) by extension 'cmake'
[0.408s] Level 1:colcon.colcon_core.package_identification:_identify(.) by extension 'python'
[0.408s] Level 1:colcon.colcon_core.package_identification:_identify(.) by extensions ['python_setup_py']
[0.408s] Level 1:colcon.colcon_core.package_identification:_identify(.) by extension 'python_setup_py'
[0.409s] Level 1:colcon.colcon_core.package_identification:_identify(build) by extensions ['ignore', 'ignore_ament_install']
[0.409s] Level 1:colcon.colcon_core.package_identification:_identify(build) by extension 'ignore'
[0.409s] Level 1:colcon.colcon_core.package_identification:_identify(build) ignored
[0.409s] Level 1:colcon.colcon_core.package_identification:_identify(install) by extensions ['ignore', 'ignore_ament_install']
[0.409s] Level 1:colcon.colcon_core.package_identification:_identify(install) by extension 'ignore'
[0.409s] Level 1:colcon.colcon_core.package_identification:_identify(install) ignored
[0.409s] Level 1:colcon.colcon_core.package_identification:_identify(log) by extensions ['ignore', 'ignore_ament_install']
[0.409s] Level 1:colcon.colcon_core.package_identification:_identify(log) by extension 'ignore'
[0.409s] Level 1:colcon.colcon_core.package_identification:_identify(log) ignored
[0.410s] Level 1:colcon.colcon_core.package_identification:_identify(src) by extensions ['ignore', 'ignore_ament_install']
[0.410s] Level 1:colcon.colcon_core.package_identification:_identify(src) by extension 'ignore'
[0.410s] Level 1:colcon.colcon_core.package_identification:_identify(src) by extension 'ignore_ament_install'
[0.410s] Level 1:colcon.colcon_core.package_identification:_identify(src) by extensions ['colcon_pkg']
[0.410s] Level 1:colcon.colcon_core.package_identification:_identify(src) by extension 'colcon_pkg'
[0.410s] Level 1:colcon.colcon_core.package_identification:_identify(src) by extensions ['colcon_meta']
[0.410s] Level 1:colcon.colcon_core.package_identification:_identify(src) by extension 'colcon_meta'
[0.410s] Level 1:colcon.colcon_core.package_identification:_identify(src) by extensions ['ros']
[0.410s] Level 1:colcon.colcon_core.package_identification:_identify(src) by extension 'ros'
[0.410s] Level 1:colcon.colcon_core.package_identification:_identify(src) by extensions ['cmake', 'python']
[0.410s] Level 1:colcon.colcon_core.package_identification:_identify(src) by extension 'cmake'
[0.410s] Level 1:colcon.colcon_core.package_identification:_identify(src) by extension 'python'
[0.410s] Level 1:colcon.colcon_core.package_identification:_identify(src) by extensions ['python_setup_py']
[0.410s] Level 1:colcon.colcon_core.package_identification:_identify(src) by extension 'python_setup_py'
[0.410s] Level 1:colcon.colcon_core.package_identification:_identify(src/ldlidar_stl_ros2) by extensions ['ignore', 'ignore_ament_install']
[0.410s] Level 1:colcon.colcon_core.package_identification:_identify(src/ldlidar_stl_ros2) by extension 'ignore'
[0.410s] Level 1:colcon.colcon_core.package_identification:_identify(src/ldlidar_stl_ros2) by extension 'ignore_ament_install'
[0.411s] Level 1:colcon.colcon_core.package_identification:_identify(src/ldlidar_stl_ros2) by extensions ['colcon_pkg']
[0.411s] Level 1:colcon.colcon_core.package_identification:_identify(src/ldlidar_stl_ros2) by extension 'colcon_pkg'
[0.411s] Level 1:colcon.colcon_core.package_identification:_identify(src/ldlidar_stl_ros2) by extensions ['colcon_meta']
[0.411s] Level 1:colcon.colcon_core.package_identification:_identify(src/ldlidar_stl_ros2) by extension 'colcon_meta'
[0.411s] Level 1:colcon.colcon_core.package_identification:_identify(src/ldlidar_stl_ros2) by extensions ['ros']
[0.411s] Level 1:colcon.colcon_core.package_identification:_identify(src/ldlidar_stl_ros2) by extension 'ros'
[0.418s] DEBUG:colcon.colcon_core.package_identification:Package 'src/ldlidar_stl_ros2' with type 'ros.ament_cmake' and name 'ldlidar_stl_ros2'
[0.418s] Level 1:colcon.colcon_core.package_identification:_identify(src/musia_arduino_bridge) by extensions ['ignore', 'ignore_ament_install']
[0.418s] Level 1:colcon.colcon_core.package_identification:_identify(src/musia_arduino_bridge) by extension 'ignore'
[0.418s] Level 1:colcon.colcon_core.package_identification:_identify(src/musia_arduino_bridge) by extension 'ignore_ament_install'
[0.418s] Level 1:colcon.colcon_core.package_identification:_identify(src/musia_arduino_bridge) by extensions ['colcon_pkg']
[0.418s] Level 1:colcon.colcon_core.package_identification:_identify(src/musia_arduino_bridge) by extension 'colcon_pkg'
[0.418s] Level 1:colcon.colcon_core.package_identification:_identify(src/musia_arduino_bridge) by extensions ['colcon_meta']
[0.418s] Level 1:colcon.colcon_core.package_identification:_identify(src/musia_arduino_bridge) by extension 'colcon_meta'
[0.419s] Level 1:colcon.colcon_core.package_identification:_identify(src/musia_arduino_bridge) by extensions ['ros']
[0.419s] Level 1:colcon.colcon_core.package_identification:_identify(src/musia_arduino_bridge) by extension 'ros'
[0.420s] DEBUG:colcon.colcon_core.package_identification:Package 'src/musia_arduino_bridge' with type 'ros.ament_python' and name 'musia_arduino_bridge'
[0.421s] Level 1:colcon.colcon_core.package_identification:_identify(src/musia_bringup) by extensions ['ignore', 'ignore_ament_install']
[0.421s] Level 1:colcon.colcon_core.package_identification:_identify(src/musia_bringup) by extension 'ignore'
[0.421s] Level 1:colcon.colcon_core.package_identification:_identify(src/musia_bringup) by extension 'ignore_ament_install'
[0.421s] Level 1:colcon.colcon_core.package_identification:_identify(src/musia_bringup) by extensions ['colcon_pkg']
[0.421s] Level 1:colcon.colcon_core.package_identification:_identify(src/musia_bringup) by extension 'colcon_pkg'
[0.421s] Level 1:colcon.colcon_core.package_identification:_identify(src/musia_bringup) by extensions ['colcon_meta']
[0.421s] Level 1:colcon.colcon_core.package_identification:_identify(src/musia_bringup) by extension 'colcon_meta'
[0.421s] Level 1:colcon.colcon_core.package_identification:_identify(src/musia_bringup) by extensions ['ros']
[0.421s] Level 1:colcon.colcon_core.package_identification:_identify(src/musia_bringup) by extension 'ros'
[0.422s] DEBUG:colcon.colcon_core.package_identification:Package 'src/musia_bringup' with type 'ros.ament_cmake' and name 'musia_bringup'
[0.423s] Level 1:colcon.colcon_core.package_identification:_identify(src/musia_msgs) by extensions ['ignore', 'ignore_ament_install']
[0.423s] Level 1:colcon.colcon_core.package_identification:_identify(src/musia_msgs) by extension 'ignore'
[0.423s] Level 1:colcon.colcon_core.package_identification:_identify(src/musia_msgs) by extension 'ignore_ament_install'
[0.423s] Level 1:colcon.colcon_core.package_identification:_identify(src/musia_msgs) by extensions ['colcon_pkg']
[0.423s] Level 1:colcon.colcon_core.package_identification:_identify(src/musia_msgs) by extension 'colcon_pkg'
[0.423s] Level 1:colcon.colcon_core.package_identification:_identify(src/musia_msgs) by extensions ['colcon_meta']
[0.423s] Level 1:colcon.colcon_core.package_identification:_identify(src/musia_msgs) by extension 'colcon_meta'
[0.423s] Level 1:colcon.colcon_core.package_identification:_identify(src/musia_msgs) by extensions ['ros']
[0.423s] Level 1:colcon.colcon_core.package_identification:_identify(src/musia_msgs) by extension 'ros'
[0.424s] DEBUG:colcon.colcon_core.package_identification:Package 'src/musia_msgs' with type 'ros.ament_cmake' and name 'musia_msgs'
[0.425s] Level 1:colcon.colcon_core.package_identification:_identify(src/musia_navigation) by extensions ['ignore', 'ignore_ament_install']
[0.425s] Level 1:colcon.colcon_core.package_identification:_identify(src/musia_navigation) by extension 'ignore'
[0.425s] Level 1:colcon.colcon_core.package_identification:_identify(src/musia_navigation) by extension 'ignore_ament_install'
[0.425s] Level 1:colcon.colcon_core.package_identification:_identify(src/musia_navigation) by extensions ['colcon_pkg']
[0.425s] Level 1:colcon.colcon_core.package_identification:_identify(src/musia_navigation) by extension 'colcon_pkg'
[0.425s] Level 1:colcon.colcon_core.package_identification:_identify(src/musia_navigation) by extensions ['colcon_meta']
[0.425s] Level 1:colcon.colcon_core.package_identification:_identify(src/musia_navigation) by extension 'colcon_meta'
[0.425s] Level 1:colcon.colcon_core.package_identification:_identify(src/musia_navigation) by extensions ['ros']
[0.425s] Level 1:colcon.colcon_core.package_identification:_identify(src/musia_navigation) by extension 'ros'
[0.426s] DEBUG:colcon.colcon_core.package_identification:Package 'src/musia_navigation' with type 'ros.ament_python' and name 'musia_navigation'
[0.427s] Level 1:colcon.colcon_core.package_identification:_identify(src/musia_tour_manager) by extensions ['ignore', 'ignore_ament_install']
[0.427s] Level 1:colcon.colcon_core.package_identification:_identify(src/musia_tour_manager) by extension 'ignore'
[0.427s] Level 1:colcon.colcon_core.package_identification:_identify(src/musia_tour_manager) by extension 'ignore_ament_install'
[0.427s] Level 1:colcon.colcon_core.package_identification:_identify(src/musia_tour_manager) by extensions ['colcon_pkg']
[0.427s] Level 1:colcon.colcon_core.package_identification:_identify(src/musia_tour_manager) by extension 'colcon_pkg'
[0.427s] Level 1:colcon.colcon_core.package_identification:_identify(src/musia_tour_manager) by extensions ['colcon_meta']
[0.427s] Level 1:colcon.colcon_core.package_identification:_identify(src/musia_tour_manager) by extension 'colcon_meta'
[0.427s] Level 1:colcon.colcon_core.package_identification:_identify(src/musia_tour_manager) by extensions ['ros']
[0.427s] Level 1:colcon.colcon_core.package_identification:_identify(src/musia_tour_manager) by extension 'ros'
[0.428s] DEBUG:colcon.colcon_core.package_identification:Package 'src/musia_tour_manager' with type 'ros.ament_python' and name 'musia_tour_manager'
[0.428s] Level 1:colcon.colcon_core.package_identification:_identify(src/sllidar_ros2) by extensions ['ignore', 'ignore_ament_install']
[0.428s] Level 1:colcon.colcon_core.package_identification:_identify(src/sllidar_ros2) by extension 'ignore'
[0.428s] Level 1:colcon.colcon_core.package_identification:_identify(src/sllidar_ros2) by extension 'ignore_ament_install'
[0.428s] Level 1:colcon.colcon_core.package_identification:_identify(src/sllidar_ros2) by extensions ['colcon_pkg']
[0.428s] Level 1:colcon.colcon_core.package_identification:_identify(src/sllidar_ros2) by extension 'colcon_pkg'
[0.428s] Level 1:colcon.colcon_core.package_identification:_identify(src/sllidar_ros2) by extensions ['colcon_meta']
[0.429s] Level 1:colcon.colcon_core.package_identification:_identify(src/sllidar_ros2) by extension 'colcon_meta'
[0.429s] Level 1:colcon.colcon_core.package_identification:_identify(src/sllidar_ros2) by extensions ['ros']
[0.429s] Level 1:colcon.colcon_core.package_identification:_identify(src/sllidar_ros2) by extension 'ros'
[0.429s] DEBUG:colcon.colcon_core.package_identification:Package 'src/sllidar_ros2' with type 'ros.ament_cmake' and name 'sllidar_ros2'
[0.430s] Level 1:colcon.colcon_core.package_discovery:discover_packages(recursive) using defaults
[0.430s] Level 1:colcon.colcon_core.package_discovery:discover_packages(ignore) discover
[0.430s] Level 1:colcon.colcon_core.package_discovery:discover_packages(ignore) using defaults
[0.430s] Level 1:colcon.colcon_core.package_discovery:discover_packages(path) discover
[0.430s] Level 1:colcon.colcon_core.package_discovery:discover_packages(path) using defaults
[0.474s] INFO:colcon.colcon_core.package_selection:Skipping not selected package 'musia_arduino_bridge' in 'src/musia_arduino_bridge'
[0.474s] INFO:colcon.colcon_core.package_selection:Skipping not selected package 'musia_msgs' in 'src/musia_msgs'
[0.474s] INFO:colcon.colcon_core.package_selection:Skipping not selected package 'sllidar_ros2' in 'src/sllidar_ros2'
[0.474s] INFO:colcon.colcon_core.package_selection:Skipping not selected package 'musia_navigation' in 'src/musia_navigation'
[0.474s] INFO:colcon.colcon_core.package_selection:Skipping not selected package 'musia_tour_manager' in 'src/musia_tour_manager'
[0.474s] INFO:colcon.colcon_core.package_selection:Skipping not selected package 'musia_bringup' in 'src/musia_bringup'
[0.475s] Level 1:colcon.colcon_core.package_discovery:discover_packages(prefix_path) check parameters
[0.475s] Level 1:colcon.colcon_core.package_discovery:discover_packages(prefix_path) discover
[0.480s] DEBUG:colcon.colcon_installed_package_information.package_discovery:Found 6 installed packages in /home/kango/musia_ws/install
[0.483s] DEBUG:colcon.colcon_installed_package_information.package_discovery:Found 313 installed packages in /opt/ros/jazzy
[0.484s] Level 1:colcon.colcon_core.package_discovery:discover_packages(prefix_path) using defaults
[0.555s] Level 5:colcon.colcon_core.verb:set package 'ldlidar_stl_ros2' build argument 'cmake_args' from command line to 'None'
[0.555s] Level 5:colcon.colcon_core.verb:set package 'ldlidar_stl_ros2' build argument 'cmake_target' from command line to 'None'
[0.555s] Level 5:colcon.colcon_core.verb:set package 'ldlidar_stl_ros2' build argument 'cmake_target_skip_unavailable' from command line to 'False'
[0.555s] Level 5:colcon.colcon_core.verb:set package 'ldlidar_stl_ros2' build argument 'cmake_clean_cache' from command line to 'False'
[0.555s] Level 5:colcon.colcon_core.verb:set package 'ldlidar_stl_ros2' build argument 'cmake_clean_first' from command line to 'False'
[0.555s] Level 5:colcon.colcon_core.verb:set package 'ldlidar_stl_ros2' build argument 'cmake_force_configure' from command line to 'False'
[0.555s] Level 5:colcon.colcon_core.verb:set package 'ldlidar_stl_ros2' build argument 'ament_cmake_args' from command line to 'None'
[0.555s] Level 5:colcon.colcon_core.verb:set package 'ldlidar_stl_ros2' build argument 'catkin_cmake_args' from command line to 'None'
[0.555s] Level 5:colcon.colcon_core.verb:set package 'ldlidar_stl_ros2' build argument 'catkin_skip_building_tests' from command line to 'False'
[0.555s] DEBUG:colcon.colcon_core.verb:Building package 'ldlidar_stl_ros2' with the following arguments: {'ament_cmake_args': None, 'build_base': '/home/kango/musia_ws/build/ldlidar_stl_ros2', 'catkin_cmake_args': None, 'catkin_skip_building_tests': False, 'cmake_args': None, 'cmake_clean_cache': False, 'cmake_clean_first': False, 'cmake_force_configure': False, 'cmake_target': None, 'cmake_target_skip_unavailable': False, 'install_base': '/home/kango/musia_ws/install/ldlidar_stl_ros2', 'merge_install': False, 'path': '/home/kango/musia_ws/src/ldlidar_stl_ros2', 'symlink_install': False, 'test_result_base': None}
[0.555s] INFO:colcon.colcon_core.executor:Executing jobs using 'parallel' executor
[0.557s] DEBUG:colcon.colcon_parallel_executor.executor.parallel:run_until_complete
[0.557s] INFO:colcon.colcon_ros.task.ament_cmake.build:Building ROS package in '/home/kango/musia_ws/src/ldlidar_stl_ros2' with build type 'ament_cmake'
[0.557s] INFO:colcon.colcon_cmake.task.cmake.build:Building CMake package in '/home/kango/musia_ws/src/ldlidar_stl_ros2'
[0.564s] INFO:colcon.colcon_core.plugin_system:Skipping extension 'colcon_core.shell.bat': Not used on non-Windows systems
[0.565s] INFO:colcon.colcon_core.shell:Skip shell extension 'powershell' for command environment: Not usable outside of PowerShell
[0.565s] DEBUG:colcon.colcon_core.shell:Skip shell extension 'dsv' for command environment
[0.578s] DEBUG:colcon.colcon_core.event_handler.log_command:Invoking command in '/home/kango/musia_ws/build/ldlidar_stl_ros2': CMAKE_PREFIX_PATH=${CMAKE_PREFIX_PATH}:/home/kango/musia_ws/install/musia_tour_manager:/home/kango/musia_ws/install/musia_navigation:/home/kango/musia_ws/install/musia_arduino_bridge:/opt/ros/jazzy /usr/bin/cmake /home/kango/musia_ws/src/ldlidar_stl_ros2 -DCMAKE_INSTALL_PREFIX=/home/kango/musia_ws/install/ldlidar_stl_ros2
[3.823s] DEBUG:colcon.colcon_core.event_handler.log_command:Invoked command in '/home/kango/musia_ws/build/ldlidar_stl_ros2' returned '0': CMAKE_PREFIX_PATH=${CMAKE_PREFIX_PATH}:/home/kango/musia_ws/install/musia_tour_manager:/home/kango/musia_ws/install/musia_navigation:/home/kango/musia_ws/install/musia_arduino_bridge:/opt/ros/jazzy /usr/bin/cmake /home/kango/musia_ws/src/ldlidar_stl_ros2 -DCMAKE_INSTALL_PREFIX=/home/kango/musia_ws/install/ldlidar_stl_ros2
[3.825s] DEBUG:colcon.colcon_core.event_handler.log_command:Invoking command in '/home/kango/musia_ws/build/ldlidar_stl_ros2': CMAKE_PREFIX_PATH=${CMAKE_PREFIX_PATH}:/home/kango/musia_ws/install/musia_tour_manager:/home/kango/musia_ws/install/musia_navigation:/home/kango/musia_ws/install/musia_arduino_bridge:/opt/ros/jazzy /usr/bin/cmake --build /home/kango/musia_ws/build/ldlidar_stl_ros2 -- -j4 -l4
[12.013s] DEBUG:colcon.colcon_core.event_handler.log_command:Invoked command in '/home/kango/musia_ws/build/ldlidar_stl_ros2' returned '2': CMAKE_PREFIX_PATH=${CMAKE_PREFIX_PATH}:/home/kango/musia_ws/install/musia_tour_manager:/home/kango/musia_ws/install/musia_navigation:/home/kango/musia_ws/install/musia_arduino_bridge:/opt/ros/jazzy /usr/bin/cmake --build /home/kango/musia_ws/build/ldlidar_stl_ros2 -- -j4 -l4
[12.014s] Level 1:colcon.colcon_core.environment:create_environment_scripts_only(ldlidar_stl_ros2)
[12.023s] Level 1:colcon.colcon_core.environment:checking '/home/kango/musia_ws/install/ldlidar_stl_ros2' for CMake module files
[12.024s] Level 1:colcon.colcon_core.environment:checking '/home/kango/musia_ws/install/ldlidar_stl_ros2' for CMake config files
[12.025s] Level 1:colcon.colcon_core.environment:checking '/home/kango/musia_ws/install/ldlidar_stl_ros2/bin'
[12.025s] Level 1:colcon.colcon_core.environment:checking '/home/kango/musia_ws/install/ldlidar_stl_ros2/lib/pkgconfig/ldlidar_stl_ros2.pc'
[12.025s] Level 1:colcon.colcon_core.environment:checking '/home/kango/musia_ws/install/ldlidar_stl_ros2/lib/python3.12/site-packages'
[12.026s] Level 1:colcon.colcon_core.environment:checking '/home/kango/musia_ws/install/ldlidar_stl_ros2/bin'
[12.026s] INFO:colcon.colcon_core.shell:Creating package script '/home/kango/musia_ws/install/ldlidar_stl_ros2/share/ldlidar_stl_ros2/package.ps1'
[12.028s] INFO:colcon.colcon_core.shell:Creating package descriptor '/home/kango/musia_ws/install/ldlidar_stl_ros2/share/ldlidar_stl_ros2/package.dsv'
[12.029s] INFO:colcon.colcon_core.shell:Creating package script '/home/kango/musia_ws/install/ldlidar_stl_ros2/share/ldlidar_stl_ros2/package.sh'
[12.030s] INFO:colcon.colcon_core.shell:Creating package script '/home/kango/musia_ws/install/ldlidar_stl_ros2/share/ldlidar_stl_ros2/package.bash'
[12.032s] INFO:colcon.colcon_core.shell:Creating package script '/home/kango/musia_ws/install/ldlidar_stl_ros2/share/ldlidar_stl_ros2/package.zsh'
[12.033s] Level 1:colcon.colcon_core.environment:create_file_with_runtime_dependencies(/home/kango/musia_ws/install/ldlidar_stl_ros2/share/colcon-core/packages/ldlidar_stl_ros2)
[12.044s] DEBUG:colcon.colcon_parallel_executor.executor.parallel:closing loop
[12.044s] DEBUG:colcon.colcon_parallel_executor.executor.parallel:loop closed
[12.044s] DEBUG:colcon.colcon_parallel_executor.executor.parallel:run_until_complete finished with '2'
[12.044s] DEBUG:colcon.colcon_core.event_reactor:joining thread
[12.045s] DEBUG:colcon.colcon_core.event_reactor:joined thread
[12.045s] INFO:colcon.colcon_core.shell:Creating prefix script '/home/kango/musia_ws/install/local_setup.ps1'
[12.047s] INFO:colcon.colcon_core.shell:Creating prefix util module '/home/kango/musia_ws/install/_local_setup_util_ps1.py'
[12.051s] INFO:colcon.colcon_core.shell:Creating prefix chain script '/home/kango/musia_ws/install/setup.ps1'
[12.054s] INFO:colcon.colcon_core.shell:Creating prefix script '/home/kango/musia_ws/install/local_setup.sh'
[12.056s] INFO:colcon.colcon_core.shell:Creating prefix util module '/home/kango/musia_ws/install/_local_setup_util_sh.py'
[12.057s] INFO:colcon.colcon_core.shell:Creating prefix chain script '/home/kango/musia_ws/install/setup.sh'
[12.060s] INFO:colcon.colcon_core.shell:Creating prefix script '/home/kango/musia_ws/install/local_setup.bash'
[12.062s] INFO:colcon.colcon_core.shell:Creating prefix chain script '/home/kango/musia_ws/install/setup.bash'
[12.064s] INFO:colcon.colcon_core.shell:Creating prefix script '/home/kango/musia_ws/install/local_setup.zsh'
[12.066s] INFO:colcon.colcon_core.shell:Creating prefix chain script '/home/kango/musia_ws/install/setup.zsh'
