-- Install configuration: ""
-- Execute custom install script
-- Up-to-date symlink: /home/kango/musia_ws/install/musia_bringup/share/musia_bringup/launch/demo.launch.py
-- Up-to-date symlink: /home/kango/musia_ws/install/musia_bringup/share/musia_bringup/launch/musia.launch.py
-- Up-to-date symlink: /home/kango/musia_ws/install/musia_bringup/share/musia_bringup/launch/navigation.launch.py
-- Symlinking: /home/kango/musia_ws/install/musia_bringup/share/musia_bringup/config/ekf.yaml
-- Up-to-date symlink: /home/kango/musia_ws/install/musia_bringup/share/musia_bringup/config/musia_params.yaml
-- Up-to-date symlink: /home/kango/musia_ws/install/musia_bringup/share/musia_bringup/config/nav2_params.yaml
-- Up-to-date symlink: /home/kango/musia_ws/install/musia_bringup/share/musia_bringup/maps/famienkro.pgm
-- Up-to-date symlink: /home/kango/musia_ws/install/musia_bringup/share/musia_bringup/maps/famienkro.yaml
-- Up-to-date symlink: /home/kango/musia_ws/install/musia_bringup/share/ament_index/resource_index/package_run_dependencies/musia_bringup
-- Up-to-date symlink: /home/kango/musia_ws/install/musia_bringup/share/ament_index/resource_index/parent_prefix_path/musia_bringup
-- Up-to-date symlink: /home/kango/musia_ws/install/musia_bringup/share/musia_bringup/environment/ament_prefix_path.sh
-- Up-to-date symlink: /home/kango/musia_ws/install/musia_bringup/share/musia_bringup/environment/ament_prefix_path.dsv
-- Up-to-date symlink: /home/kango/musia_ws/install/musia_bringup/share/musia_bringup/environment/path.sh
-- Up-to-date symlink: /home/kango/musia_ws/install/musia_bringup/share/musia_bringup/environment/path.dsv
-- Up-to-date symlink: /home/kango/musia_ws/install/musia_bringup/share/musia_bringup/local_setup.bash
-- Up-to-date symlink: /home/kango/musia_ws/install/musia_bringup/share/musia_bringup/local_setup.sh
-- Up-to-date symlink: /home/kango/musia_ws/install/musia_bringup/share/musia_bringup/local_setup.zsh
-- Up-to-date symlink: /home/kango/musia_ws/install/musia_bringup/share/musia_bringup/local_setup.dsv
-- Symlinking: /home/kango/musia_ws/install/musia_bringup/share/musia_bringup/package.dsv
-- Up-to-date symlink: /home/kango/musia_ws/install/musia_bringup/share/ament_index/resource_index/packages/musia_bringup
-- Up-to-date symlink: /home/kango/musia_ws/install/musia_bringup/share/musia_bringup/cmake/musia_bringupConfig.cmake
-- Up-to-date symlink: /home/kango/musia_ws/install/musia_bringup/share/musia_bringup/cmake/musia_bringupConfig-version.cmake
-- Up-to-date symlink: /home/kango/musia_ws/install/musia_bringup/share/musia_bringup/package.xml
