running egg_info
writing ../../build/musia_tour_manager/musia_tour_manager.egg-info/PKG-INFO
writing dependency_links to ../../build/musia_tour_manager/musia_tour_manager.egg-info/dependency_links.txt
writing entry points to ../../build/musia_tour_manager/musia_tour_manager.egg-info/entry_points.txt
writing requirements to ../../build/musia_tour_manager/musia_tour_manager.egg-info/requires.txt
writing top-level names to ../../build/musia_tour_manager/musia_tour_manager.egg-info/top_level.txt
reading manifest file '../../build/musia_tour_manager/musia_tour_manager.egg-info/SOURCES.txt'
writing manifest file '../../build/musia_tour_manager/musia_tour_manager.egg-info/SOURCES.txt'
running build
running build_py
copying musia_tour_manager/tour_manager_node.py -> /home/kango/musia_ws/build/musia_tour_manager/build/lib/musia_tour_manager
running install
running install_lib
copying /home/kango/musia_ws/build/musia_tour_manager/build/lib/musia_tour_manager/tour_manager_node.py -> /home/kango/musia_ws/install/musia_tour_manager/lib/python3.12/site-packages/musia_tour_manager
byte-compiling /home/kango/musia_ws/install/musia_tour_manager/lib/python3.12/site-packages/musia_tour_manager/tour_manager_node.py to tour_manager_node.cpython-312.pyc
Sorry: TabError: inconsistent use of tabs and spaces in indentation (tour_manager_node.py, line 120)
running install_data
running install_egg_info
removing '/home/kango/musia_ws/install/musia_tour_manager/lib/python3.12/site-packages/musia_tour_manager-0.1.0-py3.12.egg-info' (and everything under it)
Copying ../../build/musia_tour_manager/musia_tour_manager.egg-info to /home/kango/musia_ws/install/musia_tour_manager/lib/python3.12/site-packages/musia_tour_manager-0.1.0-py3.12.egg-info
running install_scripts
Installing tour_manager_node script to /home/kango/musia_ws/install/musia_tour_manager/bin
writing list of installed files to '/home/kango/musia_ws/build/musia_tour_manager/install.log'
