[1.115s] Invoking command in '/home/kango/musia_ws/build/musia_tour_manager': PYTHONPATH=/home/kango/musia_ws/build/musia_tour_manager/prefix_override:/usr/lib/python3/dist-packages/colcon_core/task/python/colcon_distutils_commands:/home/kango/musia_ws/install/musia_tour_manager/lib/python3.12/site-packages:/home/kango/musia_ws/install/musia_msgs/lib/python3.12/site-packages:/home/kango/musia_ws/build/musia_tour_manager:/home/kango/musia_ws/build/musia_bringup:/home/kango/musia_ws/build/musia_arduino_bridge:/home/kango/musia_ws/install/musia_tour_manager/lib/python3.12/site-packages:/home/kango/musia_ws/install/musia_bringup/lib/python3.12/site-packages:/home/kango/musia_ws/install/musia_arduino_bridge/lib/python3.12/site-packages:/opt/ros/jazzy/lib/python3.12/site-packages /usr/bin/python3 -W ignore:setup.py install is deprecated -W ignore:easy_install command is deprecated setup.py develop --uninstall --editable --build-directory /home/kango/musia_ws/build/musia_tour_manager/build
[1.490s] running develop
[1.715s] Removing /home/kango/musia_ws/install/musia_tour_manager/lib/python3.12/site-packages/musia-tour-manager.egg-link (link to .)
[1.811s] Invoked command in '/home/kango/musia_ws/build/musia_tour_manager' returned '0': PYTHONPATH=/home/kango/musia_ws/build/musia_tour_manager/prefix_override:/usr/lib/python3/dist-packages/colcon_core/task/python/colcon_distutils_commands:/home/kango/musia_ws/install/musia_tour_manager/lib/python3.12/site-packages:/home/kango/musia_ws/install/musia_msgs/lib/python3.12/site-packages:/home/kango/musia_ws/build/musia_tour_manager:/home/kango/musia_ws/build/musia_bringup:/home/kango/musia_ws/build/musia_arduino_bridge:/home/kango/musia_ws/install/musia_tour_manager/lib/python3.12/site-packages:/home/kango/musia_ws/install/musia_bringup/lib/python3.12/site-packages:/home/kango/musia_ws/install/musia_arduino_bridge/lib/python3.12/site-packages:/opt/ros/jazzy/lib/python3.12/site-packages /usr/bin/python3 -W ignore:setup.py install is deprecated -W ignore:easy_install command is deprecated setup.py develop --uninstall --editable --build-directory /home/kango/musia_ws/build/musia_tour_manager/build
[1.812s] Invoking command in '/home/kango/musia_ws/src/musia_tour_manager': PYTHONPATH=/home/kango/musia_ws/build/musia_tour_manager/prefix_override:/usr/lib/python3/dist-packages/colcon_core/task/python/colcon_distutils_commands:/home/kango/musia_ws/install/musia_tour_manager/lib/python3.12/site-packages:/home/kango/musia_ws/install/musia_msgs/lib/python3.12/site-packages:/home/kango/musia_ws/build/musia_tour_manager:/home/kango/musia_ws/build/musia_bringup:/home/kango/musia_ws/build/musia_arduino_bridge:/home/kango/musia_ws/install/musia_tour_manager/lib/python3.12/site-packages:/home/kango/musia_ws/install/musia_bringup/lib/python3.12/site-packages:/home/kango/musia_ws/install/musia_arduino_bridge/lib/python3.12/site-packages:/opt/ros/jazzy/lib/python3.12/site-packages /usr/bin/python3 -W ignore:setup.py install is deprecated -W ignore:easy_install command is deprecated setup.py egg_info --egg-base ../../build/musia_tour_manager build --build-base /home/kango/musia_ws/build/musia_tour_manager/build install --record /home/kango/musia_ws/build/musia_tour_manager/install.log --single-version-externally-managed install_data --force
[2.140s] running egg_info
[2.161s] writing ../../build/musia_tour_manager/musia_tour_manager.egg-info/PKG-INFO
[2.162s] writing dependency_links to ../../build/musia_tour_manager/musia_tour_manager.egg-info/dependency_links.txt
[2.162s] writing entry points to ../../build/musia_tour_manager/musia_tour_manager.egg-info/entry_points.txt
[2.163s] writing requirements to ../../build/musia_tour_manager/musia_tour_manager.egg-info/requires.txt
[2.164s] writing top-level names to ../../build/musia_tour_manager/musia_tour_manager.egg-info/top_level.txt
[2.209s] reading manifest file '../../build/musia_tour_manager/musia_tour_manager.egg-info/SOURCES.txt'
[2.210s] writing manifest file '../../build/musia_tour_manager/musia_tour_manager.egg-info/SOURCES.txt'
[2.210s] running build
[2.211s] running build_py
[2.212s] running install
[2.222s] running install_lib
[2.245s] creating /home/kango/musia_ws/install/musia_tour_manager/lib/python3.12/site-packages/musia_tour_manager
[2.245s] copying /home/kango/musia_ws/build/musia_tour_manager/build/lib/musia_tour_manager/states.py -> /home/kango/musia_ws/install/musia_tour_manager/lib/python3.12/site-packages/musia_tour_manager
[2.246s] copying /home/kango/musia_ws/build/musia_tour_manager/build/lib/musia_tour_manager/__init__.py -> /home/kango/musia_ws/install/musia_tour_manager/lib/python3.12/site-packages/musia_tour_manager
[2.246s] copying /home/kango/musia_ws/build/musia_tour_manager/build/lib/musia_tour_manager/test_states.py -> /home/kango/musia_ws/install/musia_tour_manager/lib/python3.12/site-packages/musia_tour_manager
[2.246s] copying /home/kango/musia_ws/build/musia_tour_manager/build/lib/musia_tour_manager/tour_manager_node.py -> /home/kango/musia_ws/install/musia_tour_manager/lib/python3.12/site-packages/musia_tour_manager
[2.248s] byte-compiling /home/kango/musia_ws/install/musia_tour_manager/lib/python3.12/site-packages/musia_tour_manager/states.py to states.cpython-312.pyc
[2.249s] byte-compiling /home/kango/musia_ws/install/musia_tour_manager/lib/python3.12/site-packages/musia_tour_manager/__init__.py to __init__.cpython-312.pyc
[2.249s] byte-compiling /home/kango/musia_ws/install/musia_tour_manager/lib/python3.12/site-packages/musia_tour_manager/test_states.py to test_states.cpython-312.pyc
[2.251s] byte-compiling /home/kango/musia_ws/install/musia_tour_manager/lib/python3.12/site-packages/musia_tour_manager/tour_manager_node.py to tour_manager_node.cpython-312.pyc
[2.256s] running install_data
[2.256s] copying resource/musia_tour_manager -> /home/kango/musia_ws/install/musia_tour_manager/share/ament_index/resource_index/packages
[2.256s] copying package.xml -> /home/kango/musia_ws/install/musia_tour_manager/share/musia_tour_manager
[2.257s] running install_egg_info
[2.281s] Copying ../../build/musia_tour_manager/musia_tour_manager.egg-info to /home/kango/musia_ws/install/musia_tour_manager/lib/python3.12/site-packages/musia_tour_manager-0.1.0-py3.12.egg-info
[2.283s] running install_scripts
[2.440s] Installing tour_manager_node script to /home/kango/musia_ws/install/musia_tour_manager/bin
[2.441s] writing list of installed files to '/home/kango/musia_ws/build/musia_tour_manager/install.log'
[2.526s] Invoked command in '/home/kango/musia_ws/src/musia_tour_manager' returned '0': PYTHONPATH=/home/kango/musia_ws/build/musia_tour_manager/prefix_override:/usr/lib/python3/dist-packages/colcon_core/task/python/colcon_distutils_commands:/home/kango/musia_ws/install/musia_tour_manager/lib/python3.12/site-packages:/home/kango/musia_ws/install/musia_msgs/lib/python3.12/site-packages:/home/kango/musia_ws/build/musia_tour_manager:/home/kango/musia_ws/build/musia_bringup:/home/kango/musia_ws/build/musia_arduino_bridge:/home/kango/musia_ws/install/musia_tour_manager/lib/python3.12/site-packages:/home/kango/musia_ws/install/musia_bringup/lib/python3.12/site-packages:/home/kango/musia_ws/install/musia_arduino_bridge/lib/python3.12/site-packages:/opt/ros/jazzy/lib/python3.12/site-packages /usr/bin/python3 -W ignore:setup.py install is deprecated -W ignore:easy_install command is deprecated setup.py egg_info --egg-base ../../build/musia_tour_manager build --build-base /home/kango/musia_ws/build/musia_tour_manager/build install --record /home/kango/musia_ws/build/musia_tour_manager/install.log --single-version-externally-managed install_data --force
